[2026-05-12T21:55:42.561+0100][0.004s][info][gc] Using G1
[2026-05-12T21:55:42.561+0100][0.005s][info][gc,init] Version: 17.0.16+8-LTS (release)
[2026-05-12T21:55:42.561+0100][0.005s][info][gc,init] CPUs: 12 total, 12 available
[2026-05-12T21:55:42.561+0100][0.005s][info][gc,init] Memory: 24576M
[2026-05-12T21:55:42.561+0100][0.005s][info][gc,init] Large Page Support: Disabled
[2026-05-12T21:55:42.561+0100][0.005s][info][gc,init] NUMA Support: Disabled
[2026-05-12T21:55:42.561+0100][0.005s][info][gc,init] Compressed Oops: Enabled (Non-zero based)
[2026-05-12T21:55:42.561+0100][0.005s][info][gc,init] Heap Region Size: 4M
[2026-05-12T21:55:42.561+0100][0.005s][info][gc,init] Heap Min Capacity: 8M
[2026-05-12T21:55:42.561+0100][0.005s][info][gc,init] Heap Initial Capacity: 384M
[2026-05-12T21:55:42.561+0100][0.005s][info][gc,init] Heap Max Capacity: 6G
[2026-05-12T21:55:42.561+0100][0.005s][info][gc,init] Pre-touch: Disabled
[2026-05-12T21:55:42.561+0100][0.005s][info][gc,init] Parallel Workers: 10
[2026-05-12T21:55:42.561+0100][0.005s][info][gc,init] Concurrent Workers: 3
[2026-05-12T21:55:42.561+0100][0.005s][info][gc,init] Concurrent Refinement Workers: 10
[2026-05-12T21:55:42.561+0100][0.005s][info][gc,init] Periodic GC: Disabled
[2026-05-12T21:55:42.564+0100][0.007s][info][gc,metaspace] CDS archive(s) mapped at: [0x0000009800000000-0x0000009800bc0000-0x0000009800bc0000), size 12320768, SharedBaseAddress: 0x0000009800000000, ArchiveRelocationMode: 1.
[2026-05-12T21:55:42.564+0100][0.007s][info][gc,metaspace] Compressed class space mapped at: 0x0000009801000000-0x0000009841000000, reserved size: 1073741824
[2026-05-12T21:55:42.564+0100][0.007s][info][gc,metaspace] Narrow klass base: 0x0000009800000000, Narrow klass shift: 0, Narrow klass range: 0x100000000
[2026-05-12T21:55:42.612+0100][0.056s][info][gc,start    ] GC(0) Pause Young (Normal) (G1 Evacuation Pause)
[2026-05-12T21:55:42.613+0100][0.056s][info][gc,task     ] GC(0) Using 9 workers of 10 for evacuation
[2026-05-12T21:55:42.615+0100][0.058s][info][gc,phases   ] GC(0)   Pre Evacuate Collection Set: 0.0ms
[2026-05-12T21:55:42.615+0100][0.058s][info][gc,phases   ] GC(0)   Merge Heap Roots: 0.0ms
[2026-05-12T21:55:42.615+0100][0.058s][info][gc,phases   ] GC(0)   Evacuate Collection Set: 2.3ms
[2026-05-12T21:55:42.615+0100][0.058s][info][gc,phases   ] GC(0)   Post Evacuate Collection Set: 0.1ms
[2026-05-12T21:55:42.615+0100][0.058s][info][gc,phases   ] GC(0)   Other: 0.3ms
[2026-05-12T21:55:42.615+0100][0.058s][info][gc,heap     ] GC(0) Eden regions: 5->0(3)
[2026-05-12T21:55:42.615+0100][0.058s][info][gc,heap     ] GC(0) Survivor regions: 0->1(1)
[2026-05-12T21:55:42.615+0100][0.059s][info][gc,heap     ] GC(0) Old regions: 0->3
[2026-05-12T21:55:42.615+0100][0.059s][info][gc,heap     ] GC(0) Archive regions: 2->2
[2026-05-12T21:55:42.615+0100][0.059s][info][gc,heap     ] GC(0) Humongous regions: 0->0
[2026-05-12T21:55:42.615+0100][0.059s][info][gc,metaspace] GC(0) Metaspace: 1769K(1920K)->1769K(1920K) NonClass: 1601K(1664K)->1601K(1664K) Class: 167K(256K)->167K(256K)
[2026-05-12T21:55:42.615+0100][0.059s][info][gc          ] GC(0) Pause Young (Normal) (G1 Evacuation Pause) 23M->16M(392M) 2.842ms
[2026-05-12T21:55:42.615+0100][0.059s][info][gc,cpu      ] GC(0) User=0.01s Sys=0.01s Real=0.00s
[2026-05-12T21:55:42.617+0100][0.060s][info][gc,start    ] GC(1) Pause Young (Normal) (G1 Evacuation Pause)
[2026-05-12T21:55:42.617+0100][0.060s][info][gc,task     ] GC(1) Using 9 workers of 10 for evacuation
[2026-05-12T21:55:42.618+0100][0.062s][info][gc,phases   ] GC(1)   Pre Evacuate Collection Set: 0.0ms
[2026-05-12T21:55:42.618+0100][0.062s][info][gc,phases   ] GC(1)   Merge Heap Roots: 0.0ms
[2026-05-12T21:55:42.618+0100][0.062s][info][gc,phases   ] GC(1)   Evacuate Collection Set: 1.1ms
[2026-05-12T21:55:42.618+0100][0.062s][info][gc,phases   ] GC(1)   Post Evacuate Collection Set: 0.1ms
[2026-05-12T21:55:42.618+0100][0.062s][info][gc,phases   ] GC(1)   Other: 0.0ms
[2026-05-12T21:55:42.618+0100][0.062s][info][gc,heap     ] GC(1) Eden regions: 3->0(5)
[2026-05-12T21:55:42.618+0100][0.062s][info][gc,heap     ] GC(1) Survivor regions: 1->1(1)
[2026-05-12T21:55:42.618+0100][0.062s][info][gc,heap     ] GC(1) Old regions: 3->5
[2026-05-12T21:55:42.618+0100][0.062s][info][gc,heap     ] GC(1) Archive regions: 2->2
[2026-05-12T21:55:42.618+0100][0.062s][info][gc,heap     ] GC(1) Humongous regions: 0->0
[2026-05-12T21:55:42.618+0100][0.062s][info][gc,metaspace] GC(1) Metaspace: 1769K(1920K)->1769K(1920K) NonClass: 1602K(1664K)->1602K(1664K) Class: 167K(256K)->167K(256K)
[2026-05-12T21:55:42.618+0100][0.062s][info][gc          ] GC(1) Pause Young (Normal) (G1 Evacuation Pause) 28M->24M(392M) 1.354ms
[2026-05-12T21:55:42.618+0100][0.062s][info][gc,cpu      ] GC(1) User=0.00s Sys=0.00s Real=0.00s
[2026-05-12T21:55:42.621+0100][0.064s][info][gc,start    ] GC(2) Pause Young (Normal) (G1 Evacuation Pause)
[2026-05-12T21:55:42.621+0100][0.064s][info][gc,task     ] GC(2) Using 9 workers of 10 for evacuation
[2026-05-12T21:55:42.623+0100][0.066s][info][gc,phases   ] GC(2)   Pre Evacuate Collection Set: 0.0ms
[2026-05-12T21:55:42.623+0100][0.066s][info][gc,phases   ] GC(2)   Merge Heap Roots: 0.0ms
[2026-05-12T21:55:42.623+0100][0.066s][info][gc,phases   ] GC(2)   Evacuate Collection Set: 1.8ms
[2026-05-12T21:55:42.623+0100][0.066s][info][gc,phases   ] GC(2)   Post Evacuate Collection Set: 0.1ms
[2026-05-12T21:55:42.623+0100][0.066s][info][gc,phases   ] GC(2)   Other: 0.0ms
[2026-05-12T21:55:42.623+0100][0.066s][info][gc,heap     ] GC(2) Eden regions: 5->0(8)
[2026-05-12T21:55:42.623+0100][0.066s][info][gc,heap     ] GC(2) Survivor regions: 1->1(1)
[2026-05-12T21:55:42.623+0100][0.066s][info][gc,heap     ] GC(2) Old regions: 5->8
[2026-05-12T21:55:42.623+0100][0.066s][info][gc,heap     ] GC(2) Archive regions: 2->2
[2026-05-12T21:55:42.623+0100][0.066s][info][gc,heap     ] GC(2) Humongous regions: 0->0
[2026-05-12T21:55:42.623+0100][0.066s][info][gc,metaspace] GC(2) Metaspace: 1769K(1920K)->1769K(1920K) NonClass: 1602K(1664K)->1602K(1664K) Class: 167K(256K)->167K(256K)
[2026-05-12T21:55:42.623+0100][0.066s][info][gc          ] GC(2) Pause Young (Normal) (G1 Evacuation Pause) 44M->36M(392M) 2.021ms
[2026-05-12T21:55:42.623+0100][0.066s][info][gc,cpu      ] GC(2) User=0.01s Sys=0.00s Real=0.00s
[2026-05-12T21:55:42.631+0100][0.075s][info][gc,start    ] GC(3) Pause Full (System.gc())
[2026-05-12T21:55:42.632+0100][0.075s][info][gc,task     ] GC(3) Using 8 workers of 10 for full compaction
[2026-05-12T21:55:42.632+0100][0.075s][info][gc,phases,start] GC(3) Phase 1: Mark live objects
[2026-05-12T21:55:42.633+0100][0.077s][info][gc,phases      ] GC(3) Phase 1: Mark live objects 1.832ms
[2026-05-12T21:55:42.633+0100][0.077s][info][gc,phases,start] GC(3) Phase 2: Prepare for compaction
[2026-05-12T21:55:42.634+0100][0.078s][info][gc,phases      ] GC(3) Phase 2: Prepare for compaction 0.857ms
[2026-05-12T21:55:42.634+0100][0.078s][info][gc,phases,start] GC(3) Phase 3: Adjust pointers
[2026-05-12T21:55:42.635+0100][0.078s][info][gc,phases      ] GC(3) Phase 3: Adjust pointers 0.908ms
[2026-05-12T21:55:42.635+0100][0.078s][info][gc,phases,start] GC(3) Phase 4: Compact heap
[2026-05-12T21:55:42.636+0100][0.079s][info][gc,phases      ] GC(3) Phase 4: Compact heap 0.848ms
[2026-05-12T21:55:42.637+0100][0.080s][info][gc,heap        ] GC(3) Eden regions: 4->0(9)
[2026-05-12T21:55:42.637+0100][0.080s][info][gc,heap        ] GC(3) Survivor regions: 1->0(1)
[2026-05-12T21:55:42.637+0100][0.080s][info][gc,heap        ] GC(3) Old regions: 8->13
[2026-05-12T21:55:42.637+0100][0.080s][info][gc,heap        ] GC(3) Archive regions: 2->2
[2026-05-12T21:55:42.637+0100][0.080s][info][gc,heap        ] GC(3) Humongous regions: 0->0
[2026-05-12T21:55:42.637+0100][0.080s][info][gc,metaspace   ] GC(3) Metaspace: 2053K(2176K)->2053K(2176K) NonClass: 1844K(1920K)->1844K(1920K) Class: 208K(256K)->208K(256K)
[2026-05-12T21:55:42.637+0100][0.080s][info][gc             ] GC(3) Pause Full (System.gc()) 50M->42M(200M) 5.315ms
[2026-05-12T21:55:42.637+0100][0.080s][info][gc,cpu         ] GC(3) User=0.02s Sys=0.01s Real=0.00s
[2026-05-12T21:55:42.804+0100][0.247s][info][gc,start       ] GC(4) Pause Full (System.gc())
[2026-05-12T21:55:42.804+0100][0.247s][info][gc,task        ] GC(4) Using 4 workers of 10 for full compaction
[2026-05-12T21:55:42.804+0100][0.247s][info][gc,phases,start] GC(4) Phase 1: Mark live objects
[2026-05-12T21:55:42.807+0100][0.250s][info][gc,phases      ] GC(4) Phase 1: Mark live objects 3.181ms
[2026-05-12T21:55:42.807+0100][0.250s][info][gc,phases,start] GC(4) Phase 2: Prepare for compaction
[2026-05-12T21:55:42.808+0100][0.251s][info][gc,phases      ] GC(4) Phase 2: Prepare for compaction 0.594ms
[2026-05-12T21:55:42.808+0100][0.251s][info][gc,phases,start] GC(4) Phase 3: Adjust pointers
[2026-05-12T21:55:42.809+0100][0.252s][info][gc,phases      ] GC(4) Phase 3: Adjust pointers 1.419ms
[2026-05-12T21:55:42.809+0100][0.252s][info][gc,phases,start] GC(4) Phase 4: Compact heap
[2026-05-12T21:55:42.810+0100][0.253s][info][gc,phases      ] GC(4) Phase 4: Compact heap 0.932ms
[2026-05-12T21:55:42.810+0100][0.253s][info][gc,heap        ] GC(4) Eden regions: 5->0(8)
[2026-05-12T21:55:42.810+0100][0.253s][info][gc,heap        ] GC(4) Survivor regions: 0->0(1)
[2026-05-12T21:55:42.810+0100][0.254s][info][gc,heap        ] GC(4) Old regions: 13->11
[2026-05-12T21:55:42.810+0100][0.254s][info][gc,heap        ] GC(4) Archive regions: 2->2
[2026-05-12T21:55:42.810+0100][0.254s][info][gc,heap        ] GC(4) Humongous regions: 0->0
[2026-05-12T21:55:42.810+0100][0.254s][info][gc,metaspace   ] GC(4) Metaspace: 2280K(2496K)->2280K(2496K) NonClass: 2045K(2176K)->2045K(2176K) Class: 235K(320K)->235K(320K)
[2026-05-12T21:55:42.810+0100][0.254s][info][gc             ] GC(4) Pause Full (System.gc()) 58M->42M(176M) 6.547ms
[2026-05-12T21:55:42.810+0100][0.254s][info][gc,cpu         ] GC(4) User=0.02s Sys=0.00s Real=0.01s
[2026-05-12T21:55:42.868+0100][0.312s][info][gc,start       ] GC(5) Pause Full (System.gc())
[2026-05-12T21:55:42.868+0100][0.312s][info][gc,task        ] GC(5) Using 4 workers of 10 for full compaction
[2026-05-12T21:55:42.868+0100][0.312s][info][gc,phases,start] GC(5) Phase 1: Mark live objects
[2026-05-12T21:55:42.872+0100][0.315s][info][gc,phases      ] GC(5) Phase 1: Mark live objects 3.783ms
[2026-05-12T21:55:42.872+0100][0.316s][info][gc,phases,start] GC(5) Phase 2: Prepare for compaction
[2026-05-12T21:55:42.873+0100][0.316s][info][gc,phases      ] GC(5) Phase 2: Prepare for compaction 0.605ms
[2026-05-12T21:55:42.873+0100][0.316s][info][gc,phases,start] GC(5) Phase 3: Adjust pointers
[2026-05-12T21:55:42.874+0100][0.318s][info][gc,phases      ] GC(5) Phase 3: Adjust pointers 1.567ms
[2026-05-12T21:55:42.874+0100][0.318s][info][gc,phases,start] GC(5) Phase 4: Compact heap
[2026-05-12T21:55:42.875+0100][0.318s][info][gc,phases      ] GC(5) Phase 4: Compact heap 0.256ms
[2026-05-12T21:55:42.875+0100][0.318s][info][gc,heap        ] GC(5) Eden regions: 4->0(8)
[2026-05-12T21:55:42.875+0100][0.318s][info][gc,heap        ] GC(5) Survivor regions: 0->0(1)
[2026-05-12T21:55:42.875+0100][0.318s][info][gc,heap        ] GC(5) Old regions: 11->11
[2026-05-12T21:55:42.875+0100][0.318s][info][gc,heap        ] GC(5) Archive regions: 2->2
[2026-05-12T21:55:42.875+0100][0.318s][info][gc,heap        ] GC(5) Humongous regions: 0->0
[2026-05-12T21:55:42.875+0100][0.318s][info][gc,metaspace   ] GC(5) Metaspace: 2289K(2496K)->2289K(2496K) NonClass: 2054K(2176K)->2054K(2176K) Class: 235K(320K)->235K(320K)
[2026-05-12T21:55:42.875+0100][0.318s][info][gc             ] GC(5) Pause Full (System.gc()) 58M->42M(176M) 6.509ms
[2026-05-12T21:55:42.875+0100][0.318s][info][gc,cpu         ] GC(5) User=0.02s Sys=0.00s Real=0.01s
[2026-05-12T21:55:42.935+0100][0.378s][info][gc,start       ] GC(6) Pause Full (System.gc())
[2026-05-12T21:55:42.935+0100][0.378s][info][gc,task        ] GC(6) Using 4 workers of 10 for full compaction
[2026-05-12T21:55:42.935+0100][0.378s][info][gc,phases,start] GC(6) Phase 1: Mark live objects
[2026-05-12T21:55:42.940+0100][0.383s][info][gc,phases      ] GC(6) Phase 1: Mark live objects 4.570ms
[2026-05-12T21:55:42.940+0100][0.383s][info][gc,phases,start] GC(6) Phase 2: Prepare for compaction
[2026-05-12T21:55:42.940+0100][0.383s][info][gc,phases      ] GC(6) Phase 2: Prepare for compaction 0.410ms
[2026-05-12T21:55:42.940+0100][0.383s][info][gc,phases,start] GC(6) Phase 3: Adjust pointers
[2026-05-12T21:55:42.942+0100][0.385s][info][gc,phases      ] GC(6) Phase 3: Adjust pointers 1.801ms
[2026-05-12T21:55:42.942+0100][0.385s][info][gc,phases,start] GC(6) Phase 4: Compact heap
[2026-05-12T21:55:42.942+0100][0.386s][info][gc,phases      ] GC(6) Phase 4: Compact heap 0.293ms
[2026-05-12T21:55:42.942+0100][0.386s][info][gc,heap        ] GC(6) Eden regions: 4->0(8)
[2026-05-12T21:55:42.942+0100][0.386s][info][gc,heap        ] GC(6) Survivor regions: 0->0(1)
[2026-05-12T21:55:42.942+0100][0.386s][info][gc,heap        ] GC(6) Old regions: 11->11
[2026-05-12T21:55:42.942+0100][0.386s][info][gc,heap        ] GC(6) Archive regions: 2->2
[2026-05-12T21:55:42.942+0100][0.386s][info][gc,heap        ] GC(6) Humongous regions: 0->0
[2026-05-12T21:55:42.942+0100][0.386s][info][gc,metaspace   ] GC(6) Metaspace: 2313K(2560K)->2313K(2560K) NonClass: 2077K(2240K)->2077K(2240K) Class: 235K(320K)->235K(320K)
[2026-05-12T21:55:42.942+0100][0.386s][info][gc             ] GC(6) Pause Full (System.gc()) 58M->42M(176M) 7.342ms
[2026-05-12T21:55:42.942+0100][0.386s][info][gc,cpu         ] GC(6) User=0.03s Sys=0.00s Real=0.01s
[2026-05-12T21:55:43.001+0100][0.444s][info][gc,start       ] GC(7) Pause Full (System.gc())
[2026-05-12T21:55:43.001+0100][0.444s][info][gc,task        ] GC(7) Using 4 workers of 10 for full compaction
[2026-05-12T21:55:43.001+0100][0.444s][info][gc,phases,start] GC(7) Phase 1: Mark live objects
[2026-05-12T21:55:43.005+0100][0.448s][info][gc,phases      ] GC(7) Phase 1: Mark live objects 3.602ms
[2026-05-12T21:55:43.005+0100][0.448s][info][gc,phases,start] GC(7) Phase 2: Prepare for compaction
[2026-05-12T21:55:43.005+0100][0.448s][info][gc,phases      ] GC(7) Phase 2: Prepare for compaction 0.334ms
[2026-05-12T21:55:43.005+0100][0.448s][info][gc,phases,start] GC(7) Phase 3: Adjust pointers
[2026-05-12T21:55:43.007+0100][0.450s][info][gc,phases      ] GC(7) Phase 3: Adjust pointers 1.571ms
[2026-05-12T21:55:43.007+0100][0.450s][info][gc,phases,start] GC(7) Phase 4: Compact heap
[2026-05-12T21:55:43.007+0100][0.450s][info][gc,phases      ] GC(7) Phase 4: Compact heap 0.250ms
[2026-05-12T21:55:43.007+0100][0.450s][info][gc,heap        ] GC(7) Eden regions: 4->0(8)
[2026-05-12T21:55:43.007+0100][0.450s][info][gc,heap        ] GC(7) Survivor regions: 0->0(1)
[2026-05-12T21:55:43.007+0100][0.450s][info][gc,heap        ] GC(7) Old regions: 11->11
[2026-05-12T21:55:43.007+0100][0.450s][info][gc,heap        ] GC(7) Archive regions: 2->2
[2026-05-12T21:55:43.007+0100][0.450s][info][gc,heap        ] GC(7) Humongous regions: 0->0
[2026-05-12T21:55:43.007+0100][0.450s][info][gc,metaspace   ] GC(7) Metaspace: 2322K(2560K)->2322K(2560K) NonClass: 2087K(2240K)->2087K(2240K) Class: 235K(320K)->235K(320K)
[2026-05-12T21:55:43.007+0100][0.450s][info][gc             ] GC(7) Pause Full (System.gc()) 55M->42M(176M) 6.038ms
[2026-05-12T21:55:43.007+0100][0.450s][info][gc,cpu         ] GC(7) User=0.02s Sys=0.00s Real=0.00s
[2026-05-12T21:55:43.066+0100][0.509s][info][gc,start       ] GC(8) Pause Full (System.gc())
[2026-05-12T21:55:43.066+0100][0.510s][info][gc,task        ] GC(8) Using 4 workers of 10 for full compaction
[2026-05-12T21:55:43.066+0100][0.510s][info][gc,phases,start] GC(8) Phase 1: Mark live objects
[2026-05-12T21:55:43.072+0100][0.515s][info][gc,phases      ] GC(8) Phase 1: Mark live objects 5.386ms
[2026-05-12T21:55:43.072+0100][0.515s][info][gc,phases,start] GC(8) Phase 2: Prepare for compaction
[2026-05-12T21:55:43.072+0100][0.515s][info][gc,phases      ] GC(8) Phase 2: Prepare for compaction 0.473ms
[2026-05-12T21:55:43.072+0100][0.515s][info][gc,phases,start] GC(8) Phase 3: Adjust pointers
[2026-05-12T21:55:43.074+0100][0.517s][info][gc,phases      ] GC(8) Phase 3: Adjust pointers 1.972ms
[2026-05-12T21:55:43.074+0100][0.517s][info][gc,phases,start] GC(8) Phase 4: Compact heap
[2026-05-12T21:55:43.075+0100][0.518s][info][gc,phases      ] GC(8) Phase 4: Compact heap 0.348ms
[2026-05-12T21:55:43.075+0100][0.518s][info][gc,heap        ] GC(8) Eden regions: 4->0(8)
[2026-05-12T21:55:43.075+0100][0.518s][info][gc,heap        ] GC(8) Survivor regions: 0->0(1)
[2026-05-12T21:55:43.075+0100][0.518s][info][gc,heap        ] GC(8) Old regions: 11->11
[2026-05-12T21:55:43.075+0100][0.518s][info][gc,heap        ] GC(8) Archive regions: 2->2
[2026-05-12T21:55:43.075+0100][0.518s][info][gc,heap        ] GC(8) Humongous regions: 0->0
[2026-05-12T21:55:43.075+0100][0.518s][info][gc,metaspace   ] GC(8) Metaspace: 2332K(2560K)->2332K(2560K) NonClass: 2097K(2240K)->2097K(2240K) Class: 235K(320K)->235K(320K)
[2026-05-12T21:55:43.075+0100][0.518s][info][gc             ] GC(8) Pause Full (System.gc()) 54M->42M(176M) 8.472ms
[2026-05-12T21:55:43.075+0100][0.518s][info][gc,cpu         ] GC(8) User=0.03s Sys=0.00s Real=0.01s
[2026-05-12T21:55:43.135+0100][0.578s][info][gc,start       ] GC(9) Pause Full (System.gc())
[2026-05-12T21:55:43.135+0100][0.578s][info][gc,task        ] GC(9) Using 4 workers of 10 for full compaction
[2026-05-12T21:55:43.135+0100][0.578s][info][gc,phases,start] GC(9) Phase 1: Mark live objects
[2026-05-12T21:55:43.141+0100][0.584s][info][gc,phases      ] GC(9) Phase 1: Mark live objects 5.565ms
[2026-05-12T21:55:43.141+0100][0.584s][info][gc,phases,start] GC(9) Phase 2: Prepare for compaction
[2026-05-12T21:55:43.141+0100][0.585s][info][gc,phases      ] GC(9) Phase 2: Prepare for compaction 0.467ms
[2026-05-12T21:55:43.141+0100][0.585s][info][gc,phases,start] GC(9) Phase 3: Adjust pointers
[2026-05-12T21:55:43.143+0100][0.587s][info][gc,phases      ] GC(9) Phase 3: Adjust pointers 2.132ms
[2026-05-12T21:55:43.143+0100][0.587s][info][gc,phases,start] GC(9) Phase 4: Compact heap
[2026-05-12T21:55:43.144+0100][0.587s][info][gc,phases      ] GC(9) Phase 4: Compact heap 0.351ms
[2026-05-12T21:55:43.144+0100][0.587s][info][gc,heap        ] GC(9) Eden regions: 4->0(8)
[2026-05-12T21:55:43.144+0100][0.587s][info][gc,heap        ] GC(9) Survivor regions: 0->0(1)
[2026-05-12T21:55:43.144+0100][0.587s][info][gc,heap        ] GC(9) Old regions: 11->11
[2026-05-12T21:55:43.144+0100][0.587s][info][gc,heap        ] GC(9) Archive regions: 2->2
[2026-05-12T21:55:43.144+0100][0.587s][info][gc,heap        ] GC(9) Humongous regions: 0->0
[2026-05-12T21:55:43.144+0100][0.587s][info][gc,metaspace   ] GC(9) Metaspace: 2338K(2560K)->2338K(2560K) NonClass: 2103K(2240K)->2103K(2240K) Class: 235K(320K)->235K(320K)
[2026-05-12T21:55:43.144+0100][0.587s][info][gc             ] GC(9) Pause Full (System.gc()) 58M->42M(176M) 8.833ms
[2026-05-12T21:55:43.144+0100][0.587s][info][gc,cpu         ] GC(9) User=0.03s Sys=0.00s Real=0.01s
[2026-05-12T21:55:43.206+0100][0.649s][info][gc,heap,exit   ] Heap
[2026-05-12T21:55:43.206+0100][0.649s][info][gc,heap,exit   ]  garbage-first heap   total 180224K, used 60212K [0x0000000a5a800000, 0x0000000bda800000)
[2026-05-12T21:55:43.206+0100][0.649s][info][gc,heap,exit   ]   region size 4096K, 5 young (20480K), 0 survivors (0K)
[2026-05-12T21:55:43.206+0100][0.649s][info][gc,heap,exit   ]  Metaspace       used 2428K, committed 2624K, reserved 1114112K
[2026-05-12T21:55:43.206+0100][0.649s][info][gc,heap,exit   ]   class space    used 241K, committed 320K, reserved 1048576K
