[2026-05-12T22:04:45.836+0100][0.004s][info][gc] Using G1
[2026-05-12T22:04:45.837+0100][0.004s][info][gc,init] Version: 17.0.16+8-LTS (release)
[2026-05-12T22:04:45.837+0100][0.004s][info][gc,init] CPUs: 12 total, 12 available
[2026-05-12T22:04:45.837+0100][0.004s][info][gc,init] Memory: 24576M
[2026-05-12T22:04:45.837+0100][0.004s][info][gc,init] Large Page Support: Disabled
[2026-05-12T22:04:45.837+0100][0.004s][info][gc,init] NUMA Support: Disabled
[2026-05-12T22:04:45.837+0100][0.004s][info][gc,init] Compressed Oops: Enabled (Non-zero based)
[2026-05-12T22:04:45.837+0100][0.004s][info][gc,init] Heap Region Size: 4M
[2026-05-12T22:04:45.837+0100][0.004s][info][gc,init] Heap Min Capacity: 8M
[2026-05-12T22:04:45.837+0100][0.004s][info][gc,init] Heap Initial Capacity: 384M
[2026-05-12T22:04:45.837+0100][0.004s][info][gc,init] Heap Max Capacity: 6G
[2026-05-12T22:04:45.837+0100][0.004s][info][gc,init] Pre-touch: Disabled
[2026-05-12T22:04:45.837+0100][0.004s][info][gc,init] Parallel Workers: 10
[2026-05-12T22:04:45.837+0100][0.004s][info][gc,init] Concurrent Workers: 3
[2026-05-12T22:04:45.837+0100][0.004s][info][gc,init] Concurrent Refinement Workers: 10
[2026-05-12T22:04:45.837+0100][0.004s][info][gc,init] Periodic GC: Disabled
[2026-05-12T22:04:45.839+0100][0.007s][info][gc,metaspace] CDS archive(s) mapped at: [0x000000a000000000-0x000000a000bc0000-0x000000a000bc0000), size 12320768, SharedBaseAddress: 0x000000a000000000, ArchiveRelocationMode: 1.
[2026-05-12T22:04:45.839+0100][0.007s][info][gc,metaspace] Compressed class space mapped at: 0x000000a001000000-0x000000a041000000, reserved size: 1073741824
[2026-05-12T22:04:45.839+0100][0.007s][info][gc,metaspace] Narrow klass base: 0x000000a000000000, Narrow klass shift: 0, Narrow klass range: 0x100000000
[2026-05-12T22:04:45.890+0100][0.058s][info][gc,start    ] GC(0) Pause Young (Normal) (G1 Evacuation Pause)
[2026-05-12T22:04:45.890+0100][0.058s][info][gc,task     ] GC(0) Using 9 workers of 10 for evacuation
[2026-05-12T22:04:45.893+0100][0.061s][info][gc,phases   ] GC(0)   Pre Evacuate Collection Set: 0.1ms
[2026-05-12T22:04:45.893+0100][0.061s][info][gc,phases   ] GC(0)   Merge Heap Roots: 0.0ms
[2026-05-12T22:04:45.893+0100][0.061s][info][gc,phases   ] GC(0)   Evacuate Collection Set: 2.3ms
[2026-05-12T22:04:45.893+0100][0.061s][info][gc,phases   ] GC(0)   Post Evacuate Collection Set: 0.1ms
[2026-05-12T22:04:45.893+0100][0.061s][info][gc,phases   ] GC(0)   Other: 0.3ms
[2026-05-12T22:04:45.893+0100][0.061s][info][gc,heap     ] GC(0) Eden regions: 5->0(3)
[2026-05-12T22:04:45.893+0100][0.061s][info][gc,heap     ] GC(0) Survivor regions: 0->1(1)
[2026-05-12T22:04:45.893+0100][0.061s][info][gc,heap     ] GC(0) Old regions: 0->3
[2026-05-12T22:04:45.893+0100][0.061s][info][gc,heap     ] GC(0) Archive regions: 2->2
[2026-05-12T22:04:45.893+0100][0.061s][info][gc,heap     ] GC(0) Humongous regions: 0->0
[2026-05-12T22:04:45.893+0100][0.061s][info][gc,metaspace] GC(0) Metaspace: 1772K(1984K)->1772K(1984K) NonClass: 1605K(1728K)->1605K(1728K) Class: 167K(256K)->167K(256K)
[2026-05-12T22:04:45.893+0100][0.061s][info][gc          ] GC(0) Pause Young (Normal) (G1 Evacuation Pause) 23M->16M(392M) 2.920ms
[2026-05-12T22:04:45.893+0100][0.061s][info][gc,cpu      ] GC(0) User=0.01s Sys=0.01s Real=0.00s
[2026-05-12T22:04:45.896+0100][0.063s][info][gc,start    ] GC(1) Pause Young (Normal) (G1 Evacuation Pause)
[2026-05-12T22:04:45.896+0100][0.063s][info][gc,task     ] GC(1) Using 9 workers of 10 for evacuation
[2026-05-12T22:04:45.897+0100][0.065s][info][gc,phases   ] GC(1)   Pre Evacuate Collection Set: 0.0ms
[2026-05-12T22:04:45.897+0100][0.065s][info][gc,phases   ] GC(1)   Merge Heap Roots: 0.0ms
[2026-05-12T22:04:45.897+0100][0.065s][info][gc,phases   ] GC(1)   Evacuate Collection Set: 1.3ms
[2026-05-12T22:04:45.897+0100][0.065s][info][gc,phases   ] GC(1)   Post Evacuate Collection Set: 0.1ms
[2026-05-12T22:04:45.897+0100][0.065s][info][gc,phases   ] GC(1)   Other: 0.1ms
[2026-05-12T22:04:45.897+0100][0.065s][info][gc,heap     ] GC(1) Eden regions: 3->0(5)
[2026-05-12T22:04:45.897+0100][0.065s][info][gc,heap     ] GC(1) Survivor regions: 1->1(1)
[2026-05-12T22:04:45.897+0100][0.065s][info][gc,heap     ] GC(1) Old regions: 3->5
[2026-05-12T22:04:45.897+0100][0.065s][info][gc,heap     ] GC(1) Archive regions: 2->2
[2026-05-12T22:04:45.897+0100][0.065s][info][gc,heap     ] GC(1) Humongous regions: 0->0
[2026-05-12T22:04:45.897+0100][0.065s][info][gc,metaspace] GC(1) Metaspace: 1773K(1984K)->1773K(1984K) NonClass: 1605K(1728K)->1605K(1728K) Class: 167K(256K)->167K(256K)
[2026-05-12T22:04:45.897+0100][0.065s][info][gc          ] GC(1) Pause Young (Normal) (G1 Evacuation Pause) 28M->24M(392M) 1.636ms
[2026-05-12T22:04:45.897+0100][0.065s][info][gc,cpu      ] GC(1) User=0.01s Sys=0.00s Real=0.00s
[2026-05-12T22:04:45.901+0100][0.069s][info][gc,start    ] GC(2) Pause Young (Normal) (G1 Evacuation Pause)
[2026-05-12T22:04:45.901+0100][0.069s][info][gc,task     ] GC(2) Using 9 workers of 10 for evacuation
[2026-05-12T22:04:45.904+0100][0.072s][info][gc,phases   ] GC(2)   Pre Evacuate Collection Set: 0.1ms
[2026-05-12T22:04:45.904+0100][0.072s][info][gc,phases   ] GC(2)   Merge Heap Roots: 0.0ms
[2026-05-12T22:04:45.904+0100][0.072s][info][gc,phases   ] GC(2)   Evacuate Collection Set: 2.4ms
[2026-05-12T22:04:45.904+0100][0.072s][info][gc,phases   ] GC(2)   Post Evacuate Collection Set: 0.1ms
[2026-05-12T22:04:45.904+0100][0.072s][info][gc,phases   ] GC(2)   Other: 0.1ms
[2026-05-12T22:04:45.904+0100][0.072s][info][gc,heap     ] GC(2) Eden regions: 5->0(8)
[2026-05-12T22:04:45.904+0100][0.072s][info][gc,heap     ] GC(2) Survivor regions: 1->1(1)
[2026-05-12T22:04:45.904+0100][0.072s][info][gc,heap     ] GC(2) Old regions: 5->8
[2026-05-12T22:04:45.904+0100][0.072s][info][gc,heap     ] GC(2) Archive regions: 2->2
[2026-05-12T22:04:45.904+0100][0.072s][info][gc,heap     ] GC(2) Humongous regions: 0->0
[2026-05-12T22:04:45.904+0100][0.072s][info][gc,metaspace] GC(2) Metaspace: 1773K(1984K)->1773K(1984K) NonClass: 1605K(1728K)->1605K(1728K) Class: 167K(256K)->167K(256K)
[2026-05-12T22:04:45.904+0100][0.072s][info][gc          ] GC(2) Pause Young (Normal) (G1 Evacuation Pause) 44M->36M(392M) 2.740ms
[2026-05-12T22:04:45.904+0100][0.072s][info][gc,cpu      ] GC(2) User=0.02s Sys=0.00s Real=0.00s
[2026-05-12T22:04:45.913+0100][0.081s][info][gc,start    ] GC(3) Pause Full (System.gc())
[2026-05-12T22:04:45.913+0100][0.081s][info][gc,task     ] GC(3) Using 8 workers of 10 for full compaction
[2026-05-12T22:04:45.914+0100][0.081s][info][gc,phases,start] GC(3) Phase 1: Mark live objects
[2026-05-12T22:04:45.916+0100][0.083s][info][gc,phases      ] GC(3) Phase 1: Mark live objects 2.177ms
[2026-05-12T22:04:45.916+0100][0.083s][info][gc,phases,start] GC(3) Phase 2: Prepare for compaction
[2026-05-12T22:04:45.917+0100][0.084s][info][gc,phases      ] GC(3) Phase 2: Prepare for compaction 0.965ms
[2026-05-12T22:04:45.917+0100][0.084s][info][gc,phases,start] GC(3) Phase 3: Adjust pointers
[2026-05-12T22:04:45.918+0100][0.085s][info][gc,phases      ] GC(3) Phase 3: Adjust pointers 1.003ms
[2026-05-12T22:04:45.918+0100][0.085s][info][gc,phases,start] GC(3) Phase 4: Compact heap
[2026-05-12T22:04:45.919+0100][0.086s][info][gc,phases      ] GC(3) Phase 4: Compact heap 0.984ms
[2026-05-12T22:04:45.919+0100][0.087s][info][gc,heap        ] GC(3) Eden regions: 4->0(9)
[2026-05-12T22:04:45.919+0100][0.087s][info][gc,heap        ] GC(3) Survivor regions: 1->0(1)
[2026-05-12T22:04:45.919+0100][0.087s][info][gc,heap        ] GC(3) Old regions: 8->12
[2026-05-12T22:04:45.919+0100][0.087s][info][gc,heap        ] GC(3) Archive regions: 2->2
[2026-05-12T22:04:45.919+0100][0.087s][info][gc,heap        ] GC(3) Humongous regions: 0->0
[2026-05-12T22:04:45.919+0100][0.087s][info][gc,metaspace   ] GC(3) Metaspace: 2056K(2176K)->2056K(2176K) NonClass: 1848K(1920K)->1848K(1920K) Class: 208K(256K)->208K(256K)
[2026-05-12T22:04:45.919+0100][0.087s][info][gc             ] GC(3) Pause Full (System.gc()) 50M->42M(188M) 6.008ms
[2026-05-12T22:04:45.919+0100][0.087s][info][gc,cpu         ] GC(3) User=0.03s Sys=0.00s Real=0.00s
[2026-05-12T22:04:46.023+0100][0.191s][info][gc,start       ] GC(4) Pause Full (System.gc())
[2026-05-12T22:04:46.023+0100][0.191s][info][gc,task        ] GC(4) Using 4 workers of 10 for full compaction
[2026-05-12T22:04:46.023+0100][0.191s][info][gc,phases,start] GC(4) Phase 1: Mark live objects
[2026-05-12T22:04:46.026+0100][0.194s][info][gc,phases      ] GC(4) Phase 1: Mark live objects 3.340ms
[2026-05-12T22:04:46.026+0100][0.194s][info][gc,phases,start] GC(4) Phase 2: Prepare for compaction
[2026-05-12T22:04:46.027+0100][0.194s][info][gc,phases      ] GC(4) Phase 2: Prepare for compaction 0.483ms
[2026-05-12T22:04:46.027+0100][0.194s][info][gc,phases,start] GC(4) Phase 3: Adjust pointers
[2026-05-12T22:04:46.028+0100][0.196s][info][gc,phases      ] GC(4) Phase 3: Adjust pointers 1.428ms
[2026-05-12T22:04:46.028+0100][0.196s][info][gc,phases,start] GC(4) Phase 4: Compact heap
[2026-05-12T22:04:46.029+0100][0.197s][info][gc,phases      ] GC(4) Phase 4: Compact heap 0.583ms
[2026-05-12T22:04:46.029+0100][0.197s][info][gc,heap        ] GC(4) Eden regions: 4->0(8)
[2026-05-12T22:04:46.029+0100][0.197s][info][gc,heap        ] GC(4) Survivor regions: 0->0(1)
[2026-05-12T22:04:46.029+0100][0.197s][info][gc,heap        ] GC(4) Old regions: 12->11
[2026-05-12T22:04:46.029+0100][0.197s][info][gc,heap        ] GC(4) Archive regions: 2->2
[2026-05-12T22:04:46.029+0100][0.197s][info][gc,heap        ] GC(4) Humongous regions: 0->0
[2026-05-12T22:04:46.029+0100][0.197s][info][gc,metaspace   ] GC(4) Metaspace: 2280K(2496K)->2280K(2496K) NonClass: 2044K(2176K)->2044K(2176K) Class: 235K(320K)->235K(320K)
[2026-05-12T22:04:46.029+0100][0.197s][info][gc             ] GC(4) Pause Full (System.gc()) 54M->42M(176M) 6.279ms
[2026-05-12T22:04:46.029+0100][0.197s][info][gc,cpu         ] GC(4) User=0.02s Sys=0.00s Real=0.00s
[2026-05-12T22:04:46.087+0100][0.254s][info][gc,start       ] GC(5) Pause Full (System.gc())
[2026-05-12T22:04:46.087+0100][0.254s][info][gc,task        ] GC(5) Using 4 workers of 10 for full compaction
[2026-05-12T22:04:46.087+0100][0.254s][info][gc,phases,start] GC(5) Phase 1: Mark live objects
[2026-05-12T22:04:46.090+0100][0.258s][info][gc,phases      ] GC(5) Phase 1: Mark live objects 3.757ms
[2026-05-12T22:04:46.090+0100][0.258s][info][gc,phases,start] GC(5) Phase 2: Prepare for compaction
[2026-05-12T22:04:46.091+0100][0.258s][info][gc,phases      ] GC(5) Phase 2: Prepare for compaction 0.362ms
[2026-05-12T22:04:46.091+0100][0.258s][info][gc,phases,start] GC(5) Phase 3: Adjust pointers
[2026-05-12T22:04:46.092+0100][0.260s][info][gc,phases      ] GC(5) Phase 3: Adjust pointers 1.612ms
[2026-05-12T22:04:46.092+0100][0.260s][info][gc,phases,start] GC(5) Phase 4: Compact heap
[2026-05-12T22:04:46.093+0100][0.260s][info][gc,phases      ] GC(5) Phase 4: Compact heap 0.271ms
[2026-05-12T22:04:46.093+0100][0.261s][info][gc,heap        ] GC(5) Eden regions: 3->0(8)
[2026-05-12T22:04:46.093+0100][0.261s][info][gc,heap        ] GC(5) Survivor regions: 0->0(1)
[2026-05-12T22:04:46.093+0100][0.261s][info][gc,heap        ] GC(5) Old regions: 11->11
[2026-05-12T22:04:46.093+0100][0.261s][info][gc,heap        ] GC(5) Archive regions: 2->2
[2026-05-12T22:04:46.093+0100][0.261s][info][gc,heap        ] GC(5) Humongous regions: 0->0
[2026-05-12T22:04:46.093+0100][0.261s][info][gc,metaspace   ] GC(5) Metaspace: 2282K(2496K)->2282K(2496K) NonClass: 2047K(2176K)->2047K(2176K) Class: 235K(320K)->235K(320K)
[2026-05-12T22:04:46.093+0100][0.261s][info][gc             ] GC(5) Pause Full (System.gc()) 54M->42M(176M) 6.344ms
[2026-05-12T22:04:46.093+0100][0.261s][info][gc,cpu         ] GC(5) User=0.03s Sys=0.00s Real=0.01s
[2026-05-12T22:04:46.151+0100][0.318s][info][gc,start       ] GC(6) Pause Full (System.gc())
[2026-05-12T22:04:46.151+0100][0.318s][info][gc,task        ] GC(6) Using 4 workers of 10 for full compaction
[2026-05-12T22:04:46.151+0100][0.318s][info][gc,phases,start] GC(6) Phase 1: Mark live objects
[2026-05-12T22:04:46.155+0100][0.323s][info][gc,phases      ] GC(6) Phase 1: Mark live objects 4.368ms
[2026-05-12T22:04:46.155+0100][0.323s][info][gc,phases,start] GC(6) Phase 2: Prepare for compaction
[2026-05-12T22:04:46.156+0100][0.323s][info][gc,phases      ] GC(6) Phase 2: Prepare for compaction 0.683ms
[2026-05-12T22:04:46.156+0100][0.323s][info][gc,phases,start] GC(6) Phase 3: Adjust pointers
[2026-05-12T22:04:46.158+0100][0.325s][info][gc,phases      ] GC(6) Phase 3: Adjust pointers 1.808ms
[2026-05-12T22:04:46.158+0100][0.325s][info][gc,phases,start] GC(6) Phase 4: Compact heap
[2026-05-12T22:04:46.158+0100][0.326s][info][gc,phases      ] GC(6) Phase 4: Compact heap 0.302ms
[2026-05-12T22:04:46.158+0100][0.326s][info][gc,heap        ] GC(6) Eden regions: 3->0(8)
[2026-05-12T22:04:46.158+0100][0.326s][info][gc,heap        ] GC(6) Survivor regions: 0->0(1)
[2026-05-12T22:04:46.158+0100][0.326s][info][gc,heap        ] GC(6) Old regions: 11->11
[2026-05-12T22:04:46.158+0100][0.326s][info][gc,heap        ] GC(6) Archive regions: 2->2
[2026-05-12T22:04:46.158+0100][0.326s][info][gc,heap        ] GC(6) Humongous regions: 0->0
[2026-05-12T22:04:46.158+0100][0.326s][info][gc,metaspace   ] GC(6) Metaspace: 2290K(2496K)->2290K(2496K) NonClass: 2055K(2176K)->2055K(2176K) Class: 235K(320K)->235K(320K)
[2026-05-12T22:04:46.158+0100][0.326s][info][gc             ] GC(6) Pause Full (System.gc()) 54M->42M(176M) 7.540ms
[2026-05-12T22:04:46.158+0100][0.326s][info][gc,cpu         ] GC(6) User=0.02s Sys=0.00s Real=0.00s
[2026-05-12T22:04:46.218+0100][0.386s][info][gc,start       ] GC(7) Pause Full (System.gc())
[2026-05-12T22:04:46.218+0100][0.386s][info][gc,task        ] GC(7) Using 4 workers of 10 for full compaction
[2026-05-12T22:04:46.218+0100][0.386s][info][gc,phases,start] GC(7) Phase 1: Mark live objects
[2026-05-12T22:04:46.224+0100][0.391s][info][gc,phases      ] GC(7) Phase 1: Mark live objects 5.338ms
[2026-05-12T22:04:46.224+0100][0.391s][info][gc,phases,start] GC(7) Phase 2: Prepare for compaction
[2026-05-12T22:04:46.224+0100][0.392s][info][gc,phases      ] GC(7) Phase 2: Prepare for compaction 0.450ms
[2026-05-12T22:04:46.224+0100][0.392s][info][gc,phases,start] GC(7) Phase 3: Adjust pointers
[2026-05-12T22:04:46.226+0100][0.394s][info][gc,phases      ] GC(7) Phase 3: Adjust pointers 1.946ms
[2026-05-12T22:04:46.226+0100][0.394s][info][gc,phases,start] GC(7) Phase 4: Compact heap
[2026-05-12T22:04:46.226+0100][0.394s][info][gc,phases      ] GC(7) Phase 4: Compact heap 0.321ms
[2026-05-12T22:04:46.227+0100][0.394s][info][gc,heap        ] GC(7) Eden regions: 3->0(8)
[2026-05-12T22:04:46.227+0100][0.394s][info][gc,heap        ] GC(7) Survivor regions: 0->0(1)
[2026-05-12T22:04:46.227+0100][0.394s][info][gc,heap        ] GC(7) Old regions: 11->11
[2026-05-12T22:04:46.227+0100][0.394s][info][gc,heap        ] GC(7) Archive regions: 2->2
[2026-05-12T22:04:46.227+0100][0.394s][info][gc,heap        ] GC(7) Humongous regions: 0->0
[2026-05-12T22:04:46.227+0100][0.394s][info][gc,metaspace   ] GC(7) Metaspace: 2296K(2496K)->2296K(2496K) NonClass: 2061K(2176K)->2061K(2176K) Class: 235K(320K)->235K(320K)
[2026-05-12T22:04:46.227+0100][0.394s][info][gc             ] GC(7) Pause Full (System.gc()) 54M->42M(176M) 8.363ms
[2026-05-12T22:04:46.227+0100][0.394s][info][gc,cpu         ] GC(7) User=0.03s Sys=0.00s Real=0.01s
[2026-05-12T22:04:46.285+0100][0.453s][info][gc,start       ] GC(8) Pause Full (System.gc())
[2026-05-12T22:04:46.285+0100][0.453s][info][gc,task        ] GC(8) Using 4 workers of 10 for full compaction
[2026-05-12T22:04:46.285+0100][0.453s][info][gc,phases,start] GC(8) Phase 1: Mark live objects
[2026-05-12T22:04:46.289+0100][0.456s][info][gc,phases      ] GC(8) Phase 1: Mark live objects 3.772ms
[2026-05-12T22:04:46.289+0100][0.457s][info][gc,phases,start] GC(8) Phase 2: Prepare for compaction
[2026-05-12T22:04:46.289+0100][0.457s][info][gc,phases      ] GC(8) Phase 2: Prepare for compaction 0.351ms
[2026-05-12T22:04:46.289+0100][0.457s][info][gc,phases,start] GC(8) Phase 3: Adjust pointers
[2026-05-12T22:04:46.291+0100][0.458s][info][gc,phases      ] GC(8) Phase 3: Adjust pointers 1.563ms
[2026-05-12T22:04:46.291+0100][0.458s][info][gc,phases,start] GC(8) Phase 4: Compact heap
[2026-05-12T22:04:46.291+0100][0.459s][info][gc,phases      ] GC(8) Phase 4: Compact heap 0.290ms
[2026-05-12T22:04:46.291+0100][0.459s][info][gc,heap        ] GC(8) Eden regions: 3->0(8)
[2026-05-12T22:04:46.291+0100][0.459s][info][gc,heap        ] GC(8) Survivor regions: 0->0(1)
[2026-05-12T22:04:46.291+0100][0.459s][info][gc,heap        ] GC(8) Old regions: 11->11
[2026-05-12T22:04:46.291+0100][0.459s][info][gc,heap        ] GC(8) Archive regions: 2->2
[2026-05-12T22:04:46.291+0100][0.459s][info][gc,heap        ] GC(8) Humongous regions: 0->0
[2026-05-12T22:04:46.291+0100][0.459s][info][gc,metaspace   ] GC(8) Metaspace: 2300K(2496K)->2300K(2496K) NonClass: 2065K(2176K)->2065K(2176K) Class: 235K(320K)->235K(320K)
[2026-05-12T22:04:46.291+0100][0.459s][info][gc             ] GC(8) Pause Full (System.gc()) 54M->42M(176M) 6.274ms
[2026-05-12T22:04:46.291+0100][0.459s][info][gc,cpu         ] GC(8) User=0.02s Sys=0.00s Real=0.01s
[2026-05-12T22:04:46.351+0100][0.519s][info][gc,start       ] GC(9) Pause Full (System.gc())
[2026-05-12T22:04:46.351+0100][0.519s][info][gc,task        ] GC(9) Using 4 workers of 10 for full compaction
[2026-05-12T22:04:46.351+0100][0.519s][info][gc,phases,start] GC(9) Phase 1: Mark live objects
[2026-05-12T22:04:46.355+0100][0.523s][info][gc,phases      ] GC(9) Phase 1: Mark live objects 4.255ms
[2026-05-12T22:04:46.355+0100][0.523s][info][gc,phases,start] GC(9) Phase 2: Prepare for compaction
[2026-05-12T22:04:46.356+0100][0.524s][info][gc,phases      ] GC(9) Phase 2: Prepare for compaction 0.803ms
[2026-05-12T22:04:46.356+0100][0.524s][info][gc,phases,start] GC(9) Phase 3: Adjust pointers
[2026-05-12T22:04:46.358+0100][0.525s][info][gc,phases      ] GC(9) Phase 3: Adjust pointers 1.795ms
[2026-05-12T22:04:46.358+0100][0.525s][info][gc,phases,start] GC(9) Phase 4: Compact heap
[2026-05-12T22:04:46.358+0100][0.526s][info][gc,phases      ] GC(9) Phase 4: Compact heap 0.287ms
[2026-05-12T22:04:46.358+0100][0.526s][info][gc,heap        ] GC(9) Eden regions: 3->0(8)
[2026-05-12T22:04:46.358+0100][0.526s][info][gc,heap        ] GC(9) Survivor regions: 0->0(1)
[2026-05-12T22:04:46.358+0100][0.526s][info][gc,heap        ] GC(9) Old regions: 11->11
[2026-05-12T22:04:46.358+0100][0.526s][info][gc,heap        ] GC(9) Archive regions: 2->2
[2026-05-12T22:04:46.358+0100][0.526s][info][gc,heap        ] GC(9) Humongous regions: 0->0
[2026-05-12T22:04:46.358+0100][0.526s][info][gc,metaspace   ] GC(9) Metaspace: 2319K(2560K)->2319K(2560K) NonClass: 2084K(2240K)->2084K(2240K) Class: 235K(320K)->235K(320K)
[2026-05-12T22:04:46.358+0100][0.526s][info][gc             ] GC(9) Pause Full (System.gc()) 54M->42M(176M) 7.490ms
[2026-05-12T22:04:46.358+0100][0.526s][info][gc,cpu         ] GC(9) User=0.03s Sys=0.01s Real=0.00s
[2026-05-12T22:04:46.419+0100][0.587s][info][gc,heap,exit   ] Heap
[2026-05-12T22:04:46.419+0100][0.587s][info][gc,heap,exit   ]  garbage-first heap   total 180224K, used 56182K [0x0000000a3c800000, 0x0000000bbc800000)
[2026-05-12T22:04:46.419+0100][0.587s][info][gc,heap,exit   ]   region size 4096K, 4 young (16384K), 0 survivors (0K)
[2026-05-12T22:04:46.419+0100][0.587s][info][gc,heap,exit   ]  Metaspace       used 2396K, committed 2624K, reserved 1114112K
[2026-05-12T22:04:46.419+0100][0.587s][info][gc,heap,exit   ]   class space    used 241K, committed 320K, reserved 1048576K
