[2026-05-12T14:13:43.146+0100][0.005s][info] Using G1
[2026-05-12T14:13:43.147+0100][0.005s][info] Version: 17.0.16+8-LTS (release)
[2026-05-12T14:13:43.147+0100][0.005s][info] CPUs: 12 total, 12 available
[2026-05-12T14:13:43.147+0100][0.005s][info] Memory: 24576M
[2026-05-12T14:13:43.147+0100][0.005s][info] Large Page Support: Disabled
[2026-05-12T14:13:43.147+0100][0.005s][info] NUMA Support: Disabled
[2026-05-12T14:13:43.147+0100][0.005s][info] Compressed Oops: Enabled (Zero based)
[2026-05-12T14:13:43.147+0100][0.005s][info] Heap Region Size: 1M
[2026-05-12T14:13:43.147+0100][0.005s][info] Heap Min Capacity: 512M
[2026-05-12T14:13:43.147+0100][0.005s][info] Heap Initial Capacity: 512M
[2026-05-12T14:13:43.147+0100][0.005s][info] Heap Max Capacity: 2G
[2026-05-12T14:13:43.147+0100][0.005s][info] Pre-touch: Disabled
[2026-05-12T14:13:43.147+0100][0.005s][info] Parallel Workers: 10
[2026-05-12T14:13:43.147+0100][0.005s][info] Concurrent Workers: 3
[2026-05-12T14:13:43.147+0100][0.005s][info] Concurrent Refinement Workers: 10
[2026-05-12T14:13:43.147+0100][0.005s][info] Periodic GC: Disabled
[2026-05-12T14:13:43.149+0100][0.008s][info] CDS archive(s) mapped at: [0x0000007000000000-0x0000007000bc0000-0x0000007000bc0000), size 12320768, SharedBaseAddress: 0x0000007000000000, ArchiveRelocationMode: 1.
[2026-05-12T14:13:43.149+0100][0.008s][info] Compressed class space mapped at: 0x0000007001000000-0x0000007041000000, reserved size: 1073741824
[2026-05-12T14:13:43.150+0100][0.008s][info] Narrow klass base: 0x0000007000000000, Narrow klass shift: 0, Narrow klass range: 0x100000000
[2026-05-12T14:13:43.207+0100][0.065s][info] GC(0) Pause Young (Normal) (G1 Evacuation Pause)
[2026-05-12T14:13:43.207+0100][0.066s][info] GC(0) Using 10 workers of 10 for evacuation
[2026-05-12T14:13:43.210+0100][0.069s][info] GC(0)   Pre Evacuate Collection Set: 0.1ms
[2026-05-12T14:13:43.210+0100][0.069s][info] GC(0)   Merge Heap Roots: 0.0ms
[2026-05-12T14:13:43.210+0100][0.069s][info] GC(0)   Evacuate Collection Set: 2.8ms
[2026-05-12T14:13:43.210+0100][0.069s][info] GC(0)   Post Evacuate Collection Set: 0.1ms
[2026-05-12T14:13:43.210+0100][0.069s][info] GC(0)   Other: 0.3ms
[2026-05-12T14:13:43.210+0100][0.069s][info] GC(0) Eden regions: 25->0(21)
[2026-05-12T14:13:43.210+0100][0.069s][info] GC(0) Survivor regions: 0->4(4)
[2026-05-12T14:13:43.210+0100][0.069s][info] GC(0) Old regions: 0->12
[2026-05-12T14:13:43.210+0100][0.069s][info] GC(0) Archive regions: 2->2
[2026-05-12T14:13:43.210+0100][0.069s][info] GC(0) Humongous regions: 2->2
[2026-05-12T14:13:43.210+0100][0.069s][info] GC(0) Metaspace: 1975K(2112K)->1975K(2112K) NonClass: 1790K(1856K)->1790K(1856K) Class: 184K(256K)->184K(256K)
[2026-05-12T14:13:43.210+0100][0.069s][info] GC(0) Pause Young (Normal) (G1 Evacuation Pause) 27M->18M(514M) 3.434ms
[2026-05-12T14:13:43.210+0100][0.069s][info] GC(0) User=0.01s Sys=0.01s Real=0.01s
[2026-05-12T14:13:43.213+0100][0.072s][info] GC(1) Pause Young (Normal) (G1 Evacuation Pause)
[2026-05-12T14:13:43.213+0100][0.072s][info] GC(1) Using 10 workers of 10 for evacuation
[2026-05-12T14:13:43.215+0100][0.074s][info] GC(1)   Pre Evacuate Collection Set: 0.0ms
[2026-05-12T14:13:43.215+0100][0.074s][info] GC(1)   Merge Heap Roots: 0.0ms
[2026-05-12T14:13:43.215+0100][0.074s][info] GC(1)   Evacuate Collection Set: 1.9ms
[2026-05-12T14:13:43.215+0100][0.074s][info] GC(1)   Post Evacuate Collection Set: 0.1ms
[2026-05-12T14:13:43.215+0100][0.074s][info] GC(1)   Other: 0.0ms
[2026-05-12T14:13:43.215+0100][0.074s][info] GC(1) Eden regions: 21->0(23)
[2026-05-12T14:13:43.215+0100][0.074s][info] GC(1) Survivor regions: 4->4(4)
[2026-05-12T14:13:43.215+0100][0.074s][info] GC(1) Old regions: 12->25
[2026-05-12T14:13:43.215+0100][0.074s][info] GC(1) Archive regions: 2->2
[2026-05-12T14:13:43.215+0100][0.074s][info] GC(1) Humongous regions: 2->2
[2026-05-12T14:13:43.215+0100][0.074s][info] GC(1) Metaspace: 1975K(2112K)->1975K(2112K) NonClass: 1791K(1856K)->1791K(1856K) Class: 184K(256K)->184K(256K)
[2026-05-12T14:13:43.215+0100][0.074s][info] GC(1) Pause Young (Normal) (G1 Evacuation Pause) 39M->31M(514M) 2.210ms
[2026-05-12T14:13:43.216+0100][0.074s][info] GC(1) User=0.01s Sys=0.01s Real=0.00s
[2026-05-12T14:13:43.225+0100][0.084s][info] GC(2) Pause Full (System.gc())
[2026-05-12T14:13:43.226+0100][0.084s][info] GC(2) Using 10 workers of 10 for full compaction
[2026-05-12T14:13:43.226+0100][0.084s][info] GC(2) Phase 1: Mark live objects
[2026-05-12T14:13:43.228+0100][0.086s][info] GC(2) Phase 1: Mark live objects 1.945ms
[2026-05-12T14:13:43.228+0100][0.086s][info] GC(2) Phase 2: Prepare for compaction
[2026-05-12T14:13:43.229+0100][0.087s][info] GC(2) Phase 2: Prepare for compaction 0.970ms
[2026-05-12T14:13:43.229+0100][0.087s][info] GC(2) Phase 3: Adjust pointers
[2026-05-12T14:13:43.229+0100][0.088s][info] GC(2) Phase 3: Adjust pointers 0.788ms
[2026-05-12T14:13:43.229+0100][0.088s][info] GC(2) Phase 4: Compact heap
[2026-05-12T14:13:43.231+0100][0.089s][info] GC(2) Phase 4: Compact heap 1.250ms
[2026-05-12T14:13:43.231+0100][0.090s][info] GC(2) Eden regions: 20->0(29)
[2026-05-12T14:13:43.231+0100][0.090s][info] GC(2) Survivor regions: 4->0(4)
[2026-05-12T14:13:43.231+0100][0.090s][info] GC(2) Old regions: 25->45
[2026-05-12T14:13:43.231+0100][0.090s][info] GC(2) Archive regions: 2->2
[2026-05-12T14:13:43.231+0100][0.090s][info] GC(2) Humongous regions: 2->0
[2026-05-12T14:13:43.231+0100][0.090s][info] GC(2) Metaspace: 2279K(2432K)->2279K(2432K) NonClass: 2052K(2112K)->2052K(2112K) Class: 227K(320K)->227K(320K)
[2026-05-12T14:13:43.231+0100][0.090s][info] GC(2) Pause Full (System.gc()) 50M->39M(512M) 6.034ms
[2026-05-12T14:13:43.232+0100][0.090s][info] GC(2) User=0.03s Sys=0.01s Real=0.01s
[2026-05-12T14:13:43.304+0100][0.163s][info] GC(3) Pause Full (System.gc())
[2026-05-12T14:13:43.304+0100][0.163s][info] GC(3) Using 10 workers of 10 for full compaction
[2026-05-12T14:13:43.304+0100][0.163s][info] GC(3) Phase 1: Mark live objects
[2026-05-12T14:13:43.307+0100][0.166s][info] GC(3) Phase 1: Mark live objects 2.674ms
[2026-05-12T14:13:43.307+0100][0.166s][info] GC(3) Phase 2: Prepare for compaction
[2026-05-12T14:13:43.307+0100][0.166s][info] GC(3) Phase 2: Prepare for compaction 0.222ms
[2026-05-12T14:13:43.307+0100][0.166s][info] GC(3) Phase 3: Adjust pointers
[2026-05-12T14:13:43.308+0100][0.167s][info] GC(3) Phase 3: Adjust pointers 0.609ms
[2026-05-12T14:13:43.308+0100][0.167s][info] GC(3) Phase 4: Compact heap
[2026-05-12T14:13:43.308+0100][0.167s][info] GC(3) Phase 4: Compact heap 0.337ms
[2026-05-12T14:13:43.309+0100][0.168s][info] GC(3) Eden regions: 5->0(29)
[2026-05-12T14:13:43.309+0100][0.168s][info] GC(3) Survivor regions: 0->0(4)
[2026-05-12T14:13:43.309+0100][0.168s][info] GC(3) Old regions: 45->45
[2026-05-12T14:13:43.309+0100][0.168s][info] GC(3) Archive regions: 2->2
[2026-05-12T14:13:43.309+0100][0.168s][info] GC(3) Humongous regions: 0->0
[2026-05-12T14:13:43.309+0100][0.168s][info] GC(3) Metaspace: 2282K(2432K)->2282K(2432K) NonClass: 2055K(2112K)->2055K(2112K) Class: 227K(320K)->227K(320K)
[2026-05-12T14:13:43.309+0100][0.168s][info] GC(3) Pause Full (System.gc()) 43M->39M(512M) 4.950ms
[2026-05-12T14:13:43.309+0100][0.168s][info] GC(3) User=0.03s Sys=0.01s Real=0.00s
[2026-05-12T14:13:43.379+0100][0.238s][info] GC(4) Pause Full (System.gc())
[2026-05-12T14:13:43.379+0100][0.238s][info] GC(4) Using 10 workers of 10 for full compaction
[2026-05-12T14:13:43.379+0100][0.238s][info] GC(4) Phase 1: Mark live objects
[2026-05-12T14:13:43.381+0100][0.240s][info] GC(4) Phase 1: Mark live objects 2.089ms
[2026-05-12T14:13:43.381+0100][0.240s][info] GC(4) Phase 2: Prepare for compaction
[2026-05-12T14:13:43.381+0100][0.240s][info] GC(4) Phase 2: Prepare for compaction 0.189ms
[2026-05-12T14:13:43.381+0100][0.240s][info] GC(4) Phase 3: Adjust pointers
[2026-05-12T14:13:43.382+0100][0.241s][info] GC(4) Phase 3: Adjust pointers 0.700ms
[2026-05-12T14:13:43.382+0100][0.241s][info] GC(4) Phase 4: Compact heap
[2026-05-12T14:13:43.382+0100][0.241s][info] GC(4) Phase 4: Compact heap 0.150ms
[2026-05-12T14:13:43.383+0100][0.241s][info] GC(4) Eden regions: 5->0(29)
[2026-05-12T14:13:43.383+0100][0.241s][info] GC(4) Survivor regions: 0->0(4)
[2026-05-12T14:13:43.383+0100][0.241s][info] GC(4) Old regions: 45->45
[2026-05-12T14:13:43.383+0100][0.241s][info] GC(4) Archive regions: 2->2
[2026-05-12T14:13:43.383+0100][0.241s][info] GC(4) Humongous regions: 0->0
[2026-05-12T14:13:43.383+0100][0.241s][info] GC(4) Metaspace: 2282K(2432K)->2282K(2432K) NonClass: 2055K(2112K)->2055K(2112K) Class: 227K(320K)->227K(320K)
[2026-05-12T14:13:43.383+0100][0.241s][info] GC(4) Pause Full (System.gc()) 43M->39M(512M) 3.632ms
[2026-05-12T14:13:43.383+0100][0.241s][info] GC(4) User=0.03s Sys=0.00s Real=0.01s
[2026-05-12T14:13:43.447+0100][0.306s][info] GC(5) Pause Full (System.gc())
[2026-05-12T14:13:43.448+0100][0.306s][info] GC(5) Using 10 workers of 10 for full compaction
[2026-05-12T14:13:43.448+0100][0.306s][info] GC(5) Phase 1: Mark live objects
[2026-05-12T14:13:43.450+0100][0.309s][info] GC(5) Phase 1: Mark live objects 2.341ms
[2026-05-12T14:13:43.450+0100][0.309s][info] GC(5) Phase 2: Prepare for compaction
[2026-05-12T14:13:43.450+0100][0.309s][info] GC(5) Phase 2: Prepare for compaction 0.246ms
[2026-05-12T14:13:43.450+0100][0.309s][info] GC(5) Phase 3: Adjust pointers
[2026-05-12T14:13:43.451+0100][0.310s][info] GC(5) Phase 3: Adjust pointers 0.841ms
[2026-05-12T14:13:43.451+0100][0.310s][info] GC(5) Phase 4: Compact heap
[2026-05-12T14:13:43.451+0100][0.310s][info] GC(5) Phase 4: Compact heap 0.203ms
[2026-05-12T14:13:43.452+0100][0.310s][info] GC(5) Eden regions: 5->0(29)
[2026-05-12T14:13:43.452+0100][0.310s][info] GC(5) Survivor regions: 0->0(4)
[2026-05-12T14:13:43.452+0100][0.310s][info] GC(5) Old regions: 45->45
[2026-05-12T14:13:43.452+0100][0.310s][info] GC(5) Archive regions: 2->2
[2026-05-12T14:13:43.452+0100][0.310s][info] GC(5) Humongous regions: 0->0
[2026-05-12T14:13:43.452+0100][0.310s][info] GC(5) Metaspace: 2282K(2432K)->2282K(2432K) NonClass: 2055K(2112K)->2055K(2112K) Class: 227K(320K)->227K(320K)
[2026-05-12T14:13:43.452+0100][0.310s][info] GC(5) Pause Full (System.gc()) 43M->39M(512M) 4.096ms
[2026-05-12T14:13:43.452+0100][0.310s][info] GC(5) User=0.04s Sys=0.01s Real=0.01s
[2026-05-12T14:13:43.518+0100][0.377s][info] GC(6) Pause Full (System.gc())
[2026-05-12T14:13:43.518+0100][0.377s][info] GC(6) Using 10 workers of 10 for full compaction
[2026-05-12T14:13:43.518+0100][0.377s][info] GC(6) Phase 1: Mark live objects
[2026-05-12T14:13:43.521+0100][0.379s][info] GC(6) Phase 1: Mark live objects 2.527ms
[2026-05-12T14:13:43.521+0100][0.379s][info] GC(6) Phase 2: Prepare for compaction
[2026-05-12T14:13:43.521+0100][0.379s][info] GC(6) Phase 2: Prepare for compaction 0.180ms
[2026-05-12T14:13:43.521+0100][0.379s][info] GC(6) Phase 3: Adjust pointers
[2026-05-12T14:13:43.522+0100][0.380s][info] GC(6) Phase 3: Adjust pointers 0.943ms
[2026-05-12T14:13:43.522+0100][0.380s][info] GC(6) Phase 4: Compact heap
[2026-05-12T14:13:43.522+0100][0.381s][info] GC(6) Phase 4: Compact heap 0.122ms
[2026-05-12T14:13:43.522+0100][0.381s][info] GC(6) Eden regions: 5->0(29)
[2026-05-12T14:13:43.522+0100][0.381s][info] GC(6) Survivor regions: 0->0(4)
[2026-05-12T14:13:43.522+0100][0.381s][info] GC(6) Old regions: 45->49
[2026-05-12T14:13:43.522+0100][0.381s][info] GC(6) Archive regions: 2->2
[2026-05-12T14:13:43.522+0100][0.381s][info] GC(6) Humongous regions: 0->0
[2026-05-12T14:13:43.522+0100][0.381s][info] GC(6) Metaspace: 2282K(2432K)->2282K(2432K) NonClass: 2055K(2112K)->2055K(2112K) Class: 227K(320K)->227K(320K)
[2026-05-12T14:13:43.522+0100][0.381s][info] GC(6) Pause Full (System.gc()) 43M->43M(512M) 4.266ms
[2026-05-12T14:13:43.522+0100][0.381s][info] GC(6) User=0.04s Sys=0.00s Real=0.01s
[2026-05-12T14:13:43.591+0100][0.450s][info] GC(7) Pause Full (System.gc())
[2026-05-12T14:13:43.591+0100][0.450s][info] GC(7) Using 10 workers of 10 for full compaction
[2026-05-12T14:13:43.591+0100][0.450s][info] GC(7) Phase 1: Mark live objects
[2026-05-12T14:13:43.594+0100][0.453s][info] GC(7) Phase 1: Mark live objects 2.559ms
[2026-05-12T14:13:43.594+0100][0.453s][info] GC(7) Phase 2: Prepare for compaction
[2026-05-12T14:13:43.594+0100][0.453s][info] GC(7) Phase 2: Prepare for compaction 0.179ms
[2026-05-12T14:13:43.594+0100][0.453s][info] GC(7) Phase 3: Adjust pointers
[2026-05-12T14:13:43.595+0100][0.454s][info] GC(7) Phase 3: Adjust pointers 0.891ms
[2026-05-12T14:13:43.595+0100][0.454s][info] GC(7) Phase 4: Compact heap
[2026-05-12T14:13:43.595+0100][0.454s][info] GC(7) Phase 4: Compact heap 0.157ms
[2026-05-12T14:13:43.595+0100][0.454s][info] GC(7) Eden regions: 5->0(29)
[2026-05-12T14:13:43.595+0100][0.454s][info] GC(7) Survivor regions: 0->0(4)
[2026-05-12T14:13:43.595+0100][0.454s][info] GC(7) Old regions: 49->49
[2026-05-12T14:13:43.595+0100][0.454s][info] GC(7) Archive regions: 2->2
[2026-05-12T14:13:43.595+0100][0.454s][info] GC(7) Humongous regions: 0->0
[2026-05-12T14:13:43.595+0100][0.454s][info] GC(7) Metaspace: 2282K(2432K)->2282K(2432K) NonClass: 2055K(2112K)->2055K(2112K) Class: 227K(320K)->227K(320K)
[2026-05-12T14:13:43.596+0100][0.454s][info] GC(7) Pause Full (System.gc()) 47M->43M(512M) 4.269ms
[2026-05-12T14:13:43.596+0100][0.454s][info] GC(7) User=0.04s Sys=0.00s Real=0.00s
[2026-05-12T14:13:43.661+0100][0.520s][info] GC(8) Pause Full (System.gc())
[2026-05-12T14:13:43.661+0100][0.520s][info] GC(8) Using 10 workers of 10 for full compaction
[2026-05-12T14:13:43.661+0100][0.520s][info] GC(8) Phase 1: Mark live objects
[2026-05-12T14:13:43.664+0100][0.523s][info] GC(8) Phase 1: Mark live objects 2.996ms
[2026-05-12T14:13:43.664+0100][0.523s][info] GC(8) Phase 2: Prepare for compaction
[2026-05-12T14:13:43.665+0100][0.523s][info] GC(8) Phase 2: Prepare for compaction 0.175ms
[2026-05-12T14:13:43.665+0100][0.523s][info] GC(8) Phase 3: Adjust pointers
[2026-05-12T14:13:43.666+0100][0.524s][info] GC(8) Phase 3: Adjust pointers 0.955ms
[2026-05-12T14:13:43.666+0100][0.524s][info] GC(8) Phase 4: Compact heap
[2026-05-12T14:13:43.666+0100][0.524s][info] GC(8) Phase 4: Compact heap 0.133ms
[2026-05-12T14:13:43.666+0100][0.525s][info] GC(8) Eden regions: 5->0(29)
[2026-05-12T14:13:43.666+0100][0.525s][info] GC(8) Survivor regions: 0->0(4)
[2026-05-12T14:13:43.666+0100][0.525s][info] GC(8) Old regions: 49->49
[2026-05-12T14:13:43.666+0100][0.525s][info] GC(8) Archive regions: 2->2
[2026-05-12T14:13:43.666+0100][0.525s][info] GC(8) Humongous regions: 0->0
[2026-05-12T14:13:43.666+0100][0.525s][info] GC(8) Metaspace: 2282K(2432K)->2282K(2432K) NonClass: 2055K(2112K)->2055K(2112K) Class: 227K(320K)->227K(320K)
[2026-05-12T14:13:43.666+0100][0.525s][info] GC(8) Pause Full (System.gc()) 47M->43M(512M) 4.702ms
[2026-05-12T14:13:43.666+0100][0.525s][info] GC(8) User=0.04s Sys=0.00s Real=0.00s
[2026-05-12T14:13:43.728+0100][0.587s][info] GC(9) Pause Full (System.gc())
[2026-05-12T14:13:43.728+0100][0.587s][info] GC(9) Using 10 workers of 10 for full compaction
[2026-05-12T14:13:43.728+0100][0.587s][info] GC(9) Phase 1: Mark live objects
[2026-05-12T14:13:43.732+0100][0.591s][info] GC(9) Phase 1: Mark live objects 3.844ms
[2026-05-12T14:13:43.732+0100][0.591s][info] GC(9) Phase 2: Prepare for compaction
[2026-05-12T14:13:43.732+0100][0.591s][info] GC(9) Phase 2: Prepare for compaction 0.177ms
[2026-05-12T14:13:43.733+0100][0.591s][info] GC(9) Phase 3: Adjust pointers
[2026-05-12T14:13:43.734+0100][0.592s][info] GC(9) Phase 3: Adjust pointers 0.993ms
[2026-05-12T14:13:43.734+0100][0.592s][info] GC(9) Phase 4: Compact heap
[2026-05-12T14:13:43.734+0100][0.592s][info] GC(9) Phase 4: Compact heap 0.125ms
[2026-05-12T14:13:43.734+0100][0.593s][info] GC(9) Eden regions: 5->0(29)
[2026-05-12T14:13:43.734+0100][0.593s][info] GC(9) Survivor regions: 0->0(4)
[2026-05-12T14:13:43.734+0100][0.593s][info] GC(9) Old regions: 49->49
[2026-05-12T14:13:43.734+0100][0.593s][info] GC(9) Archive regions: 2->2
[2026-05-12T14:13:43.734+0100][0.593s][info] GC(9) Humongous regions: 0->0
[2026-05-12T14:13:43.734+0100][0.593s][info] GC(9) Metaspace: 2282K(2432K)->2282K(2432K) NonClass: 2055K(2112K)->2055K(2112K) Class: 227K(320K)->227K(320K)
[2026-05-12T14:13:43.734+0100][0.593s][info] GC(9) Pause Full (System.gc()) 47M->43M(512M) 5.607ms
[2026-05-12T14:13:43.734+0100][0.593s][info] GC(9) User=0.03s Sys=0.01s Real=0.01s
[2026-05-12T14:13:43.795+0100][0.653s][info] GC(10) Pause Full (System.gc())
[2026-05-12T14:13:43.795+0100][0.653s][info] GC(10) Using 10 workers of 10 for full compaction
[2026-05-12T14:13:43.795+0100][0.653s][info] GC(10) Phase 1: Mark live objects
[2026-05-12T14:13:43.797+0100][0.656s][info] GC(10) Phase 1: Mark live objects 2.626ms
[2026-05-12T14:13:43.797+0100][0.656s][info] GC(10) Phase 2: Prepare for compaction
[2026-05-12T14:13:43.798+0100][0.656s][info] GC(10) Phase 2: Prepare for compaction 0.177ms
[2026-05-12T14:13:43.798+0100][0.656s][info] GC(10) Phase 3: Adjust pointers
[2026-05-12T14:13:43.799+0100][0.657s][info] GC(10) Phase 3: Adjust pointers 0.962ms
[2026-05-12T14:13:43.799+0100][0.657s][info] GC(10) Phase 4: Compact heap
[2026-05-12T14:13:43.799+0100][0.657s][info] GC(10) Phase 4: Compact heap 0.129ms
[2026-05-12T14:13:43.799+0100][0.658s][info] GC(10) Eden regions: 5->0(29)
[2026-05-12T14:13:43.799+0100][0.658s][info] GC(10) Survivor regions: 0->0(4)
[2026-05-12T14:13:43.799+0100][0.658s][info] GC(10) Old regions: 49->49
[2026-05-12T14:13:43.799+0100][0.658s][info] GC(10) Archive regions: 2->2
[2026-05-12T14:13:43.799+0100][0.658s][info] GC(10) Humongous regions: 0->0
[2026-05-12T14:13:43.799+0100][0.658s][info] GC(10) Metaspace: 2282K(2432K)->2282K(2432K) NonClass: 2055K(2112K)->2055K(2112K) Class: 227K(320K)->227K(320K)
[2026-05-12T14:13:43.799+0100][0.658s][info] GC(10) Pause Full (System.gc()) 47M->43M(512M) 4.350ms
[2026-05-12T14:13:43.799+0100][0.658s][info] GC(10) User=0.04s Sys=0.00s Real=0.00s
[2026-05-12T14:13:43.865+0100][0.724s][info] GC(11) Pause Full (System.gc())
[2026-05-12T14:13:43.865+0100][0.724s][info] GC(11) Using 10 workers of 10 for full compaction
[2026-05-12T14:13:43.865+0100][0.724s][info] GC(11) Phase 1: Mark live objects
[2026-05-12T14:13:43.869+0100][0.728s][info] GC(11) Phase 1: Mark live objects 4.018ms
[2026-05-12T14:13:43.869+0100][0.728s][info] GC(11) Phase 2: Prepare for compaction
[2026-05-12T14:13:43.869+0100][0.728s][info] GC(11) Phase 2: Prepare for compaction 0.273ms
[2026-05-12T14:13:43.869+0100][0.728s][info] GC(11) Phase 3: Adjust pointers
[2026-05-12T14:13:43.870+0100][0.729s][info] GC(11) Phase 3: Adjust pointers 1.099ms
[2026-05-12T14:13:43.870+0100][0.729s][info] GC(11) Phase 4: Compact heap
[2026-05-12T14:13:43.870+0100][0.729s][info] GC(11) Phase 4: Compact heap 0.109ms
[2026-05-12T14:13:43.871+0100][0.729s][info] GC(11) Eden regions: 5->0(29)
[2026-05-12T14:13:43.871+0100][0.729s][info] GC(11) Survivor regions: 0->0(4)
[2026-05-12T14:13:43.871+0100][0.729s][info] GC(11) Old regions: 49->49
[2026-05-12T14:13:43.871+0100][0.729s][info] GC(11) Archive regions: 2->2
[2026-05-12T14:13:43.871+0100][0.729s][info] GC(11) Humongous regions: 0->0
[2026-05-12T14:13:43.871+0100][0.729s][info] GC(11) Metaspace: 2282K(2432K)->2282K(2432K) NonClass: 2055K(2112K)->2055K(2112K) Class: 227K(320K)->227K(320K)
[2026-05-12T14:13:43.871+0100][0.729s][info] GC(11) Pause Full (System.gc()) 47M->43M(512M) 5.928ms
[2026-05-12T14:13:43.871+0100][0.729s][info] GC(11) User=0.04s Sys=0.01s Real=0.01s
[2026-05-12T14:13:43.960+0100][0.819s][info] GC(12) Pause Young (Normal) (G1 Evacuation Pause)
[2026-05-12T14:13:43.960+0100][0.819s][info] GC(12) Using 10 workers of 10 for evacuation
[2026-05-12T14:13:43.964+0100][0.823s][info] GC(12)   Pre Evacuate Collection Set: 0.1ms
[2026-05-12T14:13:43.964+0100][0.823s][info] GC(12)   Merge Heap Roots: 0.1ms
[2026-05-12T14:13:43.964+0100][0.823s][info] GC(12)   Evacuate Collection Set: 3.3ms
[2026-05-12T14:13:43.964+0100][0.823s][info] GC(12)   Post Evacuate Collection Set: 0.1ms
[2026-05-12T14:13:43.964+0100][0.823s][info] GC(12)   Other: 0.1ms
[2026-05-12T14:13:43.964+0100][0.823s][info] GC(12) Eden regions: 29->0(41)
[2026-05-12T14:13:43.964+0100][0.823s][info] GC(12) Survivor regions: 0->4(4)
[2026-05-12T14:13:43.964+0100][0.823s][info] GC(12) Old regions: 49->55
[2026-05-12T14:13:43.964+0100][0.823s][info] GC(12) Archive regions: 2->2
[2026-05-12T14:13:43.964+0100][0.823s][info] GC(12) Humongous regions: 5->5
[2026-05-12T14:13:43.964+0100][0.823s][info] GC(12) Metaspace: 2389K(2560K)->2389K(2560K) NonClass: 2156K(2240K)->2156K(2240K) Class: 233K(320K)->233K(320K)
[2026-05-12T14:13:43.964+0100][0.823s][info] GC(12) Pause Young (Normal) (G1 Evacuation Pause) 77M->57M(512M) 3.734ms
[2026-05-12T14:13:43.964+0100][0.823s][info] GC(12) User=0.03s Sys=0.00s Real=0.00s
[2026-05-12T14:13:43.991+0100][0.850s][info] GC(13) Pause Full (System.gc())
[2026-05-12T14:13:43.991+0100][0.850s][info] GC(13) Using 10 workers of 10 for full compaction
[2026-05-12T14:13:43.991+0100][0.850s][info] GC(13) Phase 1: Mark live objects
[2026-05-12T14:13:43.993+0100][0.852s][info] GC(13) Phase 1: Mark live objects 2.115ms
[2026-05-12T14:13:43.993+0100][0.852s][info] GC(13) Phase 2: Prepare for compaction
[2026-05-12T14:13:43.994+0100][0.852s][info] GC(13) Phase 2: Prepare for compaction 0.161ms
[2026-05-12T14:13:43.994+0100][0.852s][info] GC(13) Phase 3: Adjust pointers
[2026-05-12T14:13:43.994+0100][0.853s][info] GC(13) Phase 3: Adjust pointers 0.782ms
[2026-05-12T14:13:43.994+0100][0.853s][info] GC(13) Phase 4: Compact heap
[2026-05-12T14:13:43.995+0100][0.853s][info] GC(13) Phase 4: Compact heap 0.213ms
[2026-05-12T14:13:43.995+0100][0.854s][info] GC(13) Eden regions: 19->0(41)
[2026-05-12T14:13:43.995+0100][0.854s][info] GC(13) Survivor regions: 4->0(4)
[2026-05-12T14:13:43.995+0100][0.854s][info] GC(13) Old regions: 55->46
[2026-05-12T14:13:43.995+0100][0.854s][info] GC(13) Archive regions: 2->2
[2026-05-12T14:13:43.995+0100][0.854s][info] GC(13) Humongous regions: 5->0
[2026-05-12T14:13:43.995+0100][0.854s][info] GC(13) Metaspace: 2678K(2816K)->2678K(2816K) NonClass: 2419K(2496K)->2419K(2496K) Class: 258K(320K)->258K(320K)
[2026-05-12T14:13:43.995+0100][0.854s][info] GC(13) Pause Full (System.gc()) 76M->43M(512M) 3.635ms
[2026-05-12T14:13:43.995+0100][0.854s][info] GC(13) User=0.03s Sys=0.00s Real=0.00s
[2026-05-12T14:13:44.090+0100][0.948s][info] GC(14) Pause Full (System.gc())
[2026-05-12T14:13:44.090+0100][0.948s][info] GC(14) Using 10 workers of 10 for full compaction
[2026-05-12T14:13:44.090+0100][0.948s][info] GC(14) Phase 1: Mark live objects
[2026-05-12T14:13:44.092+0100][0.950s][info] GC(14) Phase 1: Mark live objects 2.097ms
[2026-05-12T14:13:44.092+0100][0.950s][info] GC(14) Phase 2: Prepare for compaction
[2026-05-12T14:13:44.092+0100][0.951s][info] GC(14) Phase 2: Prepare for compaction 0.145ms
[2026-05-12T14:13:44.092+0100][0.951s][info] GC(14) Phase 3: Adjust pointers
[2026-05-12T14:13:44.093+0100][0.951s][info] GC(14) Phase 3: Adjust pointers 0.819ms
[2026-05-12T14:13:44.093+0100][0.951s][info] GC(14) Phase 4: Compact heap
[2026-05-12T14:13:44.093+0100][0.951s][info] GC(14) Phase 4: Compact heap 0.086ms
[2026-05-12T14:13:44.093+0100][0.952s][info] GC(14) Eden regions: 18->0(41)
[2026-05-12T14:13:44.093+0100][0.952s][info] GC(14) Survivor regions: 0->0(4)
[2026-05-12T14:13:44.093+0100][0.952s][info] GC(14) Old regions: 46->46
[2026-05-12T14:13:44.093+0100][0.952s][info] GC(14) Archive regions: 2->2
[2026-05-12T14:13:44.093+0100][0.952s][info] GC(14) Humongous regions: 0->0
[2026-05-12T14:13:44.093+0100][0.952s][info] GC(14) Metaspace: 2757K(2944K)->2757K(2944K) NonClass: 2487K(2624K)->2487K(2624K) Class: 270K(320K)->270K(320K)
[2026-05-12T14:13:44.093+0100][0.952s][info] GC(14) Pause Full (System.gc()) 61M->43M(512M) 3.613ms
[2026-05-12T14:13:44.093+0100][0.952s][info] GC(14) User=0.03s Sys=0.00s Real=0.01s
[2026-05-12T14:13:44.157+0100][1.016s][info] GC(15) Pause Full (System.gc())
[2026-05-12T14:13:44.157+0100][1.016s][info] GC(15) Using 10 workers of 10 for full compaction
[2026-05-12T14:13:44.157+0100][1.016s][info] GC(15) Phase 1: Mark live objects
[2026-05-12T14:13:44.161+0100][1.019s][info] GC(15) Phase 1: Mark live objects 3.430ms
[2026-05-12T14:13:44.161+0100][1.019s][info] GC(15) Phase 2: Prepare for compaction
[2026-05-12T14:13:44.161+0100][1.020s][info] GC(15) Phase 2: Prepare for compaction 0.138ms
[2026-05-12T14:13:44.161+0100][1.020s][info] GC(15) Phase 3: Adjust pointers
[2026-05-12T14:13:44.162+0100][1.020s][info] GC(15) Phase 3: Adjust pointers 0.875ms
[2026-05-12T14:13:44.162+0100][1.020s][info] GC(15) Phase 4: Compact heap
[2026-05-12T14:13:44.162+0100][1.021s][info] GC(15) Phase 4: Compact heap 0.083ms
[2026-05-12T14:13:44.162+0100][1.021s][info] GC(15) Eden regions: 19->0(41)
[2026-05-12T14:13:44.162+0100][1.021s][info] GC(15) Survivor regions: 0->0(4)
[2026-05-12T14:13:44.162+0100][1.021s][info] GC(15) Old regions: 46->46
[2026-05-12T14:13:44.162+0100][1.021s][info] GC(15) Archive regions: 2->2
[2026-05-12T14:13:44.162+0100][1.021s][info] GC(15) Humongous regions: 0->0
[2026-05-12T14:13:44.162+0100][1.021s][info] GC(15) Metaspace: 2760K(2944K)->2760K(2944K) NonClass: 2489K(2624K)->2489K(2624K) Class: 270K(320K)->270K(320K)
[2026-05-12T14:13:44.162+0100][1.021s][info] GC(15) Pause Full (System.gc()) 61M->43M(512M) 4.899ms
[2026-05-12T14:13:44.162+0100][1.021s][info] GC(15) User=0.03s Sys=0.01s Real=0.01s
[2026-05-12T14:13:44.223+0100][1.082s][info] GC(16) Pause Full (System.gc())
[2026-05-12T14:13:44.223+0100][1.082s][info] GC(16) Using 10 workers of 10 for full compaction
[2026-05-12T14:13:44.223+0100][1.082s][info] GC(16) Phase 1: Mark live objects
[2026-05-12T14:13:44.227+0100][1.086s][info] GC(16) Phase 1: Mark live objects 3.888ms
[2026-05-12T14:13:44.227+0100][1.086s][info] GC(16) Phase 2: Prepare for compaction
[2026-05-12T14:13:44.227+0100][1.086s][info] GC(16) Phase 2: Prepare for compaction 0.224ms
[2026-05-12T14:13:44.227+0100][1.086s][info] GC(16) Phase 3: Adjust pointers
[2026-05-12T14:13:44.228+0100][1.087s][info] GC(16) Phase 3: Adjust pointers 1.003ms
[2026-05-12T14:13:44.228+0100][1.087s][info] GC(16) Phase 4: Compact heap
[2026-05-12T14:13:44.229+0100][1.087s][info] GC(16) Phase 4: Compact heap 0.102ms
[2026-05-12T14:13:44.229+0100][1.088s][info] GC(16) Eden regions: 18->0(41)
[2026-05-12T14:13:44.229+0100][1.088s][info] GC(16) Survivor regions: 0->0(4)
[2026-05-12T14:13:44.229+0100][1.088s][info] GC(16) Old regions: 46->46
[2026-05-12T14:13:44.229+0100][1.088s][info] GC(16) Archive regions: 2->2
[2026-05-12T14:13:44.229+0100][1.088s][info] GC(16) Humongous regions: 0->0
[2026-05-12T14:13:44.229+0100][1.088s][info] GC(16) Metaspace: 2763K(2944K)->2763K(2944K) NonClass: 2492K(2624K)->2492K(2624K) Class: 270K(320K)->270K(320K)
[2026-05-12T14:13:44.229+0100][1.088s][info] GC(16) Pause Full (System.gc()) 61M->43M(512M) 5.748ms
[2026-05-12T14:13:44.229+0100][1.088s][info] GC(16) User=0.03s Sys=0.01s Real=0.00s
[2026-05-12T14:13:44.289+0100][1.147s][info] GC(17) Pause Full (System.gc())
[2026-05-12T14:13:44.289+0100][1.147s][info] GC(17) Using 10 workers of 10 for full compaction
[2026-05-12T14:13:44.289+0100][1.148s][info] GC(17) Phase 1: Mark live objects
[2026-05-12T14:13:44.292+0100][1.151s][info] GC(17) Phase 1: Mark live objects 3.538ms
[2026-05-12T14:13:44.292+0100][1.151s][info] GC(17) Phase 2: Prepare for compaction
[2026-05-12T14:13:44.293+0100][1.151s][info] GC(17) Phase 2: Prepare for compaction 0.222ms
[2026-05-12T14:13:44.293+0100][1.151s][info] GC(17) Phase 3: Adjust pointers
[2026-05-12T14:13:44.294+0100][1.153s][info] GC(17) Phase 3: Adjust pointers 1.212ms
[2026-05-12T14:13:44.294+0100][1.153s][info] GC(17) Phase 4: Compact heap
[2026-05-12T14:13:44.294+0100][1.153s][info] GC(17) Phase 4: Compact heap 0.154ms
[2026-05-12T14:13:44.294+0100][1.153s][info] GC(17) Eden regions: 19->0(41)
[2026-05-12T14:13:44.294+0100][1.153s][info] GC(17) Survivor regions: 0->0(4)
[2026-05-12T14:13:44.294+0100][1.153s][info] GC(17) Old regions: 46->51
[2026-05-12T14:13:44.294+0100][1.153s][info] GC(17) Archive regions: 2->2
[2026-05-12T14:13:44.294+0100][1.153s][info] GC(17) Humongous regions: 0->0
[2026-05-12T14:13:44.294+0100][1.153s][info] GC(17) Metaspace: 2764K(2944K)->2764K(2944K) NonClass: 2494K(2624K)->2494K(2624K) Class: 270K(320K)->270K(320K)
[2026-05-12T14:13:44.294+0100][1.153s][info] GC(17) Pause Full (System.gc()) 61M->47M(512M) 5.639ms
[2026-05-12T14:13:44.294+0100][1.153s][info] GC(17) User=0.04s Sys=0.00s Real=0.01s
[2026-05-12T14:13:44.357+0100][1.216s][info] GC(18) Pause Full (System.gc())
[2026-05-12T14:13:44.357+0100][1.216s][info] GC(18) Using 10 workers of 10 for full compaction
[2026-05-12T14:13:44.357+0100][1.216s][info] GC(18) Phase 1: Mark live objects
[2026-05-12T14:13:44.361+0100][1.220s][info] GC(18) Phase 1: Mark live objects 3.666ms
[2026-05-12T14:13:44.361+0100][1.220s][info] GC(18) Phase 2: Prepare for compaction
[2026-05-12T14:13:44.361+0100][1.220s][info] GC(18) Phase 2: Prepare for compaction 0.190ms
[2026-05-12T14:13:44.361+0100][1.220s][info] GC(18) Phase 3: Adjust pointers
[2026-05-12T14:13:44.362+0100][1.221s][info] GC(18) Phase 3: Adjust pointers 1.297ms
[2026-05-12T14:13:44.362+0100][1.221s][info] GC(18) Phase 4: Compact heap
[2026-05-12T14:13:44.363+0100][1.221s][info] GC(18) Phase 4: Compact heap 0.168ms
[2026-05-12T14:13:44.363+0100][1.222s][info] GC(18) Eden regions: 19->0(41)
[2026-05-12T14:13:44.363+0100][1.222s][info] GC(18) Survivor regions: 0->0(4)
[2026-05-12T14:13:44.363+0100][1.222s][info] GC(18) Old regions: 51->50
[2026-05-12T14:13:44.363+0100][1.222s][info] GC(18) Archive regions: 2->2
[2026-05-12T14:13:44.363+0100][1.222s][info] GC(18) Humongous regions: 0->0
[2026-05-12T14:13:44.363+0100][1.222s][info] GC(18) Metaspace: 2767K(2944K)->2767K(2944K) NonClass: 2496K(2624K)->2496K(2624K) Class: 270K(320K)->270K(320K)
[2026-05-12T14:13:44.363+0100][1.222s][info] GC(18) Pause Full (System.gc()) 66M->47M(512M) 5.840ms
[2026-05-12T14:13:44.363+0100][1.222s][info] GC(18) User=0.05s Sys=0.00s Real=0.01s
[2026-05-12T14:13:44.424+0100][1.283s][info] GC(19) Pause Full (System.gc())
[2026-05-12T14:13:44.424+0100][1.283s][info] GC(19) Using 10 workers of 10 for full compaction
[2026-05-12T14:13:44.424+0100][1.283s][info] GC(19) Phase 1: Mark live objects
[2026-05-12T14:13:44.428+0100][1.287s][info] GC(19) Phase 1: Mark live objects 3.488ms
[2026-05-12T14:13:44.428+0100][1.287s][info] GC(19) Phase 2: Prepare for compaction
[2026-05-12T14:13:44.428+0100][1.287s][info] GC(19) Phase 2: Prepare for compaction 0.239ms
[2026-05-12T14:13:44.428+0100][1.287s][info] GC(19) Phase 3: Adjust pointers
[2026-05-12T14:13:44.430+0100][1.288s][info] GC(19) Phase 3: Adjust pointers 1.393ms
[2026-05-12T14:13:44.430+0100][1.288s][info] GC(19) Phase 4: Compact heap
[2026-05-12T14:13:44.430+0100][1.288s][info] GC(19) Phase 4: Compact heap 0.146ms
[2026-05-12T14:13:44.430+0100][1.289s][info] GC(19) Eden regions: 19->0(41)
[2026-05-12T14:13:44.430+0100][1.289s][info] GC(19) Survivor regions: 0->0(4)
[2026-05-12T14:13:44.430+0100][1.289s][info] GC(19) Old regions: 50->50
[2026-05-12T14:13:44.430+0100][1.289s][info] GC(19) Archive regions: 2->2
[2026-05-12T14:13:44.430+0100][1.289s][info] GC(19) Humongous regions: 0->0
[2026-05-12T14:13:44.430+0100][1.289s][info] GC(19) Metaspace: 2767K(2944K)->2767K(2944K) NonClass: 2497K(2624K)->2497K(2624K) Class: 270K(320K)->270K(320K)
[2026-05-12T14:13:44.430+0100][1.289s][info] GC(19) Pause Full (System.gc()) 66M->47M(512M) 5.787ms
[2026-05-12T14:13:44.430+0100][1.289s][info] GC(19) User=0.04s Sys=0.00s Real=0.01s
[2026-05-12T14:13:44.489+0100][1.348s][info] GC(20) Pause Full (System.gc())
[2026-05-12T14:13:44.489+0100][1.348s][info] GC(20) Using 10 workers of 10 for full compaction
[2026-05-12T14:13:44.489+0100][1.348s][info] GC(20) Phase 1: Mark live objects
[2026-05-12T14:13:44.492+0100][1.351s][info] GC(20) Phase 1: Mark live objects 3.418ms
[2026-05-12T14:13:44.492+0100][1.351s][info] GC(20) Phase 2: Prepare for compaction
[2026-05-12T14:13:44.493+0100][1.351s][info] GC(20) Phase 2: Prepare for compaction 0.199ms
[2026-05-12T14:13:44.493+0100][1.351s][info] GC(20) Phase 3: Adjust pointers
[2026-05-12T14:13:44.494+0100][1.353s][info] GC(20) Phase 3: Adjust pointers 1.307ms
[2026-05-12T14:13:44.494+0100][1.353s][info] GC(20) Phase 4: Compact heap
[2026-05-12T14:13:44.494+0100][1.353s][info] GC(20) Phase 4: Compact heap 0.142ms
[2026-05-12T14:13:44.494+0100][1.353s][info] GC(20) Eden regions: 18->0(41)
[2026-05-12T14:13:44.494+0100][1.353s][info] GC(20) Survivor regions: 0->0(4)
[2026-05-12T14:13:44.494+0100][1.353s][info] GC(20) Old regions: 50->51
[2026-05-12T14:13:44.495+0100][1.353s][info] GC(20) Archive regions: 2->2
[2026-05-12T14:13:44.495+0100][1.353s][info] GC(20) Humongous regions: 0->0
[2026-05-12T14:13:44.495+0100][1.353s][info] GC(20) Metaspace: 2768K(2944K)->2768K(2944K) NonClass: 2498K(2624K)->2498K(2624K) Class: 270K(320K)->270K(320K)
[2026-05-12T14:13:44.495+0100][1.353s][info] GC(20) Pause Full (System.gc()) 65M->47M(512M) 5.598ms
[2026-05-12T14:13:44.495+0100][1.353s][info] GC(20) User=0.04s Sys=0.00s Real=0.01s
[2026-05-12T14:13:44.556+0100][1.415s][info] GC(21) Pause Full (System.gc())
[2026-05-12T14:13:44.556+0100][1.415s][info] GC(21) Using 10 workers of 10 for full compaction
[2026-05-12T14:13:44.556+0100][1.415s][info] GC(21) Phase 1: Mark live objects
[2026-05-12T14:13:44.559+0100][1.418s][info] GC(21) Phase 1: Mark live objects 3.485ms
[2026-05-12T14:13:44.560+0100][1.418s][info] GC(21) Phase 2: Prepare for compaction
[2026-05-12T14:13:44.560+0100][1.418s][info] GC(21) Phase 2: Prepare for compaction 0.197ms
[2026-05-12T14:13:44.560+0100][1.418s][info] GC(21) Phase 3: Adjust pointers
[2026-05-12T14:13:44.561+0100][1.420s][info] GC(21) Phase 3: Adjust pointers 1.289ms
[2026-05-12T14:13:44.561+0100][1.420s][info] GC(21) Phase 4: Compact heap
[2026-05-12T14:13:44.561+0100][1.420s][info] GC(21) Phase 4: Compact heap 0.122ms
[2026-05-12T14:13:44.561+0100][1.420s][info] GC(21) Eden regions: 19->0(41)
[2026-05-12T14:13:44.561+0100][1.420s][info] GC(21) Survivor regions: 0->0(4)
[2026-05-12T14:13:44.561+0100][1.420s][info] GC(21) Old regions: 51->51
[2026-05-12T14:13:44.561+0100][1.420s][info] GC(21) Archive regions: 2->2
[2026-05-12T14:13:44.561+0100][1.420s][info] GC(21) Humongous regions: 0->0
[2026-05-12T14:13:44.561+0100][1.420s][info] GC(21) Metaspace: 2769K(2944K)->2769K(2944K) NonClass: 2498K(2624K)->2498K(2624K) Class: 270K(320K)->270K(320K)
[2026-05-12T14:13:44.561+0100][1.420s][info] GC(21) Pause Full (System.gc()) 66M->47M(512M) 5.574ms
[2026-05-12T14:13:44.561+0100][1.420s][info] GC(21) User=0.04s Sys=0.00s Real=0.01s
[2026-05-12T14:13:44.625+0100][1.484s][info] GC(22) Pause Full (System.gc())
[2026-05-12T14:13:44.625+0100][1.484s][info] GC(22) Using 10 workers of 10 for full compaction
[2026-05-12T14:13:44.625+0100][1.484s][info] GC(22) Phase 1: Mark live objects
[2026-05-12T14:13:44.631+0100][1.489s][info] GC(22) Phase 1: Mark live objects 5.418ms
[2026-05-12T14:13:44.631+0100][1.489s][info] GC(22) Phase 2: Prepare for compaction
[2026-05-12T14:13:44.631+0100][1.490s][info] GC(22) Phase 2: Prepare for compaction 0.194ms
[2026-05-12T14:13:44.631+0100][1.490s][info] GC(22) Phase 3: Adjust pointers
[2026-05-12T14:13:44.632+0100][1.491s][info] GC(22) Phase 3: Adjust pointers 1.412ms
[2026-05-12T14:13:44.632+0100][1.491s][info] GC(22) Phase 4: Compact heap
[2026-05-12T14:13:44.632+0100][1.491s][info] GC(22) Phase 4: Compact heap 0.148ms
[2026-05-12T14:13:44.633+0100][1.491s][info] GC(22) Eden regions: 18->0(41)
[2026-05-12T14:13:44.633+0100][1.491s][info] GC(22) Survivor regions: 0->0(4)
[2026-05-12T14:13:44.633+0100][1.491s][info] GC(22) Old regions: 51->51
[2026-05-12T14:13:44.633+0100][1.491s][info] GC(22) Archive regions: 2->2
[2026-05-12T14:13:44.633+0100][1.491s][info] GC(22) Humongous regions: 0->0
[2026-05-12T14:13:44.633+0100][1.491s][info] GC(22) Metaspace: 2770K(2944K)->2770K(2944K) NonClass: 2500K(2624K)->2500K(2624K) Class: 270K(320K)->270K(320K)
[2026-05-12T14:13:44.633+0100][1.491s][info] GC(22) Pause Full (System.gc()) 65M->47M(512M) 7.681ms
[2026-05-12T14:13:44.633+0100][1.491s][info] GC(22) User=0.05s Sys=0.01s Real=0.01s
[2026-05-12T14:13:44.698+0100][1.556s][info] GC(23) Pause Full (System.gc())
[2026-05-12T14:13:44.698+0100][1.557s][info] GC(23) Using 10 workers of 10 for full compaction
[2026-05-12T14:13:44.698+0100][1.557s][info] GC(23) Phase 1: Mark live objects
[2026-05-12T14:13:44.702+0100][1.560s][info] GC(23) Phase 1: Mark live objects 3.799ms
[2026-05-12T14:13:44.702+0100][1.560s][info] GC(23) Phase 2: Prepare for compaction
[2026-05-12T14:13:44.702+0100][1.561s][info] GC(23) Phase 2: Prepare for compaction 0.256ms
[2026-05-12T14:13:44.702+0100][1.561s][info] GC(23) Phase 3: Adjust pointers
[2026-05-12T14:13:44.703+0100][1.562s][info] GC(23) Phase 3: Adjust pointers 1.434ms
[2026-05-12T14:13:44.703+0100][1.562s][info] GC(23) Phase 4: Compact heap
[2026-05-12T14:13:44.704+0100][1.562s][info] GC(23) Phase 4: Compact heap 0.154ms
[2026-05-12T14:13:44.704+0100][1.563s][info] GC(23) Eden regions: 19->0(41)
[2026-05-12T14:13:44.704+0100][1.563s][info] GC(23) Survivor regions: 0->0(4)
[2026-05-12T14:13:44.704+0100][1.563s][info] GC(23) Old regions: 51->51
[2026-05-12T14:13:44.704+0100][1.563s][info] GC(23) Archive regions: 2->2
[2026-05-12T14:13:44.704+0100][1.563s][info] GC(23) Humongous regions: 0->0
[2026-05-12T14:13:44.704+0100][1.563s][info] GC(23) Metaspace: 2774K(2944K)->2774K(2944K) NonClass: 2503K(2624K)->2503K(2624K) Class: 271K(320K)->271K(320K)
[2026-05-12T14:13:44.704+0100][1.563s][info] GC(23) Pause Full (System.gc()) 66M->47M(512M) 6.167ms
[2026-05-12T14:13:44.704+0100][1.563s][info] GC(23) User=0.05s Sys=0.00s Real=0.01s
[2026-05-12T14:13:44.797+0100][1.655s][info] GC(24) Pause Full (System.gc())
[2026-05-12T14:13:44.797+0100][1.655s][info] GC(24) Using 10 workers of 10 for full compaction
[2026-05-12T14:13:44.797+0100][1.656s][info] GC(24) Phase 1: Mark live objects
[2026-05-12T14:13:44.799+0100][1.658s][info] GC(24) Phase 1: Mark live objects 2.367ms
[2026-05-12T14:13:44.799+0100][1.658s][info] GC(24) Phase 2: Prepare for compaction
[2026-05-12T14:13:44.799+0100][1.658s][info] GC(24) Phase 2: Prepare for compaction 0.160ms
[2026-05-12T14:13:44.799+0100][1.658s][info] GC(24) Phase 3: Adjust pointers
[2026-05-12T14:13:44.800+0100][1.659s][info] GC(24) Phase 3: Adjust pointers 0.864ms
[2026-05-12T14:13:44.800+0100][1.659s][info] GC(24) Phase 4: Compact heap
[2026-05-12T14:13:44.800+0100][1.659s][info] GC(24) Phase 4: Compact heap 0.100ms
[2026-05-12T14:13:44.801+0100][1.659s][info] GC(24) Eden regions: 12->0(41)
[2026-05-12T14:13:44.801+0100][1.659s][info] GC(24) Survivor regions: 0->0(4)
[2026-05-12T14:13:44.801+0100][1.659s][info] GC(24) Old regions: 51->51
[2026-05-12T14:13:44.801+0100][1.659s][info] GC(24) Archive regions: 2->2
[2026-05-12T14:13:44.801+0100][1.659s][info] GC(24) Humongous regions: 0->0
[2026-05-12T14:13:44.801+0100][1.659s][info] GC(24) Metaspace: 2909K(3136K)->2909K(3136K) NonClass: 2623K(2752K)->2623K(2752K) Class: 285K(384K)->285K(384K)
[2026-05-12T14:13:44.801+0100][1.659s][info] GC(24) Pause Full (System.gc()) 59M->47M(512M) 3.893ms
[2026-05-12T14:13:44.801+0100][1.659s][info] GC(24) User=0.03s Sys=0.00s Real=0.01s
[2026-05-12T14:13:44.892+0100][1.751s][info] GC(25) Pause Full (System.gc())
[2026-05-12T14:13:44.892+0100][1.751s][info] GC(25) Using 10 workers of 10 for full compaction
[2026-05-12T14:13:44.892+0100][1.751s][info] GC(25) Phase 1: Mark live objects
[2026-05-12T14:13:44.894+0100][1.753s][info] GC(25) Phase 1: Mark live objects 2.582ms
[2026-05-12T14:13:44.895+0100][1.753s][info] GC(25) Phase 2: Prepare for compaction
[2026-05-12T14:13:44.895+0100][1.753s][info] GC(25) Phase 2: Prepare for compaction 0.160ms
[2026-05-12T14:13:44.895+0100][1.753s][info] GC(25) Phase 3: Adjust pointers
[2026-05-12T14:13:44.896+0100][1.754s][info] GC(25) Phase 3: Adjust pointers 0.904ms
[2026-05-12T14:13:44.896+0100][1.754s][info] GC(25) Phase 4: Compact heap
[2026-05-12T14:13:44.896+0100][1.754s][info] GC(25) Phase 4: Compact heap 0.105ms
[2026-05-12T14:13:44.896+0100][1.755s][info] GC(25) Eden regions: 12->0(41)
[2026-05-12T14:13:44.896+0100][1.755s][info] GC(25) Survivor regions: 0->0(4)
[2026-05-12T14:13:44.896+0100][1.755s][info] GC(25) Old regions: 51->51
[2026-05-12T14:13:44.896+0100][1.755s][info] GC(25) Archive regions: 2->2
[2026-05-12T14:13:44.896+0100][1.755s][info] GC(25) Humongous regions: 0->0
[2026-05-12T14:13:44.896+0100][1.755s][info] GC(25) Metaspace: 2909K(3136K)->2909K(3136K) NonClass: 2623K(2752K)->2623K(2752K) Class: 285K(384K)->285K(384K)
[2026-05-12T14:13:44.896+0100][1.755s][info] GC(25) Pause Full (System.gc()) 59M->47M(512M) 4.111ms
[2026-05-12T14:13:44.896+0100][1.755s][info] GC(25) User=0.03s Sys=0.00s Real=0.00s
[2026-05-12T14:13:44.955+0100][1.814s][info] GC(26) Pause Full (System.gc())
[2026-05-12T14:13:44.955+0100][1.814s][info] GC(26) Using 10 workers of 10 for full compaction
[2026-05-12T14:13:44.955+0100][1.814s][info] GC(26) Phase 1: Mark live objects
[2026-05-12T14:13:44.958+0100][1.817s][info] GC(26) Phase 1: Mark live objects 3.021ms
[2026-05-12T14:13:44.959+0100][1.817s][info] GC(26) Phase 2: Prepare for compaction
[2026-05-12T14:13:44.959+0100][1.817s][info] GC(26) Phase 2: Prepare for compaction 0.215ms
[2026-05-12T14:13:44.959+0100][1.817s][info] GC(26) Phase 3: Adjust pointers
[2026-05-12T14:13:44.960+0100][1.819s][info] GC(26) Phase 3: Adjust pointers 1.090ms
[2026-05-12T14:13:44.960+0100][1.819s][info] GC(26) Phase 4: Compact heap
[2026-05-12T14:13:44.960+0100][1.819s][info] GC(26) Phase 4: Compact heap 0.112ms
[2026-05-12T14:13:44.960+0100][1.819s][info] GC(26) Eden regions: 12->0(41)
[2026-05-12T14:13:44.960+0100][1.819s][info] GC(26) Survivor regions: 0->0(4)
[2026-05-12T14:13:44.960+0100][1.819s][info] GC(26) Old regions: 51->51
[2026-05-12T14:13:44.960+0100][1.819s][info] GC(26) Archive regions: 2->2
[2026-05-12T14:13:44.960+0100][1.819s][info] GC(26) Humongous regions: 0->0
[2026-05-12T14:13:44.960+0100][1.819s][info] GC(26) Metaspace: 2912K(3136K)->2912K(3136K) NonClass: 2626K(2752K)->2626K(2752K) Class: 285K(384K)->285K(384K)
[2026-05-12T14:13:44.960+0100][1.819s][info] GC(26) Pause Full (System.gc()) 59M->47M(512M) 4.942ms
[2026-05-12T14:13:44.960+0100][1.819s][info] GC(26) User=0.04s Sys=0.00s Real=0.01s
[2026-05-12T14:13:45.020+0100][1.878s][info] GC(27) Pause Full (System.gc())
[2026-05-12T14:13:45.020+0100][1.878s][info] GC(27) Using 10 workers of 10 for full compaction
[2026-05-12T14:13:45.020+0100][1.879s][info] GC(27) Phase 1: Mark live objects
[2026-05-12T14:13:45.024+0100][1.882s][info] GC(27) Phase 1: Mark live objects 3.958ms
[2026-05-12T14:13:45.024+0100][1.883s][info] GC(27) Phase 2: Prepare for compaction
[2026-05-12T14:13:45.024+0100][1.883s][info] GC(27) Phase 2: Prepare for compaction 0.234ms
[2026-05-12T14:13:45.024+0100][1.883s][info] GC(27) Phase 3: Adjust pointers
[2026-05-12T14:13:45.025+0100][1.884s][info] GC(27) Phase 3: Adjust pointers 1.366ms
[2026-05-12T14:13:45.025+0100][1.884s][info] GC(27) Phase 4: Compact heap
[2026-05-12T14:13:45.026+0100][1.884s][info] GC(27) Phase 4: Compact heap 0.127ms
[2026-05-12T14:13:45.026+0100][1.885s][info] GC(27) Eden regions: 12->0(41)
[2026-05-12T14:13:45.026+0100][1.885s][info] GC(27) Survivor regions: 0->0(4)
[2026-05-12T14:13:45.026+0100][1.885s][info] GC(27) Old regions: 51->55
[2026-05-12T14:13:45.026+0100][1.885s][info] GC(27) Archive regions: 2->2
[2026-05-12T14:13:45.026+0100][1.885s][info] GC(27) Humongous regions: 0->0
[2026-05-12T14:13:45.026+0100][1.885s][info] GC(27) Metaspace: 2912K(3136K)->2912K(3136K) NonClass: 2626K(2752K)->2626K(2752K) Class: 285K(384K)->285K(384K)
[2026-05-12T14:13:45.026+0100][1.885s][info] GC(27) Pause Full (System.gc()) 59M->51M(512M) 6.128ms
[2026-05-12T14:13:45.026+0100][1.885s][info] GC(27) User=0.05s Sys=0.01s Real=0.00s
[2026-05-12T14:13:45.085+0100][1.944s][info] GC(28) Pause Full (System.gc())
[2026-05-12T14:13:45.085+0100][1.944s][info] GC(28) Using 10 workers of 10 for full compaction
[2026-05-12T14:13:45.085+0100][1.944s][info] GC(28) Phase 1: Mark live objects
[2026-05-12T14:13:45.088+0100][1.947s][info] GC(28) Phase 1: Mark live objects 3.164ms
[2026-05-12T14:13:45.088+0100][1.947s][info] GC(28) Phase 2: Prepare for compaction
[2026-05-12T14:13:45.089+0100][1.947s][info] GC(28) Phase 2: Prepare for compaction 0.188ms
[2026-05-12T14:13:45.089+0100][1.947s][info] GC(28) Phase 3: Adjust pointers
[2026-05-12T14:13:45.090+0100][1.949s][info] GC(28) Phase 3: Adjust pointers 1.139ms
[2026-05-12T14:13:45.090+0100][1.949s][info] GC(28) Phase 4: Compact heap
[2026-05-12T14:13:45.090+0100][1.949s][info] GC(28) Phase 4: Compact heap 0.103ms
[2026-05-12T14:13:45.090+0100][1.949s][info] GC(28) Eden regions: 12->0(41)
[2026-05-12T14:13:45.090+0100][1.949s][info] GC(28) Survivor regions: 0->0(4)
[2026-05-12T14:13:45.090+0100][1.949s][info] GC(28) Old regions: 55->55
[2026-05-12T14:13:45.090+0100][1.949s][info] GC(28) Archive regions: 2->2
[2026-05-12T14:13:45.090+0100][1.949s][info] GC(28) Humongous regions: 0->0
[2026-05-12T14:13:45.090+0100][1.949s][info] GC(28) Metaspace: 2912K(3136K)->2912K(3136K) NonClass: 2626K(2752K)->2626K(2752K) Class: 285K(384K)->285K(384K)
[2026-05-12T14:13:45.090+0100][1.949s][info] GC(28) Pause Full (System.gc()) 63M->51M(512M) 5.058ms
[2026-05-12T14:13:45.090+0100][1.949s][info] GC(28) User=0.04s Sys=0.00s Real=0.01s
[2026-05-12T14:13:45.150+0100][2.009s][info] GC(29) Pause Full (System.gc())
[2026-05-12T14:13:45.150+0100][2.009s][info] GC(29) Using 10 workers of 10 for full compaction
[2026-05-12T14:13:45.151+0100][2.009s][info] GC(29) Phase 1: Mark live objects
[2026-05-12T14:13:45.154+0100][2.013s][info] GC(29) Phase 1: Mark live objects 3.734ms
[2026-05-12T14:13:45.154+0100][2.013s][info] GC(29) Phase 2: Prepare for compaction
[2026-05-12T14:13:45.155+0100][2.013s][info] GC(29) Phase 2: Prepare for compaction 0.293ms
[2026-05-12T14:13:45.155+0100][2.013s][info] GC(29) Phase 3: Adjust pointers
[2026-05-12T14:13:45.156+0100][2.015s][info] GC(29) Phase 3: Adjust pointers 1.294ms
[2026-05-12T14:13:45.156+0100][2.015s][info] GC(29) Phase 4: Compact heap
[2026-05-12T14:13:45.156+0100][2.015s][info] GC(29) Phase 4: Compact heap 0.179ms
[2026-05-12T14:13:45.156+0100][2.015s][info] GC(29) Eden regions: 12->0(41)
[2026-05-12T14:13:45.156+0100][2.015s][info] GC(29) Survivor regions: 0->0(4)
[2026-05-12T14:13:45.156+0100][2.015s][info] GC(29) Old regions: 55->55
[2026-05-12T14:13:45.156+0100][2.015s][info] GC(29) Archive regions: 2->2
[2026-05-12T14:13:45.156+0100][2.015s][info] GC(29) Humongous regions: 0->0
[2026-05-12T14:13:45.156+0100][2.015s][info] GC(29) Metaspace: 2912K(3136K)->2912K(3136K) NonClass: 2627K(2752K)->2627K(2752K) Class: 285K(384K)->285K(384K)
[2026-05-12T14:13:45.156+0100][2.015s][info] GC(29) Pause Full (System.gc()) 63M->51M(512M) 6.044ms
[2026-05-12T14:13:45.156+0100][2.015s][info] GC(29) User=0.05s Sys=0.00s Real=0.00s
[2026-05-12T14:13:45.213+0100][2.072s][info] GC(30) Pause Full (System.gc())
[2026-05-12T14:13:45.213+0100][2.072s][info] GC(30) Using 10 workers of 10 for full compaction
[2026-05-12T14:13:45.213+0100][2.072s][info] GC(30) Phase 1: Mark live objects
[2026-05-12T14:13:45.217+0100][2.076s][info] GC(30) Phase 1: Mark live objects 3.839ms
[2026-05-12T14:13:45.217+0100][2.076s][info] GC(30) Phase 2: Prepare for compaction
[2026-05-12T14:13:45.218+0100][2.076s][info] GC(30) Phase 2: Prepare for compaction 0.180ms
[2026-05-12T14:13:45.218+0100][2.076s][info] GC(30) Phase 3: Adjust pointers
[2026-05-12T14:13:45.219+0100][2.078s][info] GC(30) Phase 3: Adjust pointers 1.317ms
[2026-05-12T14:13:45.219+0100][2.078s][info] GC(30) Phase 4: Compact heap
[2026-05-12T14:13:45.219+0100][2.078s][info] GC(30) Phase 4: Compact heap 0.128ms
[2026-05-12T14:13:45.219+0100][2.078s][info] GC(30) Eden regions: 12->0(41)
[2026-05-12T14:13:45.219+0100][2.078s][info] GC(30) Survivor regions: 0->0(4)
[2026-05-12T14:13:45.219+0100][2.078s][info] GC(30) Old regions: 55->55
[2026-05-12T14:13:45.219+0100][2.078s][info] GC(30) Archive regions: 2->2
[2026-05-12T14:13:45.219+0100][2.078s][info] GC(30) Humongous regions: 0->0
[2026-05-12T14:13:45.219+0100][2.078s][info] GC(30) Metaspace: 2916K(3136K)->2916K(3136K) NonClass: 2630K(2752K)->2630K(2752K) Class: 285K(384K)->285K(384K)
[2026-05-12T14:13:45.219+0100][2.078s][info] GC(30) Pause Full (System.gc()) 63M->51M(512M) 5.908ms
[2026-05-12T14:13:45.219+0100][2.078s][info] GC(30) User=0.04s Sys=0.01s Real=0.00s
[2026-05-12T14:13:45.274+0100][2.133s][info] GC(31) Pause Full (System.gc())
[2026-05-12T14:13:45.274+0100][2.133s][info] GC(31) Using 10 workers of 10 for full compaction
[2026-05-12T14:13:45.275+0100][2.133s][info] GC(31) Phase 1: Mark live objects
[2026-05-12T14:13:45.279+0100][2.137s][info] GC(31) Phase 1: Mark live objects 3.997ms
[2026-05-12T14:13:45.279+0100][2.137s][info] GC(31) Phase 2: Prepare for compaction
[2026-05-12T14:13:45.279+0100][2.137s][info] GC(31) Phase 2: Prepare for compaction 0.206ms
[2026-05-12T14:13:45.279+0100][2.137s][info] GC(31) Phase 3: Adjust pointers
[2026-05-12T14:13:45.280+0100][2.139s][info] GC(31) Phase 3: Adjust pointers 1.409ms
[2026-05-12T14:13:45.280+0100][2.139s][info] GC(31) Phase 4: Compact heap
[2026-05-12T14:13:45.280+0100][2.139s][info] GC(31) Phase 4: Compact heap 0.208ms
[2026-05-12T14:13:45.281+0100][2.139s][info] GC(31) Eden regions: 12->0(41)
[2026-05-12T14:13:45.281+0100][2.139s][info] GC(31) Survivor regions: 0->0(4)
[2026-05-12T14:13:45.281+0100][2.139s][info] GC(31) Old regions: 55->56
[2026-05-12T14:13:45.281+0100][2.139s][info] GC(31) Archive regions: 2->2
[2026-05-12T14:13:45.281+0100][2.139s][info] GC(31) Humongous regions: 0->0
[2026-05-12T14:13:45.281+0100][2.139s][info] GC(31) Metaspace: 2920K(3136K)->2920K(3136K) NonClass: 2634K(2752K)->2634K(2752K) Class: 285K(384K)->285K(384K)
[2026-05-12T14:13:45.281+0100][2.139s][info] GC(31) Pause Full (System.gc()) 63M->51M(512M) 6.386ms
[2026-05-12T14:13:45.281+0100][2.139s][info] GC(31) User=0.04s Sys=0.00s Real=0.01s
[2026-05-12T14:13:45.341+0100][2.200s][info] GC(32) Pause Full (System.gc())
[2026-05-12T14:13:45.341+0100][2.200s][info] GC(32) Using 10 workers of 10 for full compaction
[2026-05-12T14:13:45.341+0100][2.200s][info] GC(32) Phase 1: Mark live objects
[2026-05-12T14:13:45.347+0100][2.205s][info] GC(32) Phase 1: Mark live objects 5.446ms
[2026-05-12T14:13:45.347+0100][2.205s][info] GC(32) Phase 2: Prepare for compaction
[2026-05-12T14:13:45.347+0100][2.206s][info] GC(32) Phase 2: Prepare for compaction 0.191ms
[2026-05-12T14:13:45.347+0100][2.206s][info] GC(32) Phase 3: Adjust pointers
[2026-05-12T14:13:45.348+0100][2.207s][info] GC(32) Phase 3: Adjust pointers 1.520ms
[2026-05-12T14:13:45.348+0100][2.207s][info] GC(32) Phase 4: Compact heap
[2026-05-12T14:13:45.349+0100][2.207s][info] GC(32) Phase 4: Compact heap 0.211ms
[2026-05-12T14:13:45.349+0100][2.208s][info] GC(32) Eden regions: 12->0(41)
[2026-05-12T14:13:45.349+0100][2.208s][info] GC(32) Survivor regions: 0->0(4)
[2026-05-12T14:13:45.349+0100][2.208s][info] GC(32) Old regions: 56->55
[2026-05-12T14:13:45.349+0100][2.208s][info] GC(32) Archive regions: 2->2
[2026-05-12T14:13:45.349+0100][2.208s][info] GC(32) Humongous regions: 0->0
[2026-05-12T14:13:45.349+0100][2.208s][info] GC(32) Metaspace: 2926K(3136K)->2926K(3136K) NonClass: 2640K(2752K)->2640K(2752K) Class: 285K(384K)->285K(384K)
[2026-05-12T14:13:45.349+0100][2.208s][info] GC(32) Pause Full (System.gc()) 63M->51M(512M) 7.917ms
[2026-05-12T14:13:45.349+0100][2.208s][info] GC(32) User=0.05s Sys=0.01s Real=0.00s
[2026-05-12T14:13:45.409+0100][2.268s][info] GC(33) Pause Full (System.gc())
[2026-05-12T14:13:45.409+0100][2.268s][info] GC(33) Using 10 workers of 10 for full compaction
[2026-05-12T14:13:45.410+0100][2.268s][info] GC(33) Phase 1: Mark live objects
[2026-05-12T14:13:45.414+0100][2.272s][info] GC(33) Phase 1: Mark live objects 4.206ms
[2026-05-12T14:13:45.414+0100][2.272s][info] GC(33) Phase 2: Prepare for compaction
[2026-05-12T14:13:45.414+0100][2.273s][info] GC(33) Phase 2: Prepare for compaction 0.283ms
[2026-05-12T14:13:45.414+0100][2.273s][info] GC(33) Phase 3: Adjust pointers
[2026-05-12T14:13:45.416+0100][2.274s][info] GC(33) Phase 3: Adjust pointers 1.628ms
[2026-05-12T14:13:45.416+0100][2.274s][info] GC(33) Phase 4: Compact heap
[2026-05-12T14:13:45.416+0100][2.275s][info] GC(33) Phase 4: Compact heap 0.182ms
[2026-05-12T14:13:45.416+0100][2.275s][info] GC(33) Eden regions: 12->0(41)
[2026-05-12T14:13:45.416+0100][2.275s][info] GC(33) Survivor regions: 0->0(4)
[2026-05-12T14:13:45.416+0100][2.275s][info] GC(33) Old regions: 55->56
[2026-05-12T14:13:45.416+0100][2.275s][info] GC(33) Archive regions: 2->2
[2026-05-12T14:13:45.416+0100][2.275s][info] GC(33) Humongous regions: 0->0
[2026-05-12T14:13:45.416+0100][2.275s][info] GC(33) Metaspace: 2928K(3136K)->2928K(3136K) NonClass: 2642K(2752K)->2642K(2752K) Class: 286K(384K)->286K(384K)
[2026-05-12T14:13:45.416+0100][2.275s][info] GC(33) Pause Full (System.gc()) 63M->51M(512M) 6.872ms
[2026-05-12T14:13:45.416+0100][2.275s][info] GC(33) User=0.05s Sys=0.00s Real=0.01s
[2026-05-12T14:13:45.520+0100][2.378s][info] GC(34) Pause Full (System.gc())
[2026-05-12T14:13:45.520+0100][2.378s][info] GC(34) Using 10 workers of 10 for full compaction
[2026-05-12T14:13:45.520+0100][2.378s][info] GC(34) Phase 1: Mark live objects
[2026-05-12T14:13:45.522+0100][2.381s][info] GC(34) Phase 1: Mark live objects 2.659ms
[2026-05-12T14:13:45.522+0100][2.381s][info] GC(34) Phase 2: Prepare for compaction
[2026-05-12T14:13:45.522+0100][2.381s][info] GC(34) Phase 2: Prepare for compaction 0.158ms
[2026-05-12T14:13:45.522+0100][2.381s][info] GC(34) Phase 3: Adjust pointers
[2026-05-12T14:13:45.523+0100][2.382s][info] GC(34) Phase 3: Adjust pointers 0.938ms
[2026-05-12T14:13:45.523+0100][2.382s][info] GC(34) Phase 4: Compact heap
[2026-05-12T14:13:45.524+0100][2.382s][info] GC(34) Phase 4: Compact heap 0.102ms
[2026-05-12T14:13:45.524+0100][2.382s][info] GC(34) Eden regions: 12->0(41)
[2026-05-12T14:13:45.524+0100][2.382s][info] GC(34) Survivor regions: 0->0(4)
[2026-05-12T14:13:45.524+0100][2.382s][info] GC(34) Old regions: 56->56
[2026-05-12T14:13:45.524+0100][2.382s][info] GC(34) Archive regions: 2->2
[2026-05-12T14:13:45.524+0100][2.382s][info] GC(34) Humongous regions: 0->0
[2026-05-12T14:13:45.524+0100][2.382s][info] GC(34) Metaspace: 2952K(3136K)->2952K(3136K) NonClass: 2663K(2752K)->2663K(2752K) Class: 288K(384K)->288K(384K)
[2026-05-12T14:13:45.524+0100][2.382s][info] GC(34) Pause Full (System.gc()) 63M->51M(512M) 4.228ms
[2026-05-12T14:13:45.524+0100][2.382s][info] GC(34) User=0.04s Sys=0.00s Real=0.00s
[2026-05-12T14:13:45.589+0100][2.447s][info] GC(35) Pause Full (System.gc())
[2026-05-12T14:13:45.589+0100][2.447s][info] GC(35) Using 10 workers of 10 for full compaction
[2026-05-12T14:13:45.589+0100][2.447s][info] GC(35) Phase 1: Mark live objects
[2026-05-12T14:13:45.592+0100][2.451s][info] GC(35) Phase 1: Mark live objects 3.320ms
[2026-05-12T14:13:45.592+0100][2.451s][info] GC(35) Phase 2: Prepare for compaction
[2026-05-12T14:13:45.592+0100][2.451s][info] GC(35) Phase 2: Prepare for compaction 0.173ms
[2026-05-12T14:13:45.592+0100][2.451s][info] GC(35) Phase 3: Adjust pointers
[2026-05-12T14:13:45.593+0100][2.452s][info] GC(35) Phase 3: Adjust pointers 1.157ms
[2026-05-12T14:13:45.593+0100][2.452s][info] GC(35) Phase 4: Compact heap
[2026-05-12T14:13:45.594+0100][2.452s][info] GC(35) Phase 4: Compact heap 0.120ms
[2026-05-12T14:13:45.594+0100][2.453s][info] GC(35) Eden regions: 12->0(41)
[2026-05-12T14:13:45.594+0100][2.453s][info] GC(35) Survivor regions: 0->0(4)
[2026-05-12T14:13:45.594+0100][2.453s][info] GC(35) Old regions: 56->56
[2026-05-12T14:13:45.594+0100][2.453s][info] GC(35) Archive regions: 2->2
[2026-05-12T14:13:45.594+0100][2.453s][info] GC(35) Humongous regions: 0->0
[2026-05-12T14:13:45.594+0100][2.453s][info] GC(35) Metaspace: 2955K(3136K)->2955K(3136K) NonClass: 2667K(2752K)->2667K(2752K) Class: 288K(384K)->288K(384K)
[2026-05-12T14:13:45.594+0100][2.453s][info] GC(35) Pause Full (System.gc()) 63M->51M(512M) 5.294ms
[2026-05-12T14:13:45.594+0100][2.453s][info] GC(35) User=0.04s Sys=0.00s Real=0.01s
[2026-05-12T14:13:45.650+0100][2.509s][info] GC(36) Pause Full (System.gc())
[2026-05-12T14:13:45.650+0100][2.509s][info] GC(36) Using 10 workers of 10 for full compaction
[2026-05-12T14:13:45.650+0100][2.509s][info] GC(36) Phase 1: Mark live objects
[2026-05-12T14:13:45.654+0100][2.512s][info] GC(36) Phase 1: Mark live objects 3.475ms
[2026-05-12T14:13:45.654+0100][2.512s][info] GC(36) Phase 2: Prepare for compaction
[2026-05-12T14:13:45.654+0100][2.513s][info] GC(36) Phase 2: Prepare for compaction 0.172ms
[2026-05-12T14:13:45.654+0100][2.513s][info] GC(36) Phase 3: Adjust pointers
[2026-05-12T14:13:45.655+0100][2.514s][info] GC(36) Phase 3: Adjust pointers 1.286ms
[2026-05-12T14:13:45.655+0100][2.514s][info] GC(36) Phase 4: Compact heap
[2026-05-12T14:13:45.655+0100][2.514s][info] GC(36) Phase 4: Compact heap 0.121ms
[2026-05-12T14:13:45.656+0100][2.514s][info] GC(36) Eden regions: 10->0(41)
[2026-05-12T14:13:45.656+0100][2.514s][info] GC(36) Survivor regions: 0->0(4)
[2026-05-12T14:13:45.656+0100][2.514s][info] GC(36) Old regions: 56->55
[2026-05-12T14:13:45.656+0100][2.514s][info] GC(36) Archive regions: 2->2
[2026-05-12T14:13:45.656+0100][2.514s][info] GC(36) Humongous regions: 0->0
[2026-05-12T14:13:45.656+0100][2.514s][info] GC(36) Metaspace: 2964K(3136K)->2964K(3136K) NonClass: 2675K(2752K)->2675K(2752K) Class: 288K(384K)->288K(384K)
[2026-05-12T14:13:45.656+0100][2.514s][info] GC(36) Pause Full (System.gc()) 61M->51M(512M) 5.520ms
[2026-05-12T14:13:45.656+0100][2.514s][info] GC(36) User=0.05s Sys=0.00s Real=0.00s
[2026-05-12T14:13:45.712+0100][2.571s][info] GC(37) Pause Full (System.gc())
[2026-05-12T14:13:45.712+0100][2.571s][info] GC(37) Using 10 workers of 10 for full compaction
[2026-05-12T14:13:45.712+0100][2.571s][info] GC(37) Phase 1: Mark live objects
[2026-05-12T14:13:45.716+0100][2.575s][info] GC(37) Phase 1: Mark live objects 4.078ms
[2026-05-12T14:13:45.716+0100][2.575s][info] GC(37) Phase 2: Prepare for compaction
[2026-05-12T14:13:45.717+0100][2.575s][info] GC(37) Phase 2: Prepare for compaction 0.177ms
[2026-05-12T14:13:45.717+0100][2.575s][info] GC(37) Phase 3: Adjust pointers
[2026-05-12T14:13:45.718+0100][2.577s][info] GC(37) Phase 3: Adjust pointers 1.442ms
[2026-05-12T14:13:45.718+0100][2.577s][info] GC(37) Phase 4: Compact heap
[2026-05-12T14:13:45.718+0100][2.577s][info] GC(37) Phase 4: Compact heap 0.144ms
[2026-05-12T14:13:45.719+0100][2.577s][info] GC(37) Eden regions: 10->0(41)
[2026-05-12T14:13:45.719+0100][2.577s][info] GC(37) Survivor regions: 0->0(4)
[2026-05-12T14:13:45.719+0100][2.577s][info] GC(37) Old regions: 55->59
[2026-05-12T14:13:45.719+0100][2.577s][info] GC(37) Archive regions: 2->2
[2026-05-12T14:13:45.719+0100][2.577s][info] GC(37) Humongous regions: 0->0
[2026-05-12T14:13:45.719+0100][2.577s][info] GC(37) Metaspace: 2966K(3136K)->2966K(3136K) NonClass: 2677K(2752K)->2677K(2752K) Class: 288K(384K)->288K(384K)
[2026-05-12T14:13:45.719+0100][2.577s][info] GC(37) Pause Full (System.gc()) 61M->56M(512M) 6.431ms
[2026-05-12T14:13:45.719+0100][2.577s][info] GC(37) User=0.06s Sys=0.01s Real=0.00s
[2026-05-12T14:13:45.778+0100][2.637s][info] GC(38) Pause Full (System.gc())
[2026-05-12T14:13:45.778+0100][2.637s][info] GC(38) Using 10 workers of 10 for full compaction
[2026-05-12T14:13:45.779+0100][2.637s][info] GC(38) Phase 1: Mark live objects
[2026-05-12T14:13:45.783+0100][2.642s][info] GC(38) Phase 1: Mark live objects 4.621ms
[2026-05-12T14:13:45.783+0100][2.642s][info] GC(38) Phase 2: Prepare for compaction
[2026-05-12T14:13:45.783+0100][2.642s][info] GC(38) Phase 2: Prepare for compaction 0.244ms
[2026-05-12T14:13:45.783+0100][2.642s][info] GC(38) Phase 3: Adjust pointers
[2026-05-12T14:13:45.785+0100][2.644s][info] GC(38) Phase 3: Adjust pointers 1.633ms
[2026-05-12T14:13:45.785+0100][2.644s][info] GC(38) Phase 4: Compact heap
[2026-05-12T14:13:45.785+0100][2.644s][info] GC(38) Phase 4: Compact heap 0.133ms
[2026-05-12T14:13:45.786+0100][2.644s][info] GC(38) Eden regions: 10->0(41)
[2026-05-12T14:13:45.786+0100][2.644s][info] GC(38) Survivor regions: 0->0(4)
[2026-05-12T14:13:45.786+0100][2.644s][info] GC(38) Old regions: 59->59
[2026-05-12T14:13:45.786+0100][2.644s][info] GC(38) Archive regions: 2->2
[2026-05-12T14:13:45.786+0100][2.644s][info] GC(38) Humongous regions: 0->0
[2026-05-12T14:13:45.786+0100][2.644s][info] GC(38) Metaspace: 2983K(3200K)->2983K(3200K) NonClass: 2695K(2816K)->2695K(2816K) Class: 288K(384K)->288K(384K)
[2026-05-12T14:13:45.786+0100][2.644s][info] GC(38) Pause Full (System.gc()) 66M->56M(512M) 7.187ms
[2026-05-12T14:13:45.786+0100][2.644s][info] GC(38) User=0.06s Sys=0.00s Real=0.01s
[2026-05-12T14:13:45.844+0100][2.703s][info] GC(39) Pause Full (System.gc())
[2026-05-12T14:13:45.844+0100][2.703s][info] GC(39) Using 10 workers of 10 for full compaction
[2026-05-12T14:13:45.844+0100][2.703s][info] GC(39) Phase 1: Mark live objects
[2026-05-12T14:13:45.848+0100][2.707s][info] GC(39) Phase 1: Mark live objects 3.932ms
[2026-05-12T14:13:45.848+0100][2.707s][info] GC(39) Phase 2: Prepare for compaction
[2026-05-12T14:13:45.848+0100][2.707s][info] GC(39) Phase 2: Prepare for compaction 0.174ms
[2026-05-12T14:13:45.848+0100][2.707s][info] GC(39) Phase 3: Adjust pointers
[2026-05-12T14:13:45.850+0100][2.709s][info] GC(39) Phase 3: Adjust pointers 1.509ms
[2026-05-12T14:13:45.850+0100][2.709s][info] GC(39) Phase 4: Compact heap
[2026-05-12T14:13:45.850+0100][2.709s][info] GC(39) Phase 4: Compact heap 0.125ms
[2026-05-12T14:13:45.850+0100][2.709s][info] GC(39) Eden regions: 10->0(41)
[2026-05-12T14:13:45.850+0100][2.709s][info] GC(39) Survivor regions: 0->0(4)
[2026-05-12T14:13:45.850+0100][2.709s][info] GC(39) Old regions: 59->59
[2026-05-12T14:13:45.850+0100][2.709s][info] GC(39) Archive regions: 2->2
[2026-05-12T14:13:45.850+0100][2.709s][info] GC(39) Humongous regions: 0->0
[2026-05-12T14:13:45.850+0100][2.709s][info] GC(39) Metaspace: 2984K(3200K)->2984K(3200K) NonClass: 2695K(2816K)->2695K(2816K) Class: 288K(384K)->288K(384K)
[2026-05-12T14:13:45.850+0100][2.709s][info] GC(39) Pause Full (System.gc()) 66M->56M(512M) 6.293ms
[2026-05-12T14:13:45.850+0100][2.709s][info] GC(39) User=0.05s Sys=0.00s Real=0.01s
[2026-05-12T14:13:45.911+0100][2.770s][info] GC(40) Pause Full (System.gc())
[2026-05-12T14:13:45.911+0100][2.770s][info] GC(40) Using 10 workers of 10 for full compaction
[2026-05-12T14:13:45.911+0100][2.770s][info] GC(40) Phase 1: Mark live objects
[2026-05-12T14:13:45.916+0100][2.775s][info] GC(40) Phase 1: Mark live objects 4.891ms
[2026-05-12T14:13:45.916+0100][2.775s][info] GC(40) Phase 2: Prepare for compaction
[2026-05-12T14:13:45.916+0100][2.775s][info] GC(40) Phase 2: Prepare for compaction 0.239ms
[2026-05-12T14:13:45.916+0100][2.775s][info] GC(40) Phase 3: Adjust pointers
[2026-05-12T14:13:45.918+0100][2.777s][info] GC(40) Phase 3: Adjust pointers 1.483ms
[2026-05-12T14:13:45.918+0100][2.777s][info] GC(40) Phase 4: Compact heap
[2026-05-12T14:13:45.918+0100][2.777s][info] GC(40) Phase 4: Compact heap 0.138ms
[2026-05-12T14:13:45.918+0100][2.777s][info] GC(40) Eden regions: 10->0(41)
[2026-05-12T14:13:45.918+0100][2.777s][info] GC(40) Survivor regions: 0->0(4)
[2026-05-12T14:13:45.918+0100][2.777s][info] GC(40) Old regions: 59->60
[2026-05-12T14:13:45.918+0100][2.777s][info] GC(40) Archive regions: 2->2
[2026-05-12T14:13:45.918+0100][2.777s][info] GC(40) Humongous regions: 0->0
[2026-05-12T14:13:45.918+0100][2.777s][info] GC(40) Metaspace: 2992K(3200K)->2992K(3200K) NonClass: 2704K(2816K)->2704K(2816K) Class: 288K(384K)->288K(384K)
[2026-05-12T14:13:45.918+0100][2.777s][info] GC(40) Pause Full (System.gc()) 66M->56M(512M) 7.293ms
[2026-05-12T14:13:45.918+0100][2.777s][info] GC(40) User=0.06s Sys=0.01s Real=0.00s
[2026-05-12T14:13:45.977+0100][2.835s][info] GC(41) Pause Full (System.gc())
[2026-05-12T14:13:45.977+0100][2.835s][info] GC(41) Using 10 workers of 10 for full compaction
[2026-05-12T14:13:45.977+0100][2.835s][info] GC(41) Phase 1: Mark live objects
[2026-05-12T14:13:45.982+0100][2.840s][info] GC(41) Phase 1: Mark live objects 4.815ms
[2026-05-12T14:13:45.982+0100][2.840s][info] GC(41) Phase 2: Prepare for compaction
[2026-05-12T14:13:45.982+0100][2.841s][info] GC(41) Phase 2: Prepare for compaction 0.232ms
[2026-05-12T14:13:45.982+0100][2.841s][info] GC(41) Phase 3: Adjust pointers
[2026-05-12T14:13:45.983+0100][2.842s][info] GC(41) Phase 3: Adjust pointers 1.507ms
[2026-05-12T14:13:45.983+0100][2.842s][info] GC(41) Phase 4: Compact heap
[2026-05-12T14:13:45.984+0100][2.842s][info] GC(41) Phase 4: Compact heap 0.112ms
[2026-05-12T14:13:45.984+0100][2.843s][info] GC(41) Eden regions: 10->0(41)
[2026-05-12T14:13:45.984+0100][2.843s][info] GC(41) Survivor regions: 0->0(4)
[2026-05-12T14:13:45.984+0100][2.843s][info] GC(41) Old regions: 60->60
[2026-05-12T14:13:45.984+0100][2.843s][info] GC(41) Archive regions: 2->2
[2026-05-12T14:13:45.984+0100][2.843s][info] GC(41) Humongous regions: 0->0
[2026-05-12T14:13:45.984+0100][2.843s][info] GC(41) Metaspace: 2995K(3200K)->2995K(3200K) NonClass: 2707K(2816K)->2707K(2816K) Class: 288K(384K)->288K(384K)
[2026-05-12T14:13:45.984+0100][2.843s][info] GC(41) Pause Full (System.gc()) 66M->56M(512M) 7.258ms
[2026-05-12T14:13:45.984+0100][2.843s][info] GC(41) User=0.05s Sys=0.01s Real=0.01s
[2026-05-12T14:13:46.045+0100][2.904s][info] GC(42) Pause Full (System.gc())
[2026-05-12T14:13:46.045+0100][2.904s][info] GC(42) Using 10 workers of 10 for full compaction
[2026-05-12T14:13:46.045+0100][2.904s][info] GC(42) Phase 1: Mark live objects
[2026-05-12T14:13:46.050+0100][2.908s][info] GC(42) Phase 1: Mark live objects 4.546ms
[2026-05-12T14:13:46.050+0100][2.908s][info] GC(42) Phase 2: Prepare for compaction
[2026-05-12T14:13:46.050+0100][2.909s][info] GC(42) Phase 2: Prepare for compaction 0.195ms
[2026-05-12T14:13:46.050+0100][2.909s][info] GC(42) Phase 3: Adjust pointers
[2026-05-12T14:13:46.052+0100][2.910s][info] GC(42) Phase 3: Adjust pointers 1.619ms
[2026-05-12T14:13:46.052+0100][2.910s][info] GC(42) Phase 4: Compact heap
[2026-05-12T14:13:46.052+0100][2.910s][info] GC(42) Phase 4: Compact heap 0.152ms
[2026-05-12T14:13:46.052+0100][2.911s][info] GC(42) Eden regions: 10->0(41)
[2026-05-12T14:13:46.052+0100][2.911s][info] GC(42) Survivor regions: 0->0(4)
[2026-05-12T14:13:46.052+0100][2.911s][info] GC(42) Old regions: 60->60
[2026-05-12T14:13:46.052+0100][2.911s][info] GC(42) Archive regions: 2->2
[2026-05-12T14:13:46.052+0100][2.911s][info] GC(42) Humongous regions: 0->0
[2026-05-12T14:13:46.052+0100][2.911s][info] GC(42) Metaspace: 2999K(3200K)->2999K(3200K) NonClass: 2711K(2816K)->2711K(2816K) Class: 288K(384K)->288K(384K)
[2026-05-12T14:13:46.052+0100][2.911s][info] GC(42) Pause Full (System.gc()) 66M->56M(512M) 7.069ms
[2026-05-12T14:13:46.052+0100][2.911s][info] GC(42) User=0.06s Sys=0.00s Real=0.01s
[2026-05-12T14:13:46.158+0100][3.017s][info] GC(43) Pause Full (System.gc())
[2026-05-12T14:13:46.158+0100][3.017s][info] GC(43) Using 10 workers of 10 for full compaction
[2026-05-12T14:13:46.158+0100][3.017s][info] GC(43) Phase 1: Mark live objects
[2026-05-12T14:13:46.161+0100][3.019s][info] GC(43) Phase 1: Mark live objects 2.350ms
[2026-05-12T14:13:46.161+0100][3.019s][info] GC(43) Phase 2: Prepare for compaction
[2026-05-12T14:13:46.161+0100][3.019s][info] GC(43) Phase 2: Prepare for compaction 0.192ms
[2026-05-12T14:13:46.161+0100][3.019s][info] GC(43) Phase 3: Adjust pointers
[2026-05-12T14:13:46.162+0100][3.020s][info] GC(43) Phase 3: Adjust pointers 0.947ms
[2026-05-12T14:13:46.162+0100][3.020s][info] GC(43) Phase 4: Compact heap
[2026-05-12T14:13:46.162+0100][3.021s][info] GC(43) Phase 4: Compact heap 0.139ms
[2026-05-12T14:13:46.162+0100][3.021s][info] GC(43) Eden regions: 10->0(41)
[2026-05-12T14:13:46.162+0100][3.021s][info] GC(43) Survivor regions: 0->0(4)
[2026-05-12T14:13:46.162+0100][3.021s][info] GC(43) Old regions: 60->46
[2026-05-12T14:13:46.162+0100][3.021s][info] GC(43) Archive regions: 2->2
[2026-05-12T14:13:46.162+0100][3.021s][info] GC(43) Humongous regions: 0->0
[2026-05-12T14:13:46.162+0100][3.021s][info] GC(43) Metaspace: 3048K(3200K)->3048K(3200K) NonClass: 2759K(2816K)->2759K(2816K) Class: 288K(384K)->288K(384K)
[2026-05-12T14:13:46.162+0100][3.021s][info] GC(43) Pause Full (System.gc()) 66M->43M(512M) 4.131ms
[2026-05-12T14:13:46.162+0100][3.021s][info] GC(43) User=0.03s Sys=0.00s Real=0.01s
[2026-05-12T14:13:46.257+0100][3.116s][info] GC(44) Pause Full (System.gc())
[2026-05-12T14:13:46.257+0100][3.116s][info] GC(44) Using 10 workers of 10 for full compaction
[2026-05-12T14:13:46.257+0100][3.116s][info] GC(44) Phase 1: Mark live objects
[2026-05-12T14:13:46.260+0100][3.118s][info] GC(44) Phase 1: Mark live objects 2.164ms
[2026-05-12T14:13:46.260+0100][3.118s][info] GC(44) Phase 2: Prepare for compaction
[2026-05-12T14:13:46.260+0100][3.118s][info] GC(44) Phase 2: Prepare for compaction 0.146ms
[2026-05-12T14:13:46.260+0100][3.118s][info] GC(44) Phase 3: Adjust pointers
[2026-05-12T14:13:46.261+0100][3.119s][info] GC(44) Phase 3: Adjust pointers 0.818ms
[2026-05-12T14:13:46.261+0100][3.119s][info] GC(44) Phase 4: Compact heap
[2026-05-12T14:13:46.261+0100][3.119s][info] GC(44) Phase 4: Compact heap 0.113ms
[2026-05-12T14:13:46.261+0100][3.120s][info] GC(44) Eden regions: 11->0(41)
[2026-05-12T14:13:46.261+0100][3.120s][info] GC(44) Survivor regions: 0->0(4)
[2026-05-12T14:13:46.261+0100][3.120s][info] GC(44) Old regions: 46->47
[2026-05-12T14:13:46.261+0100][3.120s][info] GC(44) Archive regions: 2->2
[2026-05-12T14:13:46.261+0100][3.120s][info] GC(44) Humongous regions: 0->0
[2026-05-12T14:13:46.261+0100][3.120s][info] GC(44) Metaspace: 3168K(3456K)->3168K(3456K) NonClass: 2866K(3008K)->2866K(3008K) Class: 301K(448K)->301K(448K)
[2026-05-12T14:13:46.261+0100][3.120s][info] GC(44) Pause Full (System.gc()) 53M->43M(512M) 3.740ms
[2026-05-12T14:13:46.261+0100][3.120s][info] GC(44) User=0.02s Sys=0.01s Real=0.01s
[2026-05-12T14:13:46.316+0100][3.174s][info] GC(45) Pause Full (System.gc())
[2026-05-12T14:13:46.316+0100][3.174s][info] GC(45) Using 10 workers of 10 for full compaction
[2026-05-12T14:13:46.316+0100][3.175s][info] GC(45) Phase 1: Mark live objects
[2026-05-12T14:13:46.319+0100][3.177s][info] GC(45) Phase 1: Mark live objects 2.760ms
[2026-05-12T14:13:46.319+0100][3.177s][info] GC(45) Phase 2: Prepare for compaction
[2026-05-12T14:13:46.319+0100][3.178s][info] GC(45) Phase 2: Prepare for compaction 0.261ms
[2026-05-12T14:13:46.319+0100][3.178s][info] GC(45) Phase 3: Adjust pointers
[2026-05-12T14:13:46.320+0100][3.179s][info] GC(45) Phase 3: Adjust pointers 0.975ms
[2026-05-12T14:13:46.320+0100][3.179s][info] GC(45) Phase 4: Compact heap
[2026-05-12T14:13:46.320+0100][3.179s][info] GC(45) Phase 4: Compact heap 0.113ms
[2026-05-12T14:13:46.320+0100][3.179s][info] GC(45) Eden regions: 10->0(41)
[2026-05-12T14:13:46.320+0100][3.179s][info] GC(45) Survivor regions: 0->0(4)
[2026-05-12T14:13:46.320+0100][3.179s][info] GC(45) Old regions: 47->47
[2026-05-12T14:13:46.320+0100][3.179s][info] GC(45) Archive regions: 2->2
[2026-05-12T14:13:46.320+0100][3.179s][info] GC(45) Humongous regions: 0->0
[2026-05-12T14:13:46.320+0100][3.179s][info] GC(45) Metaspace: 3171K(3456K)->3171K(3456K) NonClass: 2869K(3008K)->2869K(3008K) Class: 301K(448K)->301K(448K)
[2026-05-12T14:13:46.320+0100][3.179s][info] GC(45) Pause Full (System.gc()) 53M->43M(512M) 4.552ms
[2026-05-12T14:13:46.320+0100][3.179s][info] GC(45) User=0.04s Sys=0.00s Real=0.01s
[2026-05-12T14:13:46.380+0100][3.239s][info] GC(46) Pause Full (System.gc())
[2026-05-12T14:13:46.380+0100][3.239s][info] GC(46) Using 10 workers of 10 for full compaction
[2026-05-12T14:13:46.380+0100][3.239s][info] GC(46) Phase 1: Mark live objects
[2026-05-12T14:13:46.385+0100][3.243s][info] GC(46) Phase 1: Mark live objects 4.338ms
[2026-05-12T14:13:46.385+0100][3.243s][info] GC(46) Phase 2: Prepare for compaction
[2026-05-12T14:13:46.385+0100][3.244s][info] GC(46) Phase 2: Prepare for compaction 0.243ms
[2026-05-12T14:13:46.385+0100][3.244s][info] GC(46) Phase 3: Adjust pointers
[2026-05-12T14:13:46.386+0100][3.245s][info] GC(46) Phase 3: Adjust pointers 1.205ms
[2026-05-12T14:13:46.386+0100][3.245s][info] GC(46) Phase 4: Compact heap
[2026-05-12T14:13:46.386+0100][3.245s][info] GC(46) Phase 4: Compact heap 0.121ms
[2026-05-12T14:13:46.387+0100][3.245s][info] GC(46) Eden regions: 11->0(41)
[2026-05-12T14:13:46.387+0100][3.245s][info] GC(46) Survivor regions: 0->0(4)
[2026-05-12T14:13:46.387+0100][3.245s][info] GC(46) Old regions: 47->47
[2026-05-12T14:13:46.387+0100][3.245s][info] GC(46) Archive regions: 2->2
[2026-05-12T14:13:46.387+0100][3.245s][info] GC(46) Humongous regions: 0->0
[2026-05-12T14:13:46.387+0100][3.245s][info] GC(46) Metaspace: 3179K(3456K)->3179K(3456K) NonClass: 2877K(3008K)->2877K(3008K) Class: 301K(448K)->301K(448K)
[2026-05-12T14:13:46.387+0100][3.245s][info] GC(46) Pause Full (System.gc()) 53M->43M(512M) 6.478ms
[2026-05-12T14:13:46.387+0100][3.245s][info] GC(46) User=0.04s Sys=0.01s Real=0.00s
[2026-05-12T14:13:46.444+0100][3.303s][info] GC(47) Pause Full (System.gc())
[2026-05-12T14:13:46.444+0100][3.303s][info] GC(47) Using 10 workers of 10 for full compaction
[2026-05-12T14:13:46.444+0100][3.303s][info] GC(47) Phase 1: Mark live objects
[2026-05-12T14:13:46.448+0100][3.307s][info] GC(47) Phase 1: Mark live objects 3.585ms
[2026-05-12T14:13:46.448+0100][3.307s][info] GC(47) Phase 2: Prepare for compaction
[2026-05-12T14:13:46.448+0100][3.307s][info] GC(47) Phase 2: Prepare for compaction 0.232ms
[2026-05-12T14:13:46.448+0100][3.307s][info] GC(47) Phase 3: Adjust pointers
[2026-05-12T14:13:46.450+0100][3.308s][info] GC(47) Phase 3: Adjust pointers 1.383ms
[2026-05-12T14:13:46.450+0100][3.308s][info] GC(47) Phase 4: Compact heap
[2026-05-12T14:13:46.450+0100][3.308s][info] GC(47) Phase 4: Compact heap 0.203ms
[2026-05-12T14:13:46.450+0100][3.309s][info] GC(47) Eden regions: 11->0(41)
[2026-05-12T14:13:46.450+0100][3.309s][info] GC(47) Survivor regions: 0->0(4)
[2026-05-12T14:13:46.450+0100][3.309s][info] GC(47) Old regions: 47->51
[2026-05-12T14:13:46.450+0100][3.309s][info] GC(47) Archive regions: 2->2
[2026-05-12T14:13:46.450+0100][3.309s][info] GC(47) Humongous regions: 0->0
[2026-05-12T14:13:46.450+0100][3.309s][info] GC(47) Metaspace: 3184K(3456K)->3184K(3456K) NonClass: 2882K(3008K)->2882K(3008K) Class: 301K(448K)->301K(448K)
[2026-05-12T14:13:46.450+0100][3.309s][info] GC(47) Pause Full (System.gc()) 53M->47M(512M) 5.923ms
[2026-05-12T14:13:46.450+0100][3.309s][info] GC(47) User=0.05s Sys=0.00s Real=0.01s
[2026-05-12T14:13:46.510+0100][3.369s][info] GC(48) Pause Full (System.gc())
[2026-05-12T14:13:46.511+0100][3.369s][info] GC(48) Using 10 workers of 10 for full compaction
[2026-05-12T14:13:46.511+0100][3.369s][info] GC(48) Phase 1: Mark live objects
[2026-05-12T14:13:46.514+0100][3.373s][info] GC(48) Phase 1: Mark live objects 3.892ms
[2026-05-12T14:13:46.515+0100][3.373s][info] GC(48) Phase 2: Prepare for compaction
[2026-05-12T14:13:46.515+0100][3.373s][info] GC(48) Phase 2: Prepare for compaction 0.285ms
[2026-05-12T14:13:46.515+0100][3.374s][info] GC(48) Phase 3: Adjust pointers
[2026-05-12T14:13:46.516+0100][3.375s][info] GC(48) Phase 3: Adjust pointers 1.423ms
[2026-05-12T14:13:46.516+0100][3.375s][info] GC(48) Phase 4: Compact heap
[2026-05-12T14:13:46.516+0100][3.375s][info] GC(48) Phase 4: Compact heap 0.191ms
[2026-05-12T14:13:46.517+0100][3.376s][info] GC(48) Eden regions: 11->0(41)
[2026-05-12T14:13:46.517+0100][3.376s][info] GC(48) Survivor regions: 0->0(4)
[2026-05-12T14:13:46.517+0100][3.376s][info] GC(48) Old regions: 51->52
[2026-05-12T14:13:46.517+0100][3.376s][info] GC(48) Archive regions: 2->2
[2026-05-12T14:13:46.517+0100][3.376s][info] GC(48) Humongous regions: 0->0
[2026-05-12T14:13:46.517+0100][3.376s][info] GC(48) Metaspace: 3188K(3456K)->3188K(3456K) NonClass: 2886K(3008K)->2886K(3008K) Class: 301K(448K)->301K(448K)
[2026-05-12T14:13:46.517+0100][3.376s][info] GC(48) Pause Full (System.gc()) 58M->47M(512M) 6.395ms
[2026-05-12T14:13:46.517+0100][3.376s][info] GC(48) User=0.05s Sys=0.01s Real=0.00s
[2026-05-12T14:13:46.576+0100][3.435s][info] GC(49) Pause Full (System.gc())
[2026-05-12T14:13:46.576+0100][3.435s][info] GC(49) Using 10 workers of 10 for full compaction
[2026-05-12T14:13:46.577+0100][3.435s][info] GC(49) Phase 1: Mark live objects
[2026-05-12T14:13:46.580+0100][3.438s][info] GC(49) Phase 1: Mark live objects 3.197ms
[2026-05-12T14:13:46.580+0100][3.438s][info] GC(49) Phase 2: Prepare for compaction
[2026-05-12T14:13:46.580+0100][3.439s][info] GC(49) Phase 2: Prepare for compaction 0.183ms
[2026-05-12T14:13:46.580+0100][3.439s][info] GC(49) Phase 3: Adjust pointers
[2026-05-12T14:13:46.581+0100][3.440s][info] GC(49) Phase 3: Adjust pointers 1.269ms
[2026-05-12T14:13:46.581+0100][3.440s][info] GC(49) Phase 4: Compact heap
[2026-05-12T14:13:46.581+0100][3.440s][info] GC(49) Phase 4: Compact heap 0.183ms
[2026-05-12T14:13:46.582+0100][3.440s][info] GC(49) Eden regions: 12->0(41)
[2026-05-12T14:13:46.582+0100][3.440s][info] GC(49) Survivor regions: 0->0(4)
[2026-05-12T14:13:46.582+0100][3.440s][info] GC(49) Old regions: 52->51
[2026-05-12T14:13:46.582+0100][3.440s][info] GC(49) Archive regions: 2->2
[2026-05-12T14:13:46.582+0100][3.440s][info] GC(49) Humongous regions: 0->0
[2026-05-12T14:13:46.582+0100][3.440s][info] GC(49) Metaspace: 3202K(3456K)->3202K(3456K) NonClass: 2901K(3008K)->2901K(3008K) Class: 301K(448K)->301K(448K)
[2026-05-12T14:13:46.582+0100][3.440s][info] GC(49) Pause Full (System.gc()) 59M->47M(512M) 5.264ms
[2026-05-12T14:13:46.582+0100][3.440s][info] GC(49) User=0.04s Sys=0.00s Real=0.01s
[2026-05-12T14:13:46.640+0100][3.499s][info] GC(50) Pause Full (System.gc())
[2026-05-12T14:13:46.640+0100][3.499s][info] GC(50) Using 10 workers of 10 for full compaction
[2026-05-12T14:13:46.640+0100][3.499s][info] GC(50) Phase 1: Mark live objects
[2026-05-12T14:13:46.643+0100][3.501s][info] GC(50) Phase 1: Mark live objects 2.469ms
[2026-05-12T14:13:46.643+0100][3.501s][info] GC(50) Phase 2: Prepare for compaction
[2026-05-12T14:13:46.643+0100][3.502s][info] GC(50) Phase 2: Prepare for compaction 0.148ms
[2026-05-12T14:13:46.643+0100][3.502s][info] GC(50) Phase 3: Adjust pointers
[2026-05-12T14:13:46.644+0100][3.503s][info] GC(50) Phase 3: Adjust pointers 0.944ms
[2026-05-12T14:13:46.644+0100][3.503s][info] GC(50) Phase 4: Compact heap
[2026-05-12T14:13:46.644+0100][3.503s][info] GC(50) Phase 4: Compact heap 0.131ms
[2026-05-12T14:13:46.644+0100][3.503s][info] GC(50) Eden regions: 12->0(41)
[2026-05-12T14:13:46.644+0100][3.503s][info] GC(50) Survivor regions: 0->0(4)
[2026-05-12T14:13:46.644+0100][3.503s][info] GC(50) Old regions: 51->52
[2026-05-12T14:13:46.644+0100][3.503s][info] GC(50) Archive regions: 2->2
[2026-05-12T14:13:46.644+0100][3.503s][info] GC(50) Humongous regions: 0->0
[2026-05-12T14:13:46.644+0100][3.503s][info] GC(50) Metaspace: 3205K(3456K)->3205K(3456K) NonClass: 2903K(3008K)->2903K(3008K) Class: 301K(448K)->301K(448K)
[2026-05-12T14:13:46.644+0100][3.503s][info] GC(50) Pause Full (System.gc()) 59M->47M(512M) 4.084ms
[2026-05-12T14:13:46.644+0100][3.503s][info] GC(50) User=0.03s Sys=0.00s Real=0.00s
[2026-05-12T14:13:46.703+0100][3.562s][info] GC(51) Pause Full (System.gc())
[2026-05-12T14:13:46.704+0100][3.562s][info] GC(51) Using 10 workers of 10 for full compaction
[2026-05-12T14:13:46.704+0100][3.562s][info] GC(51) Phase 1: Mark live objects
[2026-05-12T14:13:46.707+0100][3.565s][info] GC(51) Phase 1: Mark live objects 2.952ms
[2026-05-12T14:13:46.707+0100][3.565s][info] GC(51) Phase 2: Prepare for compaction
[2026-05-12T14:13:46.707+0100][3.565s][info] GC(51) Phase 2: Prepare for compaction 0.174ms
[2026-05-12T14:13:46.707+0100][3.565s][info] GC(51) Phase 3: Adjust pointers
[2026-05-12T14:13:46.708+0100][3.567s][info] GC(51) Phase 3: Adjust pointers 1.115ms
[2026-05-12T14:13:46.708+0100][3.567s][info] GC(51) Phase 4: Compact heap
[2026-05-12T14:13:46.708+0100][3.567s][info] GC(51) Phase 4: Compact heap 0.102ms
[2026-05-12T14:13:46.708+0100][3.567s][info] GC(51) Eden regions: 12->0(41)
[2026-05-12T14:13:46.708+0100][3.567s][info] GC(51) Survivor regions: 0->0(4)
[2026-05-12T14:13:46.708+0100][3.567s][info] GC(51) Old regions: 52->51
[2026-05-12T14:13:46.708+0100][3.567s][info] GC(51) Archive regions: 2->2
[2026-05-12T14:13:46.708+0100][3.567s][info] GC(51) Humongous regions: 0->0
[2026-05-12T14:13:46.708+0100][3.567s][info] GC(51) Metaspace: 3208K(3456K)->3208K(3456K) NonClass: 2906K(3008K)->2906K(3008K) Class: 301K(448K)->301K(448K)
[2026-05-12T14:13:46.708+0100][3.567s][info] GC(51) Pause Full (System.gc()) 59M->47M(512M) 4.858ms
[2026-05-12T14:13:46.708+0100][3.567s][info] GC(51) User=0.04s Sys=0.00s Real=0.00s
[2026-05-12T14:13:46.765+0100][3.624s][info] GC(52) Pause Full (System.gc())
[2026-05-12T14:13:46.765+0100][3.624s][info] GC(52) Using 10 workers of 10 for full compaction
[2026-05-12T14:13:46.765+0100][3.624s][info] GC(52) Phase 1: Mark live objects
[2026-05-12T14:13:46.768+0100][3.627s][info] GC(52) Phase 1: Mark live objects 3.184ms
[2026-05-12T14:13:46.768+0100][3.627s][info] GC(52) Phase 2: Prepare for compaction
[2026-05-12T14:13:46.769+0100][3.627s][info] GC(52) Phase 2: Prepare for compaction 0.231ms
[2026-05-12T14:13:46.769+0100][3.627s][info] GC(52) Phase 3: Adjust pointers
[2026-05-12T14:13:46.770+0100][3.628s][info] GC(52) Phase 3: Adjust pointers 1.202ms
[2026-05-12T14:13:46.770+0100][3.629s][info] GC(52) Phase 4: Compact heap
[2026-05-12T14:13:46.770+0100][3.629s][info] GC(52) Phase 4: Compact heap 0.164ms
[2026-05-12T14:13:46.770+0100][3.629s][info] GC(52) Eden regions: 12->0(41)
[2026-05-12T14:13:46.770+0100][3.629s][info] GC(52) Survivor regions: 0->0(4)
[2026-05-12T14:13:46.770+0100][3.629s][info] GC(52) Old regions: 51->52
[2026-05-12T14:13:46.770+0100][3.629s][info] GC(52) Archive regions: 2->2
[2026-05-12T14:13:46.770+0100][3.629s][info] GC(52) Humongous regions: 0->0
[2026-05-12T14:13:46.770+0100][3.629s][info] GC(52) Metaspace: 3219K(3520K)->3219K(3520K) NonClass: 2917K(3072K)->2917K(3072K) Class: 301K(448K)->301K(448K)
[2026-05-12T14:13:46.770+0100][3.629s][info] GC(52) Pause Full (System.gc()) 59M->47M(512M) 5.293ms
[2026-05-12T14:13:46.770+0100][3.629s][info] GC(52) User=0.05s Sys=0.01s Real=0.01s
[2026-05-12T14:13:46.844+0100][3.703s][info] Heap
[2026-05-12T14:13:46.844+0100][3.703s][info]  garbage-first heap   total 524288K, used 61687K [0x000000052a800000, 0x00000005aa800000)
[2026-05-12T14:13:46.844+0100][3.703s][info]   region size 1024K, 13 young (13312K), 0 survivors (0K)
[2026-05-12T14:13:46.844+0100][3.703s][info]  Metaspace       used 3410K, committed 3648K, reserved 1114112K
[2026-05-12T14:13:46.844+0100][3.703s][info]   class space    used 332K, committed 448K, reserved 1048576K
