[2026-05-12T22:04:35.730+0100][0.005s][info][gc] Using G1
[2026-05-12T22:04:35.731+0100][0.005s][info][gc,init] Version: 17.0.16+8-LTS (release)
[2026-05-12T22:04:35.731+0100][0.005s][info][gc,init] CPUs: 12 total, 12 available
[2026-05-12T22:04:35.731+0100][0.005s][info][gc,init] Memory: 24576M
[2026-05-12T22:04:35.731+0100][0.005s][info][gc,init] Large Page Support: Disabled
[2026-05-12T22:04:35.731+0100][0.005s][info][gc,init] NUMA Support: Disabled
[2026-05-12T22:04:35.731+0100][0.005s][info][gc,init] Compressed Oops: Enabled (Zero based)
[2026-05-12T22:04:35.731+0100][0.005s][info][gc,init] Heap Region Size: 4M
[2026-05-12T22:04:35.731+0100][0.005s][info][gc,init] Heap Min Capacity: 8M
[2026-05-12T22:04:35.731+0100][0.005s][info][gc,init] Heap Initial Capacity: 384M
[2026-05-12T22:04:35.731+0100][0.005s][info][gc,init] Heap Max Capacity: 6G
[2026-05-12T22:04:35.731+0100][0.005s][info][gc,init] Pre-touch: Disabled
[2026-05-12T22:04:35.731+0100][0.005s][info][gc,init] Parallel Workers: 10
[2026-05-12T22:04:35.731+0100][0.005s][info][gc,init] Concurrent Workers: 3
[2026-05-12T22:04:35.731+0100][0.005s][info][gc,init] Concurrent Refinement Workers: 10
[2026-05-12T22:04:35.731+0100][0.005s][info][gc,init] Periodic GC: Disabled
[2026-05-12T22:04:35.734+0100][0.008s][info][gc,metaspace] CDS archive(s) mapped at: [0x0000007000000000-0x0000007000bc0000-0x0000007000bc0000), size 12320768, SharedBaseAddress: 0x0000007000000000, ArchiveRelocationMode: 1.
[2026-05-12T22:04:35.734+0100][0.008s][info][gc,metaspace] Compressed class space mapped at: 0x0000007001000000-0x0000007041000000, reserved size: 1073741824
[2026-05-12T22:04:35.734+0100][0.008s][info][gc,metaspace] Narrow klass base: 0x0000007000000000, Narrow klass shift: 0, Narrow klass range: 0x100000000
[2026-05-12T22:04:35.784+0100][0.058s][info][gc,start    ] GC(0) Pause Young (Normal) (G1 Evacuation Pause)
[2026-05-12T22:04:35.784+0100][0.059s][info][gc,task     ] GC(0) Using 9 workers of 10 for evacuation
[2026-05-12T22:04:35.787+0100][0.061s][info][gc,phases   ] GC(0)   Pre Evacuate Collection Set: 0.1ms
[2026-05-12T22:04:35.787+0100][0.061s][info][gc,phases   ] GC(0)   Merge Heap Roots: 0.1ms
[2026-05-12T22:04:35.787+0100][0.061s][info][gc,phases   ] GC(0)   Evacuate Collection Set: 2.6ms
[2026-05-12T22:04:35.787+0100][0.061s][info][gc,phases   ] GC(0)   Post Evacuate Collection Set: 0.1ms
[2026-05-12T22:04:35.787+0100][0.061s][info][gc,phases   ] GC(0)   Other: 0.3ms
[2026-05-12T22:04:35.787+0100][0.061s][info][gc,heap     ] GC(0) Eden regions: 5->0(3)
[2026-05-12T22:04:35.787+0100][0.061s][info][gc,heap     ] GC(0) Survivor regions: 0->1(1)
[2026-05-12T22:04:35.787+0100][0.061s][info][gc,heap     ] GC(0) Old regions: 0->3
[2026-05-12T22:04:35.787+0100][0.062s][info][gc,heap     ] GC(0) Archive regions: 2->2
[2026-05-12T22:04:35.787+0100][0.062s][info][gc,heap     ] GC(0) Humongous regions: 0->0
[2026-05-12T22:04:35.787+0100][0.062s][info][gc,metaspace] GC(0) Metaspace: 1774K(1984K)->1774K(1984K) NonClass: 1607K(1728K)->1607K(1728K) Class: 167K(256K)->167K(256K)
[2026-05-12T22:04:35.787+0100][0.062s][info][gc          ] GC(0) Pause Young (Normal) (G1 Evacuation Pause) 23M->16M(392M) 3.228ms
[2026-05-12T22:04:35.787+0100][0.062s][info][gc,cpu      ] GC(0) User=0.01s Sys=0.01s Real=0.00s
[2026-05-12T22:04:35.789+0100][0.064s][info][gc,start    ] GC(1) Pause Young (Normal) (G1 Evacuation Pause)
[2026-05-12T22:04:35.789+0100][0.064s][info][gc,task     ] GC(1) Using 9 workers of 10 for evacuation
[2026-05-12T22:04:35.791+0100][0.065s][info][gc,phases   ] GC(1)   Pre Evacuate Collection Set: 0.1ms
[2026-05-12T22:04:35.791+0100][0.065s][info][gc,phases   ] GC(1)   Merge Heap Roots: 0.0ms
[2026-05-12T22:04:35.791+0100][0.065s][info][gc,phases   ] GC(1)   Evacuate Collection Set: 1.2ms
[2026-05-12T22:04:35.791+0100][0.065s][info][gc,phases   ] GC(1)   Post Evacuate Collection Set: 0.1ms
[2026-05-12T22:04:35.791+0100][0.065s][info][gc,phases   ] GC(1)   Other: 0.1ms
[2026-05-12T22:04:35.791+0100][0.065s][info][gc,heap     ] GC(1) Eden regions: 3->0(5)
[2026-05-12T22:04:35.791+0100][0.065s][info][gc,heap     ] GC(1) Survivor regions: 1->1(1)
[2026-05-12T22:04:35.791+0100][0.065s][info][gc,heap     ] GC(1) Old regions: 3->5
[2026-05-12T22:04:35.791+0100][0.065s][info][gc,heap     ] GC(1) Archive regions: 2->2
[2026-05-12T22:04:35.791+0100][0.065s][info][gc,heap     ] GC(1) Humongous regions: 0->0
[2026-05-12T22:04:35.791+0100][0.065s][info][gc,metaspace] GC(1) Metaspace: 1775K(1984K)->1775K(1984K) NonClass: 1608K(1728K)->1608K(1728K) Class: 167K(256K)->167K(256K)
[2026-05-12T22:04:35.791+0100][0.065s][info][gc          ] GC(1) Pause Young (Normal) (G1 Evacuation Pause) 28M->24M(392M) 1.496ms
[2026-05-12T22:04:35.791+0100][0.065s][info][gc,cpu      ] GC(1) User=0.01s Sys=0.00s Real=0.01s
[2026-05-12T22:04:35.795+0100][0.069s][info][gc,start    ] GC(2) Pause Young (Normal) (G1 Evacuation Pause)
[2026-05-12T22:04:35.795+0100][0.069s][info][gc,task     ] GC(2) Using 9 workers of 10 for evacuation
[2026-05-12T22:04:35.797+0100][0.071s][info][gc,phases   ] GC(2)   Pre Evacuate Collection Set: 0.1ms
[2026-05-12T22:04:35.797+0100][0.072s][info][gc,phases   ] GC(2)   Merge Heap Roots: 0.0ms
[2026-05-12T22:04:35.797+0100][0.072s][info][gc,phases   ] GC(2)   Evacuate Collection Set: 2.1ms
[2026-05-12T22:04:35.797+0100][0.072s][info][gc,phases   ] GC(2)   Post Evacuate Collection Set: 0.1ms
[2026-05-12T22:04:35.797+0100][0.072s][info][gc,phases   ] GC(2)   Other: 0.1ms
[2026-05-12T22:04:35.797+0100][0.072s][info][gc,heap     ] GC(2) Eden regions: 5->0(8)
[2026-05-12T22:04:35.797+0100][0.072s][info][gc,heap     ] GC(2) Survivor regions: 1->1(1)
[2026-05-12T22:04:35.797+0100][0.072s][info][gc,heap     ] GC(2) Old regions: 5->8
[2026-05-12T22:04:35.797+0100][0.072s][info][gc,heap     ] GC(2) Archive regions: 2->2
[2026-05-12T22:04:35.797+0100][0.072s][info][gc,heap     ] GC(2) Humongous regions: 0->0
[2026-05-12T22:04:35.797+0100][0.072s][info][gc,metaspace] GC(2) Metaspace: 1775K(1984K)->1775K(1984K) NonClass: 1608K(1728K)->1608K(1728K) Class: 167K(256K)->167K(256K)
[2026-05-12T22:04:35.797+0100][0.072s][info][gc          ] GC(2) Pause Young (Normal) (G1 Evacuation Pause) 44M->36M(392M) 2.408ms
[2026-05-12T22:04:35.797+0100][0.072s][info][gc,cpu      ] GC(2) User=0.01s Sys=0.01s Real=0.00s
[2026-05-12T22:04:35.806+0100][0.081s][info][gc,start    ] GC(3) Pause Full (System.gc())
[2026-05-12T22:04:35.806+0100][0.081s][info][gc,task     ] GC(3) Using 8 workers of 10 for full compaction
[2026-05-12T22:04:35.806+0100][0.081s][info][gc,phases,start] GC(3) Phase 1: Mark live objects
[2026-05-12T22:04:35.809+0100][0.083s][info][gc,phases      ] GC(3) Phase 1: Mark live objects 2.311ms
[2026-05-12T22:04:35.809+0100][0.083s][info][gc,phases,start] GC(3) Phase 2: Prepare for compaction
[2026-05-12T22:04:35.810+0100][0.084s][info][gc,phases      ] GC(3) Phase 2: Prepare for compaction 1.007ms
[2026-05-12T22:04:35.810+0100][0.084s][info][gc,phases,start] GC(3) Phase 3: Adjust pointers
[2026-05-12T22:04:35.811+0100][0.085s][info][gc,phases      ] GC(3) Phase 3: Adjust pointers 1.027ms
[2026-05-12T22:04:35.811+0100][0.085s][info][gc,phases,start] GC(3) Phase 4: Compact heap
[2026-05-12T22:04:35.812+0100][0.086s][info][gc,phases      ] GC(3) Phase 4: Compact heap 0.934ms
[2026-05-12T22:04:35.812+0100][0.087s][info][gc,heap        ] GC(3) Eden regions: 4->0(9)
[2026-05-12T22:04:35.812+0100][0.087s][info][gc,heap        ] GC(3) Survivor regions: 1->0(1)
[2026-05-12T22:04:35.812+0100][0.087s][info][gc,heap        ] GC(3) Old regions: 8->12
[2026-05-12T22:04:35.812+0100][0.087s][info][gc,heap        ] GC(3) Archive regions: 2->2
[2026-05-12T22:04:35.812+0100][0.087s][info][gc,heap        ] GC(3) Humongous regions: 0->0
[2026-05-12T22:04:35.812+0100][0.087s][info][gc,metaspace   ] GC(3) Metaspace: 2060K(2176K)->2060K(2176K) NonClass: 1851K(1920K)->1851K(1920K) Class: 208K(256K)->208K(256K)
[2026-05-12T22:04:35.813+0100][0.087s][info][gc             ] GC(3) Pause Full (System.gc()) 50M->42M(188M) 6.253ms
[2026-05-12T22:04:35.813+0100][0.087s][info][gc,cpu         ] GC(3) User=0.04s Sys=0.00s Real=0.01s
[2026-05-12T22:04:35.916+0100][0.191s][info][gc,start       ] GC(4) Pause Full (System.gc())
[2026-05-12T22:04:35.916+0100][0.191s][info][gc,task        ] GC(4) Using 4 workers of 10 for full compaction
[2026-05-12T22:04:35.917+0100][0.191s][info][gc,phases,start] GC(4) Phase 1: Mark live objects
[2026-05-12T22:04:35.920+0100][0.194s][info][gc,phases      ] GC(4) Phase 1: Mark live objects 3.277ms
[2026-05-12T22:04:35.920+0100][0.194s][info][gc,phases,start] GC(4) Phase 2: Prepare for compaction
[2026-05-12T22:04:35.920+0100][0.195s][info][gc,phases      ] GC(4) Phase 2: Prepare for compaction 0.595ms
[2026-05-12T22:04:35.920+0100][0.195s][info][gc,phases,start] GC(4) Phase 3: Adjust pointers
[2026-05-12T22:04:35.922+0100][0.197s][info][gc,phases      ] GC(4) Phase 3: Adjust pointers 1.451ms
[2026-05-12T22:04:35.922+0100][0.197s][info][gc,phases,start] GC(4) Phase 4: Compact heap
[2026-05-12T22:04:35.923+0100][0.197s][info][gc,phases      ] GC(4) Phase 4: Compact heap 0.722ms
[2026-05-12T22:04:35.923+0100][0.198s][info][gc,heap        ] GC(4) Eden regions: 4->0(8)
[2026-05-12T22:04:35.923+0100][0.198s][info][gc,heap        ] GC(4) Survivor regions: 0->0(1)
[2026-05-12T22:04:35.923+0100][0.198s][info][gc,heap        ] GC(4) Old regions: 12->11
[2026-05-12T22:04:35.923+0100][0.198s][info][gc,heap        ] GC(4) Archive regions: 2->2
[2026-05-12T22:04:35.923+0100][0.198s][info][gc,heap        ] GC(4) Humongous regions: 0->0
[2026-05-12T22:04:35.923+0100][0.198s][info][gc,metaspace   ] GC(4) Metaspace: 2086K(2176K)->2086K(2176K) NonClass: 1874K(1920K)->1874K(1920K) Class: 212K(256K)->212K(256K)
[2026-05-12T22:04:35.923+0100][0.198s][info][gc             ] GC(4) Pause Full (System.gc()) 54M->42M(176M) 6.489ms
[2026-05-12T22:04:35.923+0100][0.198s][info][gc,cpu         ] GC(4) User=0.02s Sys=0.00s Real=0.01s
[2026-05-12T22:04:35.986+0100][0.260s][info][gc,start       ] GC(5) Pause Full (System.gc())
[2026-05-12T22:04:35.986+0100][0.260s][info][gc,task        ] GC(5) Using 4 workers of 10 for full compaction
[2026-05-12T22:04:35.986+0100][0.260s][info][gc,phases,start] GC(5) Phase 1: Mark live objects
[2026-05-12T22:04:35.990+0100][0.264s][info][gc,phases      ] GC(5) Phase 1: Mark live objects 3.861ms
[2026-05-12T22:04:35.990+0100][0.264s][info][gc,phases,start] GC(5) Phase 2: Prepare for compaction
[2026-05-12T22:04:35.990+0100][0.265s][info][gc,phases      ] GC(5) Phase 2: Prepare for compaction 0.458ms
[2026-05-12T22:04:35.990+0100][0.265s][info][gc,phases,start] GC(5) Phase 3: Adjust pointers
[2026-05-12T22:04:35.992+0100][0.266s][info][gc,phases      ] GC(5) Phase 3: Adjust pointers 1.579ms
[2026-05-12T22:04:35.992+0100][0.266s][info][gc,phases,start] GC(5) Phase 4: Compact heap
[2026-05-12T22:04:35.992+0100][0.267s][info][gc,phases      ] GC(5) Phase 4: Compact heap 0.286ms
[2026-05-12T22:04:35.992+0100][0.267s][info][gc,heap        ] GC(5) Eden regions: 3->0(8)
[2026-05-12T22:04:35.992+0100][0.267s][info][gc,heap        ] GC(5) Survivor regions: 0->0(1)
[2026-05-12T22:04:35.992+0100][0.267s][info][gc,heap        ] GC(5) Old regions: 11->11
[2026-05-12T22:04:35.992+0100][0.267s][info][gc,heap        ] GC(5) Archive regions: 2->2
[2026-05-12T22:04:35.992+0100][0.267s][info][gc,heap        ] GC(5) Humongous regions: 0->0
[2026-05-12T22:04:35.992+0100][0.267s][info][gc,metaspace   ] GC(5) Metaspace: 2090K(2304K)->2090K(2304K) NonClass: 1877K(1984K)->1877K(1984K) Class: 213K(320K)->213K(320K)
[2026-05-12T22:04:35.992+0100][0.267s][info][gc             ] GC(5) Pause Full (System.gc()) 51M->42M(176M) 6.501ms
[2026-05-12T22:04:35.992+0100][0.267s][info][gc,cpu         ] GC(5) User=0.02s Sys=0.00s Real=0.01s
[2026-05-12T22:04:36.053+0100][0.327s][info][gc,start       ] GC(6) Pause Full (System.gc())
[2026-05-12T22:04:36.053+0100][0.327s][info][gc,task        ] GC(6) Using 4 workers of 10 for full compaction
[2026-05-12T22:04:36.053+0100][0.327s][info][gc,phases,start] GC(6) Phase 1: Mark live objects
[2026-05-12T22:04:36.057+0100][0.332s][info][gc,phases      ] GC(6) Phase 1: Mark live objects 4.381ms
[2026-05-12T22:04:36.057+0100][0.332s][info][gc,phases,start] GC(6) Phase 2: Prepare for compaction
[2026-05-12T22:04:36.057+0100][0.332s][info][gc,phases      ] GC(6) Phase 2: Prepare for compaction 0.458ms
[2026-05-12T22:04:36.058+0100][0.332s][info][gc,phases,start] GC(6) Phase 3: Adjust pointers
[2026-05-12T22:04:36.059+0100][0.334s][info][gc,phases      ] GC(6) Phase 3: Adjust pointers 1.822ms
[2026-05-12T22:04:36.059+0100][0.334s][info][gc,phases,start] GC(6) Phase 4: Compact heap
[2026-05-12T22:04:36.060+0100][0.334s][info][gc,phases      ] GC(6) Phase 4: Compact heap 0.344ms
[2026-05-12T22:04:36.060+0100][0.335s][info][gc,heap        ] GC(6) Eden regions: 3->0(8)
[2026-05-12T22:04:36.060+0100][0.335s][info][gc,heap        ] GC(6) Survivor regions: 0->0(1)
[2026-05-12T22:04:36.060+0100][0.335s][info][gc,heap        ] GC(6) Old regions: 11->11
[2026-05-12T22:04:36.060+0100][0.335s][info][gc,heap        ] GC(6) Archive regions: 2->2
[2026-05-12T22:04:36.060+0100][0.335s][info][gc,heap        ] GC(6) Humongous regions: 0->0
[2026-05-12T22:04:36.060+0100][0.335s][info][gc,metaspace   ] GC(6) Metaspace: 2096K(2304K)->2096K(2304K) NonClass: 1883K(1984K)->1883K(1984K) Class: 213K(320K)->213K(320K)
[2026-05-12T22:04:36.060+0100][0.335s][info][gc             ] GC(6) Pause Full (System.gc()) 51M->42M(176M) 7.374ms
[2026-05-12T22:04:36.060+0100][0.335s][info][gc,cpu         ] GC(6) User=0.03s Sys=0.00s Real=0.01s
[2026-05-12T22:04:36.117+0100][0.392s][info][gc,start       ] GC(7) Pause Full (System.gc())
[2026-05-12T22:04:36.117+0100][0.392s][info][gc,task        ] GC(7) Using 4 workers of 10 for full compaction
[2026-05-12T22:04:36.117+0100][0.392s][info][gc,phases,start] GC(7) Phase 1: Mark live objects
[2026-05-12T22:04:36.122+0100][0.397s][info][gc,phases      ] GC(7) Phase 1: Mark live objects 4.794ms
[2026-05-12T22:04:36.122+0100][0.397s][info][gc,phases,start] GC(7) Phase 2: Prepare for compaction
[2026-05-12T22:04:36.123+0100][0.398s][info][gc,phases      ] GC(7) Phase 2: Prepare for compaction 0.701ms
[2026-05-12T22:04:36.123+0100][0.398s][info][gc,phases,start] GC(7) Phase 3: Adjust pointers
[2026-05-12T22:04:36.125+0100][0.400s][info][gc,phases      ] GC(7) Phase 3: Adjust pointers 1.968ms
[2026-05-12T22:04:36.125+0100][0.400s][info][gc,phases,start] GC(7) Phase 4: Compact heap
[2026-05-12T22:04:36.125+0100][0.400s][info][gc,phases      ] GC(7) Phase 4: Compact heap 0.316ms
[2026-05-12T22:04:36.125+0100][0.400s][info][gc,heap        ] GC(7) Eden regions: 3->0(8)
[2026-05-12T22:04:36.125+0100][0.400s][info][gc,heap        ] GC(7) Survivor regions: 0->0(1)
[2026-05-12T22:04:36.125+0100][0.400s][info][gc,heap        ] GC(7) Old regions: 11->11
[2026-05-12T22:04:36.125+0100][0.400s][info][gc,heap        ] GC(7) Archive regions: 2->2
[2026-05-12T22:04:36.125+0100][0.400s][info][gc,heap        ] GC(7) Humongous regions: 0->0
[2026-05-12T22:04:36.125+0100][0.400s][info][gc,metaspace   ] GC(7) Metaspace: 2102K(2304K)->2102K(2304K) NonClass: 1889K(1984K)->1889K(1984K) Class: 213K(320K)->213K(320K)
[2026-05-12T22:04:36.125+0100][0.400s][info][gc             ] GC(7) Pause Full (System.gc()) 51M->42M(176M) 8.086ms
[2026-05-12T22:04:36.125+0100][0.400s][info][gc,cpu         ] GC(7) User=0.03s Sys=0.00s Real=0.01s
[2026-05-12T22:04:36.185+0100][0.459s][info][gc,start       ] GC(8) Pause Full (System.gc())
[2026-05-12T22:04:36.185+0100][0.459s][info][gc,task        ] GC(8) Using 4 workers of 10 for full compaction
[2026-05-12T22:04:36.185+0100][0.460s][info][gc,phases,start] GC(8) Phase 1: Mark live objects
[2026-05-12T22:04:36.189+0100][0.464s][info][gc,phases      ] GC(8) Phase 1: Mark live objects 4.348ms
[2026-05-12T22:04:36.189+0100][0.464s][info][gc,phases,start] GC(8) Phase 2: Prepare for compaction
[2026-05-12T22:04:36.190+0100][0.464s][info][gc,phases      ] GC(8) Phase 2: Prepare for compaction 0.615ms
[2026-05-12T22:04:36.190+0100][0.465s][info][gc,phases,start] GC(8) Phase 3: Adjust pointers
[2026-05-12T22:04:36.192+0100][0.467s][info][gc,phases      ] GC(8) Phase 3: Adjust pointers 2.022ms
[2026-05-12T22:04:36.192+0100][0.467s][info][gc,phases,start] GC(8) Phase 4: Compact heap
[2026-05-12T22:04:36.192+0100][0.467s][info][gc,phases      ] GC(8) Phase 4: Compact heap 0.373ms
[2026-05-12T22:04:36.192+0100][0.467s][info][gc,heap        ] GC(8) Eden regions: 3->0(8)
[2026-05-12T22:04:36.192+0100][0.467s][info][gc,heap        ] GC(8) Survivor regions: 0->0(1)
[2026-05-12T22:04:36.192+0100][0.467s][info][gc,heap        ] GC(8) Old regions: 11->11
[2026-05-12T22:04:36.192+0100][0.467s][info][gc,heap        ] GC(8) Archive regions: 2->2
[2026-05-12T22:04:36.192+0100][0.467s][info][gc,heap        ] GC(8) Humongous regions: 0->0
[2026-05-12T22:04:36.192+0100][0.467s][info][gc,metaspace   ] GC(8) Metaspace: 2108K(2304K)->2108K(2304K) NonClass: 1895K(1984K)->1895K(1984K) Class: 213K(320K)->213K(320K)
[2026-05-12T22:04:36.192+0100][0.467s][info][gc             ] GC(8) Pause Full (System.gc()) 51M->42M(176M) 7.696ms
[2026-05-12T22:04:36.192+0100][0.467s][info][gc,cpu         ] GC(8) User=0.03s Sys=0.00s Real=0.01s
[2026-05-12T22:04:36.252+0100][0.527s][info][gc,start       ] GC(9) Pause Full (System.gc())
[2026-05-12T22:04:36.252+0100][0.527s][info][gc,task        ] GC(9) Using 4 workers of 10 for full compaction
[2026-05-12T22:04:36.252+0100][0.527s][info][gc,phases,start] GC(9) Phase 1: Mark live objects
[2026-05-12T22:04:36.258+0100][0.532s][info][gc,phases      ] GC(9) Phase 1: Mark live objects 5.306ms
[2026-05-12T22:04:36.258+0100][0.532s][info][gc,phases,start] GC(9) Phase 2: Prepare for compaction
[2026-05-12T22:04:36.258+0100][0.533s][info][gc,phases      ] GC(9) Phase 2: Prepare for compaction 0.492ms
[2026-05-12T22:04:36.258+0100][0.533s][info][gc,phases,start] GC(9) Phase 3: Adjust pointers
[2026-05-12T22:04:36.260+0100][0.535s][info][gc,phases      ] GC(9) Phase 3: Adjust pointers 1.930ms
[2026-05-12T22:04:36.260+0100][0.535s][info][gc,phases,start] GC(9) Phase 4: Compact heap
[2026-05-12T22:04:36.261+0100][0.535s][info][gc,phases      ] GC(9) Phase 4: Compact heap 0.322ms
[2026-05-12T22:04:36.261+0100][0.535s][info][gc,heap        ] GC(9) Eden regions: 3->0(8)
[2026-05-12T22:04:36.261+0100][0.535s][info][gc,heap        ] GC(9) Survivor regions: 0->0(1)
[2026-05-12T22:04:36.261+0100][0.535s][info][gc,heap        ] GC(9) Old regions: 11->11
[2026-05-12T22:04:36.261+0100][0.535s][info][gc,heap        ] GC(9) Archive regions: 2->2
[2026-05-12T22:04:36.261+0100][0.535s][info][gc,heap        ] GC(9) Humongous regions: 0->0
[2026-05-12T22:04:36.261+0100][0.535s][info][gc,metaspace   ] GC(9) Metaspace: 2109K(2304K)->2109K(2304K) NonClass: 1896K(1984K)->1896K(1984K) Class: 213K(320K)->213K(320K)
[2026-05-12T22:04:36.261+0100][0.535s][info][gc             ] GC(9) Pause Full (System.gc()) 51M->42M(176M) 8.432ms
[2026-05-12T22:04:36.261+0100][0.535s][info][gc,cpu         ] GC(9) User=0.03s Sys=0.00s Real=0.01s
[2026-05-12T22:04:36.324+0100][0.598s][info][gc,heap,exit   ] Heap
[2026-05-12T22:04:36.324+0100][0.598s][info][gc,heap,exit   ]  garbage-first heap   total 180224K, used 52642K [0x0000000680000000, 0x0000000800000000)
[2026-05-12T22:04:36.324+0100][0.598s][info][gc,heap,exit   ]   region size 4096K, 3 young (12288K), 0 survivors (0K)
[2026-05-12T22:04:36.324+0100][0.598s][info][gc,heap,exit   ]  Metaspace       used 2200K, committed 2368K, reserved 1114112K
[2026-05-12T22:04:36.324+0100][0.598s][info][gc,heap,exit   ]   class space    used 219K, committed 320K, reserved 1048576K
