[2026-05-12T21:55:37.863+0100][0.004s][info][gc] Using G1
[2026-05-12T21:55:37.863+0100][0.005s][info][gc,init] Version: 17.0.16+8-LTS (release)
[2026-05-12T21:55:37.863+0100][0.005s][info][gc,init] CPUs: 12 total, 12 available
[2026-05-12T21:55:37.863+0100][0.005s][info][gc,init] Memory: 24576M
[2026-05-12T21:55:37.863+0100][0.005s][info][gc,init] Large Page Support: Disabled
[2026-05-12T21:55:37.863+0100][0.005s][info][gc,init] NUMA Support: Disabled
[2026-05-12T21:55:37.863+0100][0.005s][info][gc,init] Compressed Oops: Enabled (Non-zero based)
[2026-05-12T21:55:37.863+0100][0.005s][info][gc,init] Heap Region Size: 4M
[2026-05-12T21:55:37.863+0100][0.005s][info][gc,init] Heap Min Capacity: 8M
[2026-05-12T21:55:37.863+0100][0.005s][info][gc,init] Heap Initial Capacity: 384M
[2026-05-12T21:55:37.863+0100][0.005s][info][gc,init] Heap Max Capacity: 6G
[2026-05-12T21:55:37.863+0100][0.005s][info][gc,init] Pre-touch: Disabled
[2026-05-12T21:55:37.863+0100][0.005s][info][gc,init] Parallel Workers: 10
[2026-05-12T21:55:37.863+0100][0.005s][info][gc,init] Concurrent Workers: 3
[2026-05-12T21:55:37.863+0100][0.005s][info][gc,init] Concurrent Refinement Workers: 10
[2026-05-12T21:55:37.863+0100][0.005s][info][gc,init] Periodic GC: Disabled
[2026-05-12T21:55:37.866+0100][0.007s][info][gc,metaspace] CDS archive(s) mapped at: [0x0000008000000000-0x0000008000bc0000-0x0000008000bc0000), size 12320768, SharedBaseAddress: 0x0000008000000000, ArchiveRelocationMode: 1.
[2026-05-12T21:55:37.866+0100][0.007s][info][gc,metaspace] Compressed class space mapped at: 0x0000008001000000-0x0000008041000000, reserved size: 1073741824
[2026-05-12T21:55:37.866+0100][0.007s][info][gc,metaspace] Narrow klass base: 0x0000008000000000, Narrow klass shift: 0, Narrow klass range: 0x100000000
[2026-05-12T21:55:37.938+0100][0.080s][info][gc,start    ] GC(0) Pause Young (Normal) (G1 Evacuation Pause)
[2026-05-12T21:55:37.938+0100][0.080s][info][gc,task     ] GC(0) Using 9 workers of 10 for evacuation
[2026-05-12T21:55:37.941+0100][0.082s][info][gc,phases   ] GC(0)   Pre Evacuate Collection Set: 0.0ms
[2026-05-12T21:55:37.941+0100][0.082s][info][gc,phases   ] GC(0)   Merge Heap Roots: 0.1ms
[2026-05-12T21:55:37.941+0100][0.082s][info][gc,phases   ] GC(0)   Evacuate Collection Set: 2.3ms
[2026-05-12T21:55:37.941+0100][0.082s][info][gc,phases   ] GC(0)   Post Evacuate Collection Set: 0.1ms
[2026-05-12T21:55:37.941+0100][0.082s][info][gc,phases   ] GC(0)   Other: 0.2ms
[2026-05-12T21:55:37.941+0100][0.082s][info][gc,heap     ] GC(0) Eden regions: 5->0(3)
[2026-05-12T21:55:37.941+0100][0.082s][info][gc,heap     ] GC(0) Survivor regions: 0->1(1)
[2026-05-12T21:55:37.941+0100][0.082s][info][gc,heap     ] GC(0) Old regions: 0->3
[2026-05-12T21:55:37.941+0100][0.082s][info][gc,heap     ] GC(0) Archive regions: 2->2
[2026-05-12T21:55:37.941+0100][0.082s][info][gc,heap     ] GC(0) Humongous regions: 0->0
[2026-05-12T21:55:37.941+0100][0.082s][info][gc,metaspace] GC(0) Metaspace: 1778K(1984K)->1778K(1984K) NonClass: 1611K(1728K)->1611K(1728K) Class: 167K(256K)->167K(256K)
[2026-05-12T21:55:37.941+0100][0.082s][info][gc          ] GC(0) Pause Young (Normal) (G1 Evacuation Pause) 23M->16M(392M) 2.827ms
[2026-05-12T21:55:37.941+0100][0.082s][info][gc,cpu      ] GC(0) User=0.01s Sys=0.01s Real=0.01s
[2026-05-12T21:55:37.943+0100][0.084s][info][gc,start    ] GC(1) Pause Young (Normal) (G1 Evacuation Pause)
[2026-05-12T21:55:37.943+0100][0.084s][info][gc,task     ] GC(1) Using 9 workers of 10 for evacuation
[2026-05-12T21:55:37.944+0100][0.085s][info][gc,phases   ] GC(1)   Pre Evacuate Collection Set: 0.0ms
[2026-05-12T21:55:37.944+0100][0.085s][info][gc,phases   ] GC(1)   Merge Heap Roots: 0.0ms
[2026-05-12T21:55:37.944+0100][0.085s][info][gc,phases   ] GC(1)   Evacuate Collection Set: 1.0ms
[2026-05-12T21:55:37.944+0100][0.085s][info][gc,phases   ] GC(1)   Post Evacuate Collection Set: 0.1ms
[2026-05-12T21:55:37.944+0100][0.085s][info][gc,phases   ] GC(1)   Other: 0.0ms
[2026-05-12T21:55:37.944+0100][0.085s][info][gc,heap     ] GC(1) Eden regions: 3->0(5)
[2026-05-12T21:55:37.944+0100][0.085s][info][gc,heap     ] GC(1) Survivor regions: 1->1(1)
[2026-05-12T21:55:37.944+0100][0.085s][info][gc,heap     ] GC(1) Old regions: 3->5
[2026-05-12T21:55:37.944+0100][0.085s][info][gc,heap     ] GC(1) Archive regions: 2->2
[2026-05-12T21:55:37.944+0100][0.085s][info][gc,heap     ] GC(1) Humongous regions: 0->0
[2026-05-12T21:55:37.944+0100][0.085s][info][gc,metaspace] GC(1) Metaspace: 1779K(1984K)->1779K(1984K) NonClass: 1611K(1728K)->1611K(1728K) Class: 167K(256K)->167K(256K)
[2026-05-12T21:55:37.944+0100][0.085s][info][gc          ] GC(1) Pause Young (Normal) (G1 Evacuation Pause) 28M->24M(392M) 1.239ms
[2026-05-12T21:55:37.944+0100][0.085s][info][gc,cpu      ] GC(1) User=0.01s Sys=0.00s Real=0.00s
[2026-05-12T21:55:37.947+0100][0.088s][info][gc,start    ] GC(2) Pause Young (Normal) (G1 Evacuation Pause)
[2026-05-12T21:55:37.947+0100][0.088s][info][gc,task     ] GC(2) Using 9 workers of 10 for evacuation
[2026-05-12T21:55:37.949+0100][0.090s][info][gc,phases   ] GC(2)   Pre Evacuate Collection Set: 0.1ms
[2026-05-12T21:55:37.949+0100][0.090s][info][gc,phases   ] GC(2)   Merge Heap Roots: 0.0ms
[2026-05-12T21:55:37.949+0100][0.090s][info][gc,phases   ] GC(2)   Evacuate Collection Set: 1.8ms
[2026-05-12T21:55:37.949+0100][0.090s][info][gc,phases   ] GC(2)   Post Evacuate Collection Set: 0.1ms
[2026-05-12T21:55:37.949+0100][0.090s][info][gc,phases   ] GC(2)   Other: 0.1ms
[2026-05-12T21:55:37.949+0100][0.090s][info][gc,heap     ] GC(2) Eden regions: 5->0(8)
[2026-05-12T21:55:37.949+0100][0.090s][info][gc,heap     ] GC(2) Survivor regions: 1->1(1)
[2026-05-12T21:55:37.949+0100][0.090s][info][gc,heap     ] GC(2) Old regions: 5->8
[2026-05-12T21:55:37.949+0100][0.090s][info][gc,heap     ] GC(2) Archive regions: 2->2
[2026-05-12T21:55:37.949+0100][0.090s][info][gc,heap     ] GC(2) Humongous regions: 0->0
[2026-05-12T21:55:37.949+0100][0.090s][info][gc,metaspace] GC(2) Metaspace: 1779K(1984K)->1779K(1984K) NonClass: 1611K(1728K)->1611K(1728K) Class: 167K(256K)->167K(256K)
[2026-05-12T21:55:37.949+0100][0.090s][info][gc          ] GC(2) Pause Young (Normal) (G1 Evacuation Pause) 44M->36M(392M) 2.133ms
[2026-05-12T21:55:37.949+0100][0.090s][info][gc,cpu      ] GC(2) User=0.02s Sys=0.01s Real=0.00s
[2026-05-12T21:55:37.957+0100][0.099s][info][gc,start    ] GC(3) Pause Full (System.gc())
[2026-05-12T21:55:37.957+0100][0.099s][info][gc,task     ] GC(3) Using 8 workers of 10 for full compaction
[2026-05-12T21:55:37.957+0100][0.099s][info][gc,phases,start] GC(3) Phase 1: Mark live objects
[2026-05-12T21:55:37.959+0100][0.101s][info][gc,phases      ] GC(3) Phase 1: Mark live objects 1.939ms
[2026-05-12T21:55:37.959+0100][0.101s][info][gc,phases,start] GC(3) Phase 2: Prepare for compaction
[2026-05-12T21:55:37.960+0100][0.102s][info][gc,phases      ] GC(3) Phase 2: Prepare for compaction 0.857ms
[2026-05-12T21:55:37.960+0100][0.102s][info][gc,phases,start] GC(3) Phase 3: Adjust pointers
[2026-05-12T21:55:37.961+0100][0.103s][info][gc,phases      ] GC(3) Phase 3: Adjust pointers 0.932ms
[2026-05-12T21:55:37.961+0100][0.103s][info][gc,phases,start] GC(3) Phase 4: Compact heap
[2026-05-12T21:55:37.962+0100][0.103s][info][gc,phases      ] GC(3) Phase 4: Compact heap 0.830ms
[2026-05-12T21:55:37.963+0100][0.104s][info][gc,heap        ] GC(3) Eden regions: 4->0(9)
[2026-05-12T21:55:37.963+0100][0.104s][info][gc,heap        ] GC(3) Survivor regions: 1->0(1)
[2026-05-12T21:55:37.963+0100][0.104s][info][gc,heap        ] GC(3) Old regions: 8->12
[2026-05-12T21:55:37.963+0100][0.104s][info][gc,heap        ] GC(3) Archive regions: 2->2
[2026-05-12T21:55:37.963+0100][0.104s][info][gc,heap        ] GC(3) Humongous regions: 0->0
[2026-05-12T21:55:37.963+0100][0.104s][info][gc,metaspace   ] GC(3) Metaspace: 2062K(2176K)->2062K(2176K) NonClass: 1854K(1920K)->1854K(1920K) Class: 208K(256K)->208K(256K)
[2026-05-12T21:55:37.963+0100][0.104s][info][gc             ] GC(3) Pause Full (System.gc()) 50M->42M(188M) 5.494ms
[2026-05-12T21:55:37.963+0100][0.104s][info][gc,cpu         ] GC(3) User=0.02s Sys=0.00s Real=0.01s
[2026-05-12T21:55:38.115+0100][0.256s][info][gc,start       ] GC(4) Pause Full (System.gc())
[2026-05-12T21:55:38.115+0100][0.257s][info][gc,task        ] GC(4) Using 4 workers of 10 for full compaction
[2026-05-12T21:55:38.115+0100][0.257s][info][gc,phases,start] GC(4) Phase 1: Mark live objects
[2026-05-12T21:55:38.119+0100][0.260s][info][gc,phases      ] GC(4) Phase 1: Mark live objects 3.571ms
[2026-05-12T21:55:38.119+0100][0.260s][info][gc,phases,start] GC(4) Phase 2: Prepare for compaction
[2026-05-12T21:55:38.119+0100][0.261s][info][gc,phases      ] GC(4) Phase 2: Prepare for compaction 0.615ms
[2026-05-12T21:55:38.119+0100][0.261s][info][gc,phases,start] GC(4) Phase 3: Adjust pointers
[2026-05-12T21:55:38.121+0100][0.262s][info][gc,phases      ] GC(4) Phase 3: Adjust pointers 1.413ms
[2026-05-12T21:55:38.121+0100][0.262s][info][gc,phases,start] GC(4) Phase 4: Compact heap
[2026-05-12T21:55:38.122+0100][0.263s][info][gc,phases      ] GC(4) Phase 4: Compact heap 0.694ms
[2026-05-12T21:55:38.122+0100][0.263s][info][gc,heap        ] GC(4) Eden regions: 5->0(8)
[2026-05-12T21:55:38.122+0100][0.263s][info][gc,heap        ] GC(4) Survivor regions: 0->0(1)
[2026-05-12T21:55:38.122+0100][0.263s][info][gc,heap        ] GC(4) Old regions: 12->11
[2026-05-12T21:55:38.122+0100][0.263s][info][gc,heap        ] GC(4) Archive regions: 2->2
[2026-05-12T21:55:38.122+0100][0.263s][info][gc,heap        ] GC(4) Humongous regions: 0->0
[2026-05-12T21:55:38.122+0100][0.263s][info][gc,metaspace   ] GC(4) Metaspace: 2093K(2304K)->2093K(2304K) NonClass: 1879K(1984K)->1879K(1984K) Class: 213K(320K)->213K(320K)
[2026-05-12T21:55:38.122+0100][0.263s][info][gc             ] GC(4) Pause Full (System.gc()) 58M->42M(176M) 6.677ms
[2026-05-12T21:55:38.122+0100][0.263s][info][gc,cpu         ] GC(4) User=0.02s Sys=0.00s Real=0.01s
[2026-05-12T21:55:38.189+0100][0.331s][info][gc,start       ] GC(5) Pause Full (System.gc())
[2026-05-12T21:55:38.189+0100][0.331s][info][gc,task        ] GC(5) Using 4 workers of 10 for full compaction
[2026-05-12T21:55:38.189+0100][0.331s][info][gc,phases,start] GC(5) Phase 1: Mark live objects
[2026-05-12T21:55:38.193+0100][0.335s][info][gc,phases      ] GC(5) Phase 1: Mark live objects 3.914ms
[2026-05-12T21:55:38.193+0100][0.335s][info][gc,phases,start] GC(5) Phase 2: Prepare for compaction
[2026-05-12T21:55:38.194+0100][0.335s][info][gc,phases      ] GC(5) Phase 2: Prepare for compaction 0.630ms
[2026-05-12T21:55:38.194+0100][0.335s][info][gc,phases,start] GC(5) Phase 3: Adjust pointers
[2026-05-12T21:55:38.196+0100][0.337s][info][gc,phases      ] GC(5) Phase 3: Adjust pointers 1.549ms
[2026-05-12T21:55:38.196+0100][0.337s][info][gc,phases,start] GC(5) Phase 4: Compact heap
[2026-05-12T21:55:38.196+0100][0.337s][info][gc,phases      ] GC(5) Phase 4: Compact heap 0.256ms
[2026-05-12T21:55:38.196+0100][0.337s][info][gc,heap        ] GC(5) Eden regions: 4->0(8)
[2026-05-12T21:55:38.196+0100][0.337s][info][gc,heap        ] GC(5) Survivor regions: 0->0(1)
[2026-05-12T21:55:38.196+0100][0.337s][info][gc,heap        ] GC(5) Old regions: 11->11
[2026-05-12T21:55:38.196+0100][0.337s][info][gc,heap        ] GC(5) Archive regions: 2->2
[2026-05-12T21:55:38.196+0100][0.337s][info][gc,heap        ] GC(5) Humongous regions: 0->0
[2026-05-12T21:55:38.196+0100][0.337s][info][gc,metaspace   ] GC(5) Metaspace: 2096K(2304K)->2096K(2304K) NonClass: 1883K(1984K)->1883K(1984K) Class: 213K(320K)->213K(320K)
[2026-05-12T21:55:38.196+0100][0.337s][info][gc             ] GC(5) Pause Full (System.gc()) 54M->42M(176M) 6.638ms
[2026-05-12T21:55:38.196+0100][0.337s][info][gc,cpu         ] GC(5) User=0.02s Sys=0.00s Real=0.01s
[2026-05-12T21:55:38.253+0100][0.394s][info][gc,start       ] GC(6) Pause Full (System.gc())
[2026-05-12T21:55:38.253+0100][0.394s][info][gc,task        ] GC(6) Using 4 workers of 10 for full compaction
[2026-05-12T21:55:38.253+0100][0.394s][info][gc,phases,start] GC(6) Phase 1: Mark live objects
[2026-05-12T21:55:38.257+0100][0.398s][info][gc,phases      ] GC(6) Phase 1: Mark live objects 3.876ms
[2026-05-12T21:55:38.257+0100][0.398s][info][gc,phases,start] GC(6) Phase 2: Prepare for compaction
[2026-05-12T21:55:38.257+0100][0.399s][info][gc,phases      ] GC(6) Phase 2: Prepare for compaction 0.519ms
[2026-05-12T21:55:38.257+0100][0.399s][info][gc,phases,start] GC(6) Phase 3: Adjust pointers
[2026-05-12T21:55:38.259+0100][0.400s][info][gc,phases      ] GC(6) Phase 3: Adjust pointers 1.677ms
[2026-05-12T21:55:38.259+0100][0.400s][info][gc,phases,start] GC(6) Phase 4: Compact heap
[2026-05-12T21:55:38.259+0100][0.401s][info][gc,phases      ] GC(6) Phase 4: Compact heap 0.287ms
[2026-05-12T21:55:38.259+0100][0.401s][info][gc,heap        ] GC(6) Eden regions: 3->0(8)
[2026-05-12T21:55:38.259+0100][0.401s][info][gc,heap        ] GC(6) Survivor regions: 0->0(1)
[2026-05-12T21:55:38.260+0100][0.401s][info][gc,heap        ] GC(6) Old regions: 11->11
[2026-05-12T21:55:38.260+0100][0.401s][info][gc,heap        ] GC(6) Archive regions: 2->2
[2026-05-12T21:55:38.260+0100][0.401s][info][gc,heap        ] GC(6) Humongous regions: 0->0
[2026-05-12T21:55:38.260+0100][0.401s][info][gc,metaspace   ] GC(6) Metaspace: 2103K(2304K)->2103K(2304K) NonClass: 1890K(1984K)->1890K(1984K) Class: 213K(320K)->213K(320K)
[2026-05-12T21:55:38.260+0100][0.401s][info][gc             ] GC(6) Pause Full (System.gc()) 52M->42M(176M) 6.651ms
[2026-05-12T21:55:38.260+0100][0.401s][info][gc,cpu         ] GC(6) User=0.02s Sys=0.00s Real=0.01s
[2026-05-12T21:55:38.318+0100][0.460s][info][gc,start       ] GC(7) Pause Full (System.gc())
[2026-05-12T21:55:38.318+0100][0.460s][info][gc,task        ] GC(7) Using 4 workers of 10 for full compaction
[2026-05-12T21:55:38.318+0100][0.460s][info][gc,phases,start] GC(7) Phase 1: Mark live objects
[2026-05-12T21:55:38.322+0100][0.464s][info][gc,phases      ] GC(7) Phase 1: Mark live objects 3.897ms
[2026-05-12T21:55:38.322+0100][0.464s][info][gc,phases,start] GC(7) Phase 2: Prepare for compaction
[2026-05-12T21:55:38.323+0100][0.464s][info][gc,phases      ] GC(7) Phase 2: Prepare for compaction 0.476ms
[2026-05-12T21:55:38.323+0100][0.464s][info][gc,phases,start] GC(7) Phase 3: Adjust pointers
[2026-05-12T21:55:38.324+0100][0.466s][info][gc,phases      ] GC(7) Phase 3: Adjust pointers 1.583ms
[2026-05-12T21:55:38.324+0100][0.466s][info][gc,phases,start] GC(7) Phase 4: Compact heap
[2026-05-12T21:55:38.325+0100][0.466s][info][gc,phases      ] GC(7) Phase 4: Compact heap 0.304ms
[2026-05-12T21:55:38.325+0100][0.466s][info][gc,heap        ] GC(7) Eden regions: 3->0(8)
[2026-05-12T21:55:38.325+0100][0.466s][info][gc,heap        ] GC(7) Survivor regions: 0->0(1)
[2026-05-12T21:55:38.325+0100][0.466s][info][gc,heap        ] GC(7) Old regions: 11->11
[2026-05-12T21:55:38.325+0100][0.466s][info][gc,heap        ] GC(7) Archive regions: 2->2
[2026-05-12T21:55:38.325+0100][0.466s][info][gc,heap        ] GC(7) Humongous regions: 0->0
[2026-05-12T21:55:38.325+0100][0.466s][info][gc,metaspace   ] GC(7) Metaspace: 2110K(2304K)->2110K(2304K) NonClass: 1897K(1984K)->1897K(1984K) Class: 213K(320K)->213K(320K)
[2026-05-12T21:55:38.325+0100][0.466s][info][gc             ] GC(7) Pause Full (System.gc()) 51M->42M(176M) 6.543ms
[2026-05-12T21:55:38.325+0100][0.466s][info][gc,cpu         ] GC(7) User=0.02s Sys=0.00s Real=0.01s
[2026-05-12T21:55:38.380+0100][0.521s][info][gc,start       ] GC(8) Pause Full (System.gc())
[2026-05-12T21:55:38.380+0100][0.521s][info][gc,task        ] GC(8) Using 4 workers of 10 for full compaction
[2026-05-12T21:55:38.380+0100][0.521s][info][gc,phases,start] GC(8) Phase 1: Mark live objects
[2026-05-12T21:55:38.385+0100][0.526s][info][gc,phases      ] GC(8) Phase 1: Mark live objects 4.522ms
[2026-05-12T21:55:38.385+0100][0.526s][info][gc,phases,start] GC(8) Phase 2: Prepare for compaction
[2026-05-12T21:55:38.385+0100][0.527s][info][gc,phases      ] GC(8) Phase 2: Prepare for compaction 0.644ms
[2026-05-12T21:55:38.385+0100][0.527s][info][gc,phases,start] GC(8) Phase 3: Adjust pointers
[2026-05-12T21:55:38.387+0100][0.529s][info][gc,phases      ] GC(8) Phase 3: Adjust pointers 1.916ms
[2026-05-12T21:55:38.387+0100][0.529s][info][gc,phases,start] GC(8) Phase 4: Compact heap
[2026-05-12T21:55:38.388+0100][0.529s][info][gc,phases      ] GC(8) Phase 4: Compact heap 0.378ms
[2026-05-12T21:55:38.388+0100][0.529s][info][gc,heap        ] GC(8) Eden regions: 3->0(8)
[2026-05-12T21:55:38.388+0100][0.529s][info][gc,heap        ] GC(8) Survivor regions: 0->0(1)
[2026-05-12T21:55:38.388+0100][0.529s][info][gc,heap        ] GC(8) Old regions: 11->11
[2026-05-12T21:55:38.388+0100][0.529s][info][gc,heap        ] GC(8) Archive regions: 2->2
[2026-05-12T21:55:38.388+0100][0.529s][info][gc,heap        ] GC(8) Humongous regions: 0->0
[2026-05-12T21:55:38.388+0100][0.529s][info][gc,metaspace   ] GC(8) Metaspace: 2115K(2304K)->2115K(2304K) NonClass: 1902K(1984K)->1902K(1984K) Class: 213K(320K)->213K(320K)
[2026-05-12T21:55:38.388+0100][0.529s][info][gc             ] GC(8) Pause Full (System.gc()) 52M->42M(176M) 7.787ms
[2026-05-12T21:55:38.388+0100][0.529s][info][gc,cpu         ] GC(8) User=0.03s Sys=0.00s Real=0.00s
[2026-05-12T21:55:38.448+0100][0.589s][info][gc,start       ] GC(9) Pause Full (System.gc())
[2026-05-12T21:55:38.448+0100][0.589s][info][gc,task        ] GC(9) Using 4 workers of 10 for full compaction
[2026-05-12T21:55:38.448+0100][0.589s][info][gc,phases,start] GC(9) Phase 1: Mark live objects
[2026-05-12T21:55:38.453+0100][0.595s][info][gc,phases      ] GC(9) Phase 1: Mark live objects 5.234ms
[2026-05-12T21:55:38.453+0100][0.595s][info][gc,phases,start] GC(9) Phase 2: Prepare for compaction
[2026-05-12T21:55:38.454+0100][0.595s][info][gc,phases      ] GC(9) Phase 2: Prepare for compaction 0.701ms
[2026-05-12T21:55:38.454+0100][0.595s][info][gc,phases,start] GC(9) Phase 3: Adjust pointers
[2026-05-12T21:55:38.456+0100][0.597s][info][gc,phases      ] GC(9) Phase 3: Adjust pointers 2.109ms
[2026-05-12T21:55:38.456+0100][0.597s][info][gc,phases,start] GC(9) Phase 4: Compact heap
[2026-05-12T21:55:38.456+0100][0.598s][info][gc,phases      ] GC(9) Phase 4: Compact heap 0.335ms
[2026-05-12T21:55:38.457+0100][0.598s][info][gc,heap        ] GC(9) Eden regions: 3->0(8)
[2026-05-12T21:55:38.457+0100][0.598s][info][gc,heap        ] GC(9) Survivor regions: 0->0(1)
[2026-05-12T21:55:38.457+0100][0.598s][info][gc,heap        ] GC(9) Old regions: 11->11
[2026-05-12T21:55:38.457+0100][0.598s][info][gc,heap        ] GC(9) Archive regions: 2->2
[2026-05-12T21:55:38.457+0100][0.598s][info][gc,heap        ] GC(9) Humongous regions: 0->0
[2026-05-12T21:55:38.457+0100][0.598s][info][gc,metaspace   ] GC(9) Metaspace: 2123K(2304K)->2123K(2304K) NonClass: 1910K(1984K)->1910K(1984K) Class: 213K(320K)->213K(320K)
[2026-05-12T21:55:38.457+0100][0.598s][info][gc             ] GC(9) Pause Full (System.gc()) 52M->42M(176M) 8.676ms
[2026-05-12T21:55:38.457+0100][0.598s][info][gc,cpu         ] GC(9) User=0.03s Sys=0.00s Real=0.01s
[2026-05-12T21:55:38.519+0100][0.660s][info][gc,heap,exit   ] Heap
[2026-05-12T21:55:38.519+0100][0.660s][info][gc,heap,exit   ]  garbage-first heap   total 180224K, used 52912K [0x0000000b13000000, 0x0000000c93000000)
[2026-05-12T21:55:38.519+0100][0.660s][info][gc,heap,exit   ]   region size 4096K, 3 young (12288K), 0 survivors (0K)
[2026-05-12T21:55:38.519+0100][0.660s][info][gc,heap,exit   ]  Metaspace       used 2215K, committed 2368K, reserved 1114112K
[2026-05-12T21:55:38.519+0100][0.660s][info][gc,heap,exit   ]   class space    used 219K, committed 320K, reserved 1048576K
