[2026-05-12T22:04:21.886+0100][0.004s][info][gc] Using G1
[2026-05-12T22:04:21.887+0100][0.005s][info][gc,init] Version: 17.0.16+8-LTS (release)
[2026-05-12T22:04:21.887+0100][0.005s][info][gc,init] CPUs: 12 total, 12 available
[2026-05-12T22:04:21.887+0100][0.005s][info][gc,init] Memory: 24576M
[2026-05-12T22:04:21.887+0100][0.005s][info][gc,init] Large Page Support: Disabled
[2026-05-12T22:04:21.887+0100][0.005s][info][gc,init] NUMA Support: Disabled
[2026-05-12T22:04:21.887+0100][0.005s][info][gc,init] Compressed Oops: Enabled (Zero based)
[2026-05-12T22:04:21.887+0100][0.005s][info][gc,init] Heap Region Size: 4M
[2026-05-12T22:04:21.887+0100][0.005s][info][gc,init] Heap Min Capacity: 8M
[2026-05-12T22:04:21.887+0100][0.005s][info][gc,init] Heap Initial Capacity: 384M
[2026-05-12T22:04:21.887+0100][0.005s][info][gc,init] Heap Max Capacity: 6G
[2026-05-12T22:04:21.887+0100][0.005s][info][gc,init] Pre-touch: Disabled
[2026-05-12T22:04:21.887+0100][0.005s][info][gc,init] Parallel Workers: 10
[2026-05-12T22:04:21.887+0100][0.005s][info][gc,init] Concurrent Workers: 3
[2026-05-12T22:04:21.887+0100][0.005s][info][gc,init] Concurrent Refinement Workers: 10
[2026-05-12T22:04:21.887+0100][0.005s][info][gc,init] Periodic GC: Disabled
[2026-05-12T22:04:21.890+0100][0.007s][info][gc,metaspace] CDS archive(s) mapped at: [0x0000008800000000-0x0000008800bc0000-0x0000008800bc0000), size 12320768, SharedBaseAddress: 0x0000008800000000, ArchiveRelocationMode: 1.
[2026-05-12T22:04:21.890+0100][0.007s][info][gc,metaspace] Compressed class space mapped at: 0x0000008801000000-0x0000008841000000, reserved size: 1073741824
[2026-05-12T22:04:21.890+0100][0.007s][info][gc,metaspace] Narrow klass base: 0x0000008800000000, Narrow klass shift: 0, Narrow klass range: 0x100000000
[2026-05-12T22:04:21.940+0100][0.057s][info][gc,start    ] GC(0) Pause Young (Normal) (G1 Evacuation Pause)
[2026-05-12T22:04:21.940+0100][0.057s][info][gc,task     ] GC(0) Using 9 workers of 10 for evacuation
[2026-05-12T22:04:21.942+0100][0.060s][info][gc,phases   ] GC(0)   Pre Evacuate Collection Set: 0.1ms
[2026-05-12T22:04:21.942+0100][0.060s][info][gc,phases   ] GC(0)   Merge Heap Roots: 0.1ms
[2026-05-12T22:04:21.942+0100][0.060s][info][gc,phases   ] GC(0)   Evacuate Collection Set: 2.3ms
[2026-05-12T22:04:21.942+0100][0.060s][info][gc,phases   ] GC(0)   Post Evacuate Collection Set: 0.1ms
[2026-05-12T22:04:21.942+0100][0.060s][info][gc,phases   ] GC(0)   Other: 0.3ms
[2026-05-12T22:04:21.942+0100][0.060s][info][gc,heap     ] GC(0) Eden regions: 5->0(3)
[2026-05-12T22:04:21.942+0100][0.060s][info][gc,heap     ] GC(0) Survivor regions: 0->1(1)
[2026-05-12T22:04:21.942+0100][0.060s][info][gc,heap     ] GC(0) Old regions: 0->3
[2026-05-12T22:04:21.942+0100][0.060s][info][gc,heap     ] GC(0) Archive regions: 2->2
[2026-05-12T22:04:21.942+0100][0.060s][info][gc,heap     ] GC(0) Humongous regions: 0->0
[2026-05-12T22:04:21.942+0100][0.060s][info][gc,metaspace] GC(0) Metaspace: 1766K(1920K)->1766K(1920K) NonClass: 1598K(1664K)->1598K(1664K) Class: 167K(256K)->167K(256K)
[2026-05-12T22:04:21.942+0100][0.060s][info][gc          ] GC(0) Pause Young (Normal) (G1 Evacuation Pause) 23M->16M(392M) 2.905ms
[2026-05-12T22:04:21.942+0100][0.060s][info][gc,cpu      ] GC(0) User=0.02s Sys=0.01s Real=0.00s
[2026-05-12T22:04:21.944+0100][0.062s][info][gc,start    ] GC(1) Pause Young (Normal) (G1 Evacuation Pause)
[2026-05-12T22:04:21.944+0100][0.062s][info][gc,task     ] GC(1) Using 9 workers of 10 for evacuation
[2026-05-12T22:04:21.945+0100][0.063s][info][gc,phases   ] GC(1)   Pre Evacuate Collection Set: 0.1ms
[2026-05-12T22:04:21.945+0100][0.063s][info][gc,phases   ] GC(1)   Merge Heap Roots: 0.0ms
[2026-05-12T22:04:21.945+0100][0.063s][info][gc,phases   ] GC(1)   Evacuate Collection Set: 0.9ms
[2026-05-12T22:04:21.945+0100][0.063s][info][gc,phases   ] GC(1)   Post Evacuate Collection Set: 0.1ms
[2026-05-12T22:04:21.945+0100][0.063s][info][gc,phases   ] GC(1)   Other: 0.1ms
[2026-05-12T22:04:21.945+0100][0.063s][info][gc,heap     ] GC(1) Eden regions: 3->0(5)
[2026-05-12T22:04:21.945+0100][0.063s][info][gc,heap     ] GC(1) Survivor regions: 1->1(1)
[2026-05-12T22:04:21.945+0100][0.063s][info][gc,heap     ] GC(1) Old regions: 3->5
[2026-05-12T22:04:21.945+0100][0.063s][info][gc,heap     ] GC(1) Archive regions: 2->2
[2026-05-12T22:04:21.945+0100][0.063s][info][gc,heap     ] GC(1) Humongous regions: 0->0
[2026-05-12T22:04:21.945+0100][0.063s][info][gc,metaspace] GC(1) Metaspace: 1766K(1920K)->1766K(1920K) NonClass: 1599K(1664K)->1599K(1664K) Class: 167K(256K)->167K(256K)
[2026-05-12T22:04:21.945+0100][0.063s][info][gc          ] GC(1) Pause Young (Normal) (G1 Evacuation Pause) 28M->24M(392M) 1.138ms
[2026-05-12T22:04:21.945+0100][0.063s][info][gc,cpu      ] GC(1) User=0.00s Sys=0.00s Real=0.00s
[2026-05-12T22:04:21.948+0100][0.066s][info][gc,start    ] GC(2) Pause Young (Normal) (G1 Evacuation Pause)
[2026-05-12T22:04:21.948+0100][0.066s][info][gc,task     ] GC(2) Using 9 workers of 10 for evacuation
[2026-05-12T22:04:21.950+0100][0.068s][info][gc,phases   ] GC(2)   Pre Evacuate Collection Set: 0.0ms
[2026-05-12T22:04:21.950+0100][0.068s][info][gc,phases   ] GC(2)   Merge Heap Roots: 0.0ms
[2026-05-12T22:04:21.950+0100][0.068s][info][gc,phases   ] GC(2)   Evacuate Collection Set: 2.0ms
[2026-05-12T22:04:21.950+0100][0.068s][info][gc,phases   ] GC(2)   Post Evacuate Collection Set: 0.1ms
[2026-05-12T22:04:21.950+0100][0.068s][info][gc,phases   ] GC(2)   Other: 0.0ms
[2026-05-12T22:04:21.950+0100][0.068s][info][gc,heap     ] GC(2) Eden regions: 5->0(8)
[2026-05-12T22:04:21.950+0100][0.068s][info][gc,heap     ] GC(2) Survivor regions: 1->1(1)
[2026-05-12T22:04:21.950+0100][0.068s][info][gc,heap     ] GC(2) Old regions: 5->7
[2026-05-12T22:04:21.950+0100][0.068s][info][gc,heap     ] GC(2) Archive regions: 2->2
[2026-05-12T22:04:21.950+0100][0.068s][info][gc,heap     ] GC(2) Humongous regions: 0->0
[2026-05-12T22:04:21.950+0100][0.068s][info][gc,metaspace] GC(2) Metaspace: 1766K(1920K)->1766K(1920K) NonClass: 1599K(1664K)->1599K(1664K) Class: 167K(256K)->167K(256K)
[2026-05-12T22:04:21.950+0100][0.068s][info][gc          ] GC(2) Pause Young (Normal) (G1 Evacuation Pause) 44M->35M(392M) 2.299ms
[2026-05-12T22:04:21.950+0100][0.068s][info][gc,cpu      ] GC(2) User=0.01s Sys=0.00s Real=0.01s
[2026-05-12T22:04:21.959+0100][0.077s][info][gc,start    ] GC(3) Pause Full (System.gc())
[2026-05-12T22:04:21.959+0100][0.077s][info][gc,task     ] GC(3) Using 8 workers of 10 for full compaction
[2026-05-12T22:04:21.959+0100][0.077s][info][gc,phases,start] GC(3) Phase 1: Mark live objects
[2026-05-12T22:04:21.961+0100][0.079s][info][gc,phases      ] GC(3) Phase 1: Mark live objects 2.056ms
[2026-05-12T22:04:21.961+0100][0.079s][info][gc,phases,start] GC(3) Phase 2: Prepare for compaction
[2026-05-12T22:04:21.962+0100][0.080s][info][gc,phases      ] GC(3) Phase 2: Prepare for compaction 1.008ms
[2026-05-12T22:04:21.962+0100][0.080s][info][gc,phases,start] GC(3) Phase 3: Adjust pointers
[2026-05-12T22:04:21.963+0100][0.081s][info][gc,phases      ] GC(3) Phase 3: Adjust pointers 0.944ms
[2026-05-12T22:04:21.963+0100][0.081s][info][gc,phases,start] GC(3) Phase 4: Compact heap
[2026-05-12T22:04:21.964+0100][0.082s][info][gc,phases      ] GC(3) Phase 4: Compact heap 0.767ms
[2026-05-12T22:04:21.965+0100][0.082s][info][gc,heap        ] GC(3) Eden regions: 4->0(9)
[2026-05-12T22:04:21.965+0100][0.082s][info][gc,heap        ] GC(3) Survivor regions: 1->0(1)
[2026-05-12T22:04:21.965+0100][0.082s][info][gc,heap        ] GC(3) Old regions: 7->12
[2026-05-12T22:04:21.965+0100][0.082s][info][gc,heap        ] GC(3) Archive regions: 2->2
[2026-05-12T22:04:21.965+0100][0.082s][info][gc,heap        ] GC(3) Humongous regions: 0->0
[2026-05-12T22:04:21.965+0100][0.082s][info][gc,metaspace   ] GC(3) Metaspace: 2050K(2176K)->2050K(2176K) NonClass: 1842K(1920K)->1842K(1920K) Class: 208K(256K)->208K(256K)
[2026-05-12T22:04:21.965+0100][0.082s][info][gc             ] GC(3) Pause Full (System.gc()) 50M->42M(188M) 5.592ms
[2026-05-12T22:04:21.965+0100][0.082s][info][gc,cpu         ] GC(3) User=0.03s Sys=0.00s Real=0.01s
[2026-05-12T22:04:22.072+0100][0.189s][info][gc,start       ] GC(4) Pause Full (System.gc())
[2026-05-12T22:04:22.072+0100][0.189s][info][gc,task        ] GC(4) Using 4 workers of 10 for full compaction
[2026-05-12T22:04:22.072+0100][0.189s][info][gc,phases,start] GC(4) Phase 1: Mark live objects
[2026-05-12T22:04:22.075+0100][0.192s][info][gc,phases      ] GC(4) Phase 1: Mark live objects 3.152ms
[2026-05-12T22:04:22.075+0100][0.192s][info][gc,phases,start] GC(4) Phase 2: Prepare for compaction
[2026-05-12T22:04:22.075+0100][0.193s][info][gc,phases      ] GC(4) Phase 2: Prepare for compaction 0.457ms
[2026-05-12T22:04:22.075+0100][0.193s][info][gc,phases,start] GC(4) Phase 3: Adjust pointers
[2026-05-12T22:04:22.077+0100][0.194s][info][gc,phases      ] GC(4) Phase 3: Adjust pointers 1.404ms
[2026-05-12T22:04:22.077+0100][0.194s][info][gc,phases,start] GC(4) Phase 4: Compact heap
[2026-05-12T22:04:22.077+0100][0.195s][info][gc,phases      ] GC(4) Phase 4: Compact heap 0.524ms
[2026-05-12T22:04:22.078+0100][0.195s][info][gc,heap        ] GC(4) Eden regions: 6->0(9)
[2026-05-12T22:04:22.078+0100][0.195s][info][gc,heap        ] GC(4) Survivor regions: 0->0(1)
[2026-05-12T22:04:22.078+0100][0.195s][info][gc,heap        ] GC(4) Old regions: 12->12
[2026-05-12T22:04:22.078+0100][0.195s][info][gc,heap        ] GC(4) Archive regions: 2->2
[2026-05-12T22:04:22.078+0100][0.195s][info][gc,heap        ] GC(4) Humongous regions: 0->0
[2026-05-12T22:04:22.078+0100][0.195s][info][gc,metaspace   ] GC(4) Metaspace: 2120K(2368K)->2120K(2368K) NonClass: 1900K(2048K)->1900K(2048K) Class: 219K(320K)->219K(320K)
[2026-05-12T22:04:22.078+0100][0.195s][info][gc             ] GC(4) Pause Full (System.gc()) 63M->42M(188M) 6.004ms
[2026-05-12T22:04:22.078+0100][0.195s][info][gc,cpu         ] GC(4) User=0.02s Sys=0.00s Real=0.00s
[2026-05-12T22:04:22.140+0100][0.257s][info][gc,start       ] GC(5) Pause Full (System.gc())
[2026-05-12T22:04:22.140+0100][0.257s][info][gc,task        ] GC(5) Using 4 workers of 10 for full compaction
[2026-05-12T22:04:22.140+0100][0.257s][info][gc,phases,start] GC(5) Phase 1: Mark live objects
[2026-05-12T22:04:22.143+0100][0.261s][info][gc,phases      ] GC(5) Phase 1: Mark live objects 3.760ms
[2026-05-12T22:04:22.143+0100][0.261s][info][gc,phases,start] GC(5) Phase 2: Prepare for compaction
[2026-05-12T22:04:22.144+0100][0.261s][info][gc,phases      ] GC(5) Phase 2: Prepare for compaction 0.349ms
[2026-05-12T22:04:22.144+0100][0.261s][info][gc,phases,start] GC(5) Phase 3: Adjust pointers
[2026-05-12T22:04:22.145+0100][0.263s][info][gc,phases      ] GC(5) Phase 3: Adjust pointers 1.537ms
[2026-05-12T22:04:22.145+0100][0.263s][info][gc,phases,start] GC(5) Phase 4: Compact heap
[2026-05-12T22:04:22.146+0100][0.263s][info][gc,phases      ] GC(5) Phase 4: Compact heap 0.258ms
[2026-05-12T22:04:22.146+0100][0.263s][info][gc,heap        ] GC(5) Eden regions: 5->0(9)
[2026-05-12T22:04:22.146+0100][0.263s][info][gc,heap        ] GC(5) Survivor regions: 0->0(1)
[2026-05-12T22:04:22.146+0100][0.263s][info][gc,heap        ] GC(5) Old regions: 12->12
[2026-05-12T22:04:22.146+0100][0.263s][info][gc,heap        ] GC(5) Archive regions: 2->2
[2026-05-12T22:04:22.146+0100][0.263s][info][gc,heap        ] GC(5) Humongous regions: 0->0
[2026-05-12T22:04:22.146+0100][0.263s][info][gc,metaspace   ] GC(5) Metaspace: 2122K(2368K)->2122K(2368K) NonClass: 1903K(2048K)->1903K(2048K) Class: 219K(320K)->219K(320K)
[2026-05-12T22:04:22.146+0100][0.263s][info][gc             ] GC(5) Pause Full (System.gc()) 62M->42M(188M) 6.173ms
[2026-05-12T22:04:22.146+0100][0.263s][info][gc,cpu         ] GC(5) User=0.02s Sys=0.00s Real=0.00s
[2026-05-12T22:04:22.204+0100][0.322s][info][gc,start       ] GC(6) Pause Full (System.gc())
[2026-05-12T22:04:22.204+0100][0.322s][info][gc,task        ] GC(6) Using 4 workers of 10 for full compaction
[2026-05-12T22:04:22.204+0100][0.322s][info][gc,phases,start] GC(6) Phase 1: Mark live objects
[2026-05-12T22:04:22.209+0100][0.326s][info][gc,phases      ] GC(6) Phase 1: Mark live objects 4.131ms
[2026-05-12T22:04:22.209+0100][0.326s][info][gc,phases,start] GC(6) Phase 2: Prepare for compaction
[2026-05-12T22:04:22.209+0100][0.327s][info][gc,phases      ] GC(6) Phase 2: Prepare for compaction 0.455ms
[2026-05-12T22:04:22.209+0100][0.327s][info][gc,phases,start] GC(6) Phase 3: Adjust pointers
[2026-05-12T22:04:22.211+0100][0.329s][info][gc,phases      ] GC(6) Phase 3: Adjust pointers 1.771ms
[2026-05-12T22:04:22.211+0100][0.329s][info][gc,phases,start] GC(6) Phase 4: Compact heap
[2026-05-12T22:04:22.211+0100][0.329s][info][gc,phases      ] GC(6) Phase 4: Compact heap 0.340ms
[2026-05-12T22:04:22.211+0100][0.329s][info][gc,heap        ] GC(6) Eden regions: 5->0(9)
[2026-05-12T22:04:22.211+0100][0.329s][info][gc,heap        ] GC(6) Survivor regions: 0->0(1)
[2026-05-12T22:04:22.211+0100][0.329s][info][gc,heap        ] GC(6) Old regions: 12->12
[2026-05-12T22:04:22.211+0100][0.329s][info][gc,heap        ] GC(6) Archive regions: 2->2
[2026-05-12T22:04:22.211+0100][0.329s][info][gc,heap        ] GC(6) Humongous regions: 0->0
[2026-05-12T22:04:22.211+0100][0.329s][info][gc,metaspace   ] GC(6) Metaspace: 2126K(2368K)->2126K(2368K) NonClass: 1907K(2048K)->1907K(2048K) Class: 219K(320K)->219K(320K)
[2026-05-12T22:04:22.211+0100][0.329s][info][gc             ] GC(6) Pause Full (System.gc()) 62M->42M(188M) 7.003ms
[2026-05-12T22:04:22.211+0100][0.329s][info][gc,cpu         ] GC(6) User=0.02s Sys=0.00s Real=0.01s
[2026-05-12T22:04:22.273+0100][0.391s][info][gc,start       ] GC(7) Pause Full (System.gc())
[2026-05-12T22:04:22.273+0100][0.391s][info][gc,task        ] GC(7) Using 4 workers of 10 for full compaction
[2026-05-12T22:04:22.273+0100][0.391s][info][gc,phases,start] GC(7) Phase 1: Mark live objects
[2026-05-12T22:04:22.278+0100][0.396s][info][gc,phases      ] GC(7) Phase 1: Mark live objects 4.887ms
[2026-05-12T22:04:22.278+0100][0.396s][info][gc,phases,start] GC(7) Phase 2: Prepare for compaction
[2026-05-12T22:04:22.278+0100][0.396s][info][gc,phases      ] GC(7) Phase 2: Prepare for compaction 0.442ms
[2026-05-12T22:04:22.279+0100][0.396s][info][gc,phases,start] GC(7) Phase 3: Adjust pointers
[2026-05-12T22:04:22.280+0100][0.398s][info][gc,phases      ] GC(7) Phase 3: Adjust pointers 1.955ms
[2026-05-12T22:04:22.280+0100][0.398s][info][gc,phases,start] GC(7) Phase 4: Compact heap
[2026-05-12T22:04:22.281+0100][0.398s][info][gc,phases      ] GC(7) Phase 4: Compact heap 0.320ms
[2026-05-12T22:04:22.281+0100][0.399s][info][gc,heap        ] GC(7) Eden regions: 6->0(9)
[2026-05-12T22:04:22.281+0100][0.399s][info][gc,heap        ] GC(7) Survivor regions: 0->0(1)
[2026-05-12T22:04:22.281+0100][0.399s][info][gc,heap        ] GC(7) Old regions: 12->12
[2026-05-12T22:04:22.281+0100][0.399s][info][gc,heap        ] GC(7) Archive regions: 2->2
[2026-05-12T22:04:22.281+0100][0.399s][info][gc,heap        ] GC(7) Humongous regions: 0->0
[2026-05-12T22:04:22.281+0100][0.399s][info][gc,metaspace   ] GC(7) Metaspace: 2127K(2368K)->2127K(2368K) NonClass: 1907K(2048K)->1907K(2048K) Class: 219K(320K)->219K(320K)
[2026-05-12T22:04:22.281+0100][0.399s][info][gc             ] GC(7) Pause Full (System.gc()) 62M->42M(188M) 7.881ms
[2026-05-12T22:04:22.281+0100][0.399s][info][gc,cpu         ] GC(7) User=0.03s Sys=0.00s Real=0.01s
[2026-05-12T22:04:22.336+0100][0.454s][info][gc,start       ] GC(8) Pause Full (System.gc())
[2026-05-12T22:04:22.337+0100][0.454s][info][gc,task        ] GC(8) Using 4 workers of 10 for full compaction
[2026-05-12T22:04:22.337+0100][0.454s][info][gc,phases,start] GC(8) Phase 1: Mark live objects
[2026-05-12T22:04:22.340+0100][0.458s][info][gc,phases      ] GC(8) Phase 1: Mark live objects 3.389ms
[2026-05-12T22:04:22.340+0100][0.458s][info][gc,phases,start] GC(8) Phase 2: Prepare for compaction
[2026-05-12T22:04:22.340+0100][0.458s][info][gc,phases      ] GC(8) Phase 2: Prepare for compaction 0.346ms
[2026-05-12T22:04:22.340+0100][0.458s][info][gc,phases,start] GC(8) Phase 3: Adjust pointers
[2026-05-12T22:04:22.342+0100][0.460s][info][gc,phases      ] GC(8) Phase 3: Adjust pointers 1.551ms
[2026-05-12T22:04:22.342+0100][0.460s][info][gc,phases,start] GC(8) Phase 4: Compact heap
[2026-05-12T22:04:22.342+0100][0.460s][info][gc,phases      ] GC(8) Phase 4: Compact heap 0.273ms
[2026-05-12T22:04:22.342+0100][0.460s][info][gc,heap        ] GC(8) Eden regions: 6->0(9)
[2026-05-12T22:04:22.342+0100][0.460s][info][gc,heap        ] GC(8) Survivor regions: 0->0(1)
[2026-05-12T22:04:22.342+0100][0.460s][info][gc,heap        ] GC(8) Old regions: 12->12
[2026-05-12T22:04:22.342+0100][0.460s][info][gc,heap        ] GC(8) Archive regions: 2->2
[2026-05-12T22:04:22.342+0100][0.460s][info][gc,heap        ] GC(8) Humongous regions: 0->0
[2026-05-12T22:04:22.342+0100][0.460s][info][gc,metaspace   ] GC(8) Metaspace: 2130K(2368K)->2130K(2368K) NonClass: 1910K(2048K)->1910K(2048K) Class: 219K(320K)->219K(320K)
[2026-05-12T22:04:22.342+0100][0.460s][info][gc             ] GC(8) Pause Full (System.gc()) 62M->42M(188M) 5.817ms
[2026-05-12T22:04:22.342+0100][0.460s][info][gc,cpu         ] GC(8) User=0.02s Sys=0.00s Real=0.01s
[2026-05-12T22:04:22.404+0100][0.522s][info][gc,start       ] GC(9) Pause Full (System.gc())
[2026-05-12T22:04:22.404+0100][0.522s][info][gc,task        ] GC(9) Using 4 workers of 10 for full compaction
[2026-05-12T22:04:22.404+0100][0.522s][info][gc,phases,start] GC(9) Phase 1: Mark live objects
[2026-05-12T22:04:22.409+0100][0.527s][info][gc,phases      ] GC(9) Phase 1: Mark live objects 4.975ms
[2026-05-12T22:04:22.409+0100][0.527s][info][gc,phases,start] GC(9) Phase 2: Prepare for compaction
[2026-05-12T22:04:22.410+0100][0.528s][info][gc,phases      ] GC(9) Phase 2: Prepare for compaction 0.463ms
[2026-05-12T22:04:22.410+0100][0.528s][info][gc,phases,start] GC(9) Phase 3: Adjust pointers
[2026-05-12T22:04:22.412+0100][0.530s][info][gc,phases      ] GC(9) Phase 3: Adjust pointers 1.935ms
[2026-05-12T22:04:22.412+0100][0.530s][info][gc,phases,start] GC(9) Phase 4: Compact heap
[2026-05-12T22:04:22.412+0100][0.530s][info][gc,phases      ] GC(9) Phase 4: Compact heap 0.409ms
[2026-05-12T22:04:22.412+0100][0.530s][info][gc,heap        ] GC(9) Eden regions: 5->0(9)
[2026-05-12T22:04:22.412+0100][0.530s][info][gc,heap        ] GC(9) Survivor regions: 0->0(1)
[2026-05-12T22:04:22.412+0100][0.530s][info][gc,heap        ] GC(9) Old regions: 12->12
[2026-05-12T22:04:22.412+0100][0.530s][info][gc,heap        ] GC(9) Archive regions: 2->2
[2026-05-12T22:04:22.412+0100][0.530s][info][gc,heap        ] GC(9) Humongous regions: 0->0
[2026-05-12T22:04:22.412+0100][0.530s][info][gc,metaspace   ] GC(9) Metaspace: 2130K(2368K)->2130K(2368K) NonClass: 1910K(2048K)->1910K(2048K) Class: 219K(320K)->219K(320K)
[2026-05-12T22:04:22.413+0100][0.530s][info][gc             ] GC(9) Pause Full (System.gc()) 61M->42M(188M) 8.110ms
[2026-05-12T22:04:22.413+0100][0.530s][info][gc,cpu         ] GC(9) User=0.03s Sys=0.00s Real=0.01s
[2026-05-12T22:04:22.474+0100][0.591s][info][gc,heap,exit   ] Heap
[2026-05-12T22:04:22.474+0100][0.591s][info][gc,heap,exit   ]  garbage-first heap   total 192512K, used 63514K [0x0000000300800000, 0x0000000480800000)
[2026-05-12T22:04:22.474+0100][0.592s][info][gc,heap,exit   ]   region size 4096K, 5 young (20480K), 0 survivors (0K)
[2026-05-12T22:04:22.474+0100][0.592s][info][gc,heap,exit   ]  Metaspace       used 2205K, committed 2432K, reserved 1114112K
[2026-05-12T22:04:22.474+0100][0.592s][info][gc,heap,exit   ]   class space    used 225K, committed 320K, reserved 1048576K
