[2026-05-12T21:55:28.900+0100][0.004s][info][gc] Using G1
[2026-05-12T21:55:28.900+0100][0.005s][info][gc,init] Version: 17.0.16+8-LTS (release)
[2026-05-12T21:55:28.901+0100][0.005s][info][gc,init] CPUs: 12 total, 12 available
[2026-05-12T21:55:28.901+0100][0.005s][info][gc,init] Memory: 24576M
[2026-05-12T21:55:28.901+0100][0.005s][info][gc,init] Large Page Support: Disabled
[2026-05-12T21:55:28.901+0100][0.005s][info][gc,init] NUMA Support: Disabled
[2026-05-12T21:55:28.901+0100][0.005s][info][gc,init] Compressed Oops: Enabled (Zero based)
[2026-05-12T21:55:28.901+0100][0.005s][info][gc,init] Heap Region Size: 4M
[2026-05-12T21:55:28.901+0100][0.005s][info][gc,init] Heap Min Capacity: 8M
[2026-05-12T21:55:28.901+0100][0.005s][info][gc,init] Heap Initial Capacity: 384M
[2026-05-12T21:55:28.901+0100][0.005s][info][gc,init] Heap Max Capacity: 6G
[2026-05-12T21:55:28.901+0100][0.005s][info][gc,init] Pre-touch: Disabled
[2026-05-12T21:55:28.901+0100][0.005s][info][gc,init] Parallel Workers: 10
[2026-05-12T21:55:28.901+0100][0.005s][info][gc,init] Concurrent Workers: 3
[2026-05-12T21:55:28.901+0100][0.005s][info][gc,init] Concurrent Refinement Workers: 10
[2026-05-12T21:55:28.901+0100][0.005s][info][gc,init] Periodic GC: Disabled
[2026-05-12T21:55:28.903+0100][0.008s][info][gc,metaspace] CDS archive(s) mapped at: [0x000000f000000000-0x000000f000bc0000-0x000000f000bc0000), size 12320768, SharedBaseAddress: 0x000000f000000000, ArchiveRelocationMode: 1.
[2026-05-12T21:55:28.904+0100][0.008s][info][gc,metaspace] Compressed class space mapped at: 0x000000f001000000-0x000000f041000000, reserved size: 1073741824
[2026-05-12T21:55:28.904+0100][0.008s][info][gc,metaspace] Narrow klass base: 0x000000f000000000, Narrow klass shift: 0, Narrow klass range: 0x100000000
[2026-05-12T21:55:28.955+0100][0.059s][info][gc,start    ] GC(0) Pause Young (Normal) (G1 Evacuation Pause)
[2026-05-12T21:55:28.955+0100][0.059s][info][gc,task     ] GC(0) Using 9 workers of 10 for evacuation
[2026-05-12T21:55:28.957+0100][0.061s][info][gc,phases   ] GC(0)   Pre Evacuate Collection Set: 0.1ms
[2026-05-12T21:55:28.957+0100][0.062s][info][gc,phases   ] GC(0)   Merge Heap Roots: 0.1ms
[2026-05-12T21:55:28.957+0100][0.062s][info][gc,phases   ] GC(0)   Evacuate Collection Set: 2.4ms
[2026-05-12T21:55:28.957+0100][0.062s][info][gc,phases   ] GC(0)   Post Evacuate Collection Set: 0.1ms
[2026-05-12T21:55:28.958+0100][0.062s][info][gc,phases   ] GC(0)   Other: 0.3ms
[2026-05-12T21:55:28.958+0100][0.062s][info][gc,heap     ] GC(0) Eden regions: 5->0(3)
[2026-05-12T21:55:28.958+0100][0.062s][info][gc,heap     ] GC(0) Survivor regions: 0->1(1)
[2026-05-12T21:55:28.958+0100][0.062s][info][gc,heap     ] GC(0) Old regions: 0->3
[2026-05-12T21:55:28.958+0100][0.062s][info][gc,heap     ] GC(0) Archive regions: 2->2
[2026-05-12T21:55:28.958+0100][0.062s][info][gc,heap     ] GC(0) Humongous regions: 0->0
[2026-05-12T21:55:28.958+0100][0.062s][info][gc,metaspace] GC(0) Metaspace: 1769K(1920K)->1769K(1920K) NonClass: 1602K(1664K)->1602K(1664K) Class: 167K(256K)->167K(256K)
[2026-05-12T21:55:28.958+0100][0.062s][info][gc          ] GC(0) Pause Young (Normal) (G1 Evacuation Pause) 23M->16M(392M) 3.014ms
[2026-05-12T21:55:28.958+0100][0.062s][info][gc,cpu      ] GC(0) User=0.01s Sys=0.01s Real=0.00s
[2026-05-12T21:55:28.959+0100][0.063s][info][gc,start    ] GC(1) Pause Young (Normal) (G1 Evacuation Pause)
[2026-05-12T21:55:28.959+0100][0.063s][info][gc,task     ] GC(1) Using 9 workers of 10 for evacuation
[2026-05-12T21:55:28.960+0100][0.065s][info][gc,phases   ] GC(1)   Pre Evacuate Collection Set: 0.1ms
[2026-05-12T21:55:28.961+0100][0.065s][info][gc,phases   ] GC(1)   Merge Heap Roots: 0.0ms
[2026-05-12T21:55:28.961+0100][0.065s][info][gc,phases   ] GC(1)   Evacuate Collection Set: 1.0ms
[2026-05-12T21:55:28.961+0100][0.065s][info][gc,phases   ] GC(1)   Post Evacuate Collection Set: 0.1ms
[2026-05-12T21:55:28.961+0100][0.065s][info][gc,phases   ] GC(1)   Other: 0.0ms
[2026-05-12T21:55:28.961+0100][0.065s][info][gc,heap     ] GC(1) Eden regions: 3->0(5)
[2026-05-12T21:55:28.961+0100][0.065s][info][gc,heap     ] GC(1) Survivor regions: 1->1(1)
[2026-05-12T21:55:28.961+0100][0.065s][info][gc,heap     ] GC(1) Old regions: 3->5
[2026-05-12T21:55:28.961+0100][0.065s][info][gc,heap     ] GC(1) Archive regions: 2->2
[2026-05-12T21:55:28.961+0100][0.065s][info][gc,heap     ] GC(1) Humongous regions: 0->0
[2026-05-12T21:55:28.961+0100][0.065s][info][gc,metaspace] GC(1) Metaspace: 1770K(1920K)->1770K(1920K) NonClass: 1602K(1664K)->1602K(1664K) Class: 167K(256K)->167K(256K)
[2026-05-12T21:55:28.961+0100][0.065s][info][gc          ] GC(1) Pause Young (Normal) (G1 Evacuation Pause) 28M->24M(392M) 1.275ms
[2026-05-12T21:55:28.961+0100][0.065s][info][gc,cpu      ] GC(1) User=0.01s Sys=0.00s Real=0.01s
[2026-05-12T21:55:28.963+0100][0.067s][info][gc,start    ] GC(2) Pause Young (Normal) (G1 Evacuation Pause)
[2026-05-12T21:55:28.963+0100][0.067s][info][gc,task     ] GC(2) Using 9 workers of 10 for evacuation
[2026-05-12T21:55:28.966+0100][0.070s][info][gc,phases   ] GC(2)   Pre Evacuate Collection Set: 0.1ms
[2026-05-12T21:55:28.966+0100][0.070s][info][gc,phases   ] GC(2)   Merge Heap Roots: 0.0ms
[2026-05-12T21:55:28.966+0100][0.070s][info][gc,phases   ] GC(2)   Evacuate Collection Set: 1.9ms
[2026-05-12T21:55:28.966+0100][0.070s][info][gc,phases   ] GC(2)   Post Evacuate Collection Set: 0.1ms
[2026-05-12T21:55:28.966+0100][0.070s][info][gc,phases   ] GC(2)   Other: 0.1ms
[2026-05-12T21:55:28.966+0100][0.070s][info][gc,heap     ] GC(2) Eden regions: 5->0(8)
[2026-05-12T21:55:28.966+0100][0.070s][info][gc,heap     ] GC(2) Survivor regions: 1->1(1)
[2026-05-12T21:55:28.966+0100][0.070s][info][gc,heap     ] GC(2) Old regions: 5->8
[2026-05-12T21:55:28.966+0100][0.070s][info][gc,heap     ] GC(2) Archive regions: 2->2
[2026-05-12T21:55:28.966+0100][0.070s][info][gc,heap     ] GC(2) Humongous regions: 0->0
[2026-05-12T21:55:28.966+0100][0.070s][info][gc,metaspace] GC(2) Metaspace: 1770K(1920K)->1770K(1920K) NonClass: 1602K(1664K)->1602K(1664K) Class: 167K(256K)->167K(256K)
[2026-05-12T21:55:28.966+0100][0.070s][info][gc          ] GC(2) Pause Young (Normal) (G1 Evacuation Pause) 44M->36M(392M) 2.224ms
[2026-05-12T21:55:28.966+0100][0.070s][info][gc,cpu      ] GC(2) User=0.01s Sys=0.00s Real=0.00s
[2026-05-12T21:55:28.974+0100][0.078s][info][gc,start    ] GC(3) Pause Full (System.gc())
[2026-05-12T21:55:28.974+0100][0.078s][info][gc,task     ] GC(3) Using 8 workers of 10 for full compaction
[2026-05-12T21:55:28.974+0100][0.078s][info][gc,phases,start] GC(3) Phase 1: Mark live objects
[2026-05-12T21:55:28.976+0100][0.080s][info][gc,phases      ] GC(3) Phase 1: Mark live objects 2.005ms
[2026-05-12T21:55:28.976+0100][0.080s][info][gc,phases,start] GC(3) Phase 2: Prepare for compaction
[2026-05-12T21:55:28.977+0100][0.082s][info][gc,phases      ] GC(3) Phase 2: Prepare for compaction 1.060ms
[2026-05-12T21:55:28.977+0100][0.082s][info][gc,phases,start] GC(3) Phase 3: Adjust pointers
[2026-05-12T21:55:28.978+0100][0.082s][info][gc,phases      ] GC(3) Phase 3: Adjust pointers 0.972ms
[2026-05-12T21:55:28.978+0100][0.083s][info][gc,phases,start] GC(3) Phase 4: Compact heap
[2026-05-12T21:55:28.979+0100][0.083s][info][gc,phases      ] GC(3) Phase 4: Compact heap 0.834ms
[2026-05-12T21:55:28.980+0100][0.084s][info][gc,heap        ] GC(3) Eden regions: 4->0(9)
[2026-05-12T21:55:28.980+0100][0.084s][info][gc,heap        ] GC(3) Survivor regions: 1->0(1)
[2026-05-12T21:55:28.980+0100][0.084s][info][gc,heap        ] GC(3) Old regions: 8->12
[2026-05-12T21:55:28.980+0100][0.084s][info][gc,heap        ] GC(3) Archive regions: 2->2
[2026-05-12T21:55:28.980+0100][0.084s][info][gc,heap        ] GC(3) Humongous regions: 0->0
[2026-05-12T21:55:28.980+0100][0.084s][info][gc,metaspace   ] GC(3) Metaspace: 2053K(2176K)->2053K(2176K) NonClass: 1845K(1920K)->1845K(1920K) Class: 208K(256K)->208K(256K)
[2026-05-12T21:55:28.980+0100][0.084s][info][gc             ] GC(3) Pause Full (System.gc()) 50M->42M(188M) 5.815ms
[2026-05-12T21:55:28.980+0100][0.084s][info][gc,cpu         ] GC(3) User=0.03s Sys=0.00s Real=0.01s
[2026-05-12T21:55:29.140+0100][0.244s][info][gc,start       ] GC(4) Pause Full (System.gc())
[2026-05-12T21:55:29.140+0100][0.244s][info][gc,task        ] GC(4) Using 4 workers of 10 for full compaction
[2026-05-12T21:55:29.140+0100][0.244s][info][gc,phases,start] GC(4) Phase 1: Mark live objects
[2026-05-12T21:55:29.144+0100][0.248s][info][gc,phases      ] GC(4) Phase 1: Mark live objects 3.209ms
[2026-05-12T21:55:29.144+0100][0.248s][info][gc,phases,start] GC(4) Phase 2: Prepare for compaction
[2026-05-12T21:55:29.144+0100][0.248s][info][gc,phases      ] GC(4) Phase 2: Prepare for compaction 0.504ms
[2026-05-12T21:55:29.144+0100][0.248s][info][gc,phases,start] GC(4) Phase 3: Adjust pointers
[2026-05-12T21:55:29.146+0100][0.250s][info][gc,phases      ] GC(4) Phase 3: Adjust pointers 1.554ms
[2026-05-12T21:55:29.146+0100][0.250s][info][gc,phases,start] GC(4) Phase 4: Compact heap
[2026-05-12T21:55:29.146+0100][0.250s][info][gc,phases      ] GC(4) Phase 4: Compact heap 0.518ms
[2026-05-12T21:55:29.146+0100][0.251s][info][gc,heap        ] GC(4) Eden regions: 8->0(9)
[2026-05-12T21:55:29.146+0100][0.251s][info][gc,heap        ] GC(4) Survivor regions: 0->0(1)
[2026-05-12T21:55:29.146+0100][0.251s][info][gc,heap        ] GC(4) Old regions: 12->12
[2026-05-12T21:55:29.146+0100][0.251s][info][gc,heap        ] GC(4) Archive regions: 2->2
[2026-05-12T21:55:29.146+0100][0.251s][info][gc,heap        ] GC(4) Humongous regions: 0->0
[2026-05-12T21:55:29.146+0100][0.251s][info][gc,metaspace   ] GC(4) Metaspace: 2124K(2368K)->2124K(2368K) NonClass: 1905K(2048K)->1905K(2048K) Class: 219K(320K)->219K(320K)
[2026-05-12T21:55:29.147+0100][0.251s][info][gc             ] GC(4) Pause Full (System.gc()) 71M->42M(188M) 6.241ms
[2026-05-12T21:55:29.147+0100][0.251s][info][gc,cpu         ] GC(4) User=0.02s Sys=0.00s Real=0.00s
[2026-05-12T21:55:29.209+0100][0.313s][info][gc,start       ] GC(5) Pause Full (System.gc())
[2026-05-12T21:55:29.209+0100][0.313s][info][gc,task        ] GC(5) Using 4 workers of 10 for full compaction
[2026-05-12T21:55:29.209+0100][0.313s][info][gc,phases,start] GC(5) Phase 1: Mark live objects
[2026-05-12T21:55:29.213+0100][0.317s][info][gc,phases      ] GC(5) Phase 1: Mark live objects 3.386ms
[2026-05-12T21:55:29.213+0100][0.317s][info][gc,phases,start] GC(5) Phase 2: Prepare for compaction
[2026-05-12T21:55:29.213+0100][0.317s][info][gc,phases      ] GC(5) Phase 2: Prepare for compaction 0.205ms
[2026-05-12T21:55:29.213+0100][0.317s][info][gc,phases,start] GC(5) Phase 3: Adjust pointers
[2026-05-12T21:55:29.214+0100][0.318s][info][gc,phases      ] GC(5) Phase 3: Adjust pointers 1.481ms
[2026-05-12T21:55:29.214+0100][0.318s][info][gc,phases,start] GC(5) Phase 4: Compact heap
[2026-05-12T21:55:29.214+0100][0.318s][info][gc,phases      ] GC(5) Phase 4: Compact heap 0.145ms
[2026-05-12T21:55:29.215+0100][0.319s][info][gc,heap        ] GC(5) Eden regions: 8->0(9)
[2026-05-12T21:55:29.215+0100][0.319s][info][gc,heap        ] GC(5) Survivor regions: 0->0(1)
[2026-05-12T21:55:29.215+0100][0.319s][info][gc,heap        ] GC(5) Old regions: 12->12
[2026-05-12T21:55:29.215+0100][0.319s][info][gc,heap        ] GC(5) Archive regions: 2->2
[2026-05-12T21:55:29.215+0100][0.319s][info][gc,heap        ] GC(5) Humongous regions: 0->0
[2026-05-12T21:55:29.215+0100][0.319s][info][gc,metaspace   ] GC(5) Metaspace: 2128K(2368K)->2128K(2368K) NonClass: 1908K(2048K)->1908K(2048K) Class: 219K(320K)->219K(320K)
[2026-05-12T21:55:29.215+0100][0.319s][info][gc             ] GC(5) Pause Full (System.gc()) 70M->42M(188M) 5.518ms
[2026-05-12T21:55:29.215+0100][0.319s][info][gc,cpu         ] GC(5) User=0.02s Sys=0.00s Real=0.01s
[2026-05-12T21:55:29.273+0100][0.377s][info][gc,start       ] GC(6) Pause Full (System.gc())
[2026-05-12T21:55:29.273+0100][0.377s][info][gc,task        ] GC(6) Using 4 workers of 10 for full compaction
[2026-05-12T21:55:29.273+0100][0.377s][info][gc,phases,start] GC(6) Phase 1: Mark live objects
[2026-05-12T21:55:29.277+0100][0.381s][info][gc,phases      ] GC(6) Phase 1: Mark live objects 3.985ms
[2026-05-12T21:55:29.277+0100][0.381s][info][gc,phases,start] GC(6) Phase 2: Prepare for compaction
[2026-05-12T21:55:29.277+0100][0.381s][info][gc,phases      ] GC(6) Phase 2: Prepare for compaction 0.246ms
[2026-05-12T21:55:29.277+0100][0.381s][info][gc,phases,start] GC(6) Phase 3: Adjust pointers
[2026-05-12T21:55:29.279+0100][0.383s][info][gc,phases      ] GC(6) Phase 3: Adjust pointers 1.758ms
[2026-05-12T21:55:29.279+0100][0.383s][info][gc,phases,start] GC(6) Phase 4: Compact heap
[2026-05-12T21:55:29.279+0100][0.383s][info][gc,phases      ] GC(6) Phase 4: Compact heap 0.206ms
[2026-05-12T21:55:29.279+0100][0.384s][info][gc,heap        ] GC(6) Eden regions: 8->0(9)
[2026-05-12T21:55:29.279+0100][0.384s][info][gc,heap        ] GC(6) Survivor regions: 0->0(1)
[2026-05-12T21:55:29.279+0100][0.384s][info][gc,heap        ] GC(6) Old regions: 12->12
[2026-05-12T21:55:29.279+0100][0.384s][info][gc,heap        ] GC(6) Archive regions: 2->2
[2026-05-12T21:55:29.279+0100][0.384s][info][gc,heap        ] GC(6) Humongous regions: 0->0
[2026-05-12T21:55:29.279+0100][0.384s][info][gc,metaspace   ] GC(6) Metaspace: 2131K(2368K)->2131K(2368K) NonClass: 1912K(2048K)->1912K(2048K) Class: 219K(320K)->219K(320K)
[2026-05-12T21:55:29.280+0100][0.384s][info][gc             ] GC(6) Pause Full (System.gc()) 71M->42M(188M) 6.532ms
[2026-05-12T21:55:29.280+0100][0.384s][info][gc,cpu         ] GC(6) User=0.03s Sys=0.00s Real=0.01s
[2026-05-12T21:55:29.337+0100][0.441s][info][gc,start       ] GC(7) Pause Full (System.gc())
[2026-05-12T21:55:29.337+0100][0.441s][info][gc,task        ] GC(7) Using 4 workers of 10 for full compaction
[2026-05-12T21:55:29.337+0100][0.441s][info][gc,phases,start] GC(7) Phase 1: Mark live objects
[2026-05-12T21:55:29.341+0100][0.445s][info][gc,phases      ] GC(7) Phase 1: Mark live objects 4.378ms
[2026-05-12T21:55:29.341+0100][0.445s][info][gc,phases,start] GC(7) Phase 2: Prepare for compaction
[2026-05-12T21:55:29.342+0100][0.446s][info][gc,phases      ] GC(7) Phase 2: Prepare for compaction 0.246ms
[2026-05-12T21:55:29.342+0100][0.446s][info][gc,phases,start] GC(7) Phase 3: Adjust pointers
[2026-05-12T21:55:29.343+0100][0.447s][info][gc,phases      ] GC(7) Phase 3: Adjust pointers 1.815ms
[2026-05-12T21:55:29.343+0100][0.447s][info][gc,phases,start] GC(7) Phase 4: Compact heap
[2026-05-12T21:55:29.344+0100][0.448s][info][gc,phases      ] GC(7) Phase 4: Compact heap 0.204ms
[2026-05-12T21:55:29.344+0100][0.448s][info][gc,heap        ] GC(7) Eden regions: 7->0(9)
[2026-05-12T21:55:29.344+0100][0.448s][info][gc,heap        ] GC(7) Survivor regions: 0->0(1)
[2026-05-12T21:55:29.344+0100][0.448s][info][gc,heap        ] GC(7) Old regions: 12->12
[2026-05-12T21:55:29.344+0100][0.448s][info][gc,heap        ] GC(7) Archive regions: 2->2
[2026-05-12T21:55:29.344+0100][0.448s][info][gc,heap        ] GC(7) Humongous regions: 0->0
[2026-05-12T21:55:29.344+0100][0.448s][info][gc,metaspace   ] GC(7) Metaspace: 2133K(2368K)->2133K(2368K) NonClass: 1914K(2048K)->1914K(2048K) Class: 219K(320K)->219K(320K)
[2026-05-12T21:55:29.344+0100][0.448s][info][gc             ] GC(7) Pause Full (System.gc()) 69M->42M(188M) 6.961ms
[2026-05-12T21:55:29.344+0100][0.448s][info][gc,cpu         ] GC(7) User=0.02s Sys=0.00s Real=0.01s
[2026-05-12T21:55:29.406+0100][0.510s][info][gc,start       ] GC(8) Pause Full (System.gc())
[2026-05-12T21:55:29.406+0100][0.510s][info][gc,task        ] GC(8) Using 4 workers of 10 for full compaction
[2026-05-12T21:55:29.406+0100][0.510s][info][gc,phases,start] GC(8) Phase 1: Mark live objects
[2026-05-12T21:55:29.410+0100][0.514s][info][gc,phases      ] GC(8) Phase 1: Mark live objects 4.430ms
[2026-05-12T21:55:29.410+0100][0.514s][info][gc,phases,start] GC(8) Phase 2: Prepare for compaction
[2026-05-12T21:55:29.411+0100][0.515s][info][gc,phases      ] GC(8) Phase 2: Prepare for compaction 0.241ms
[2026-05-12T21:55:29.411+0100][0.515s][info][gc,phases,start] GC(8) Phase 3: Adjust pointers
[2026-05-12T21:55:29.412+0100][0.516s][info][gc,phases      ] GC(8) Phase 3: Adjust pointers 1.862ms
[2026-05-12T21:55:29.412+0100][0.516s][info][gc,phases,start] GC(8) Phase 4: Compact heap
[2026-05-12T21:55:29.413+0100][0.517s][info][gc,phases      ] GC(8) Phase 4: Compact heap 0.230ms
[2026-05-12T21:55:29.413+0100][0.517s][info][gc,heap        ] GC(8) Eden regions: 7->0(9)
[2026-05-12T21:55:29.413+0100][0.517s][info][gc,heap        ] GC(8) Survivor regions: 0->0(1)
[2026-05-12T21:55:29.413+0100][0.517s][info][gc,heap        ] GC(8) Old regions: 12->12
[2026-05-12T21:55:29.413+0100][0.517s][info][gc,heap        ] GC(8) Archive regions: 2->2
[2026-05-12T21:55:29.413+0100][0.517s][info][gc,heap        ] GC(8) Humongous regions: 0->0
[2026-05-12T21:55:29.413+0100][0.517s][info][gc,metaspace   ] GC(8) Metaspace: 2135K(2368K)->2135K(2368K) NonClass: 1916K(2048K)->1916K(2048K) Class: 219K(320K)->219K(320K)
[2026-05-12T21:55:29.413+0100][0.517s][info][gc             ] GC(8) Pause Full (System.gc()) 70M->42M(188M) 7.099ms
[2026-05-12T21:55:29.413+0100][0.517s][info][gc,cpu         ] GC(8) User=0.03s Sys=0.00s Real=0.01s
[2026-05-12T21:55:29.473+0100][0.577s][info][gc,start       ] GC(9) Pause Full (System.gc())
[2026-05-12T21:55:29.473+0100][0.577s][info][gc,task        ] GC(9) Using 4 workers of 10 for full compaction
[2026-05-12T21:55:29.473+0100][0.577s][info][gc,phases,start] GC(9) Phase 1: Mark live objects
[2026-05-12T21:55:29.479+0100][0.583s][info][gc,phases      ] GC(9) Phase 1: Mark live objects 5.334ms
[2026-05-12T21:55:29.479+0100][0.583s][info][gc,phases,start] GC(9) Phase 2: Prepare for compaction
[2026-05-12T21:55:29.479+0100][0.583s][info][gc,phases      ] GC(9) Phase 2: Prepare for compaction 0.262ms
[2026-05-12T21:55:29.479+0100][0.583s][info][gc,phases,start] GC(9) Phase 3: Adjust pointers
[2026-05-12T21:55:29.481+0100][0.585s][info][gc,phases      ] GC(9) Phase 3: Adjust pointers 1.922ms
[2026-05-12T21:55:29.481+0100][0.585s][info][gc,phases,start] GC(9) Phase 4: Compact heap
[2026-05-12T21:55:29.481+0100][0.585s][info][gc,phases      ] GC(9) Phase 4: Compact heap 0.197ms
[2026-05-12T21:55:29.481+0100][0.585s][info][gc,heap        ] GC(9) Eden regions: 7->0(9)
[2026-05-12T21:55:29.481+0100][0.585s][info][gc,heap        ] GC(9) Survivor regions: 0->0(1)
[2026-05-12T21:55:29.481+0100][0.585s][info][gc,heap        ] GC(9) Old regions: 12->12
[2026-05-12T21:55:29.481+0100][0.585s][info][gc,heap        ] GC(9) Archive regions: 2->2
[2026-05-12T21:55:29.481+0100][0.585s][info][gc,heap        ] GC(9) Humongous regions: 0->0
[2026-05-12T21:55:29.481+0100][0.585s][info][gc,metaspace   ] GC(9) Metaspace: 2136K(2368K)->2136K(2368K) NonClass: 1916K(2048K)->1916K(2048K) Class: 219K(320K)->219K(320K)
[2026-05-12T21:55:29.481+0100][0.585s][info][gc             ] GC(9) Pause Full (System.gc()) 69M->42M(188M) 8.118ms
[2026-05-12T21:55:29.481+0100][0.585s][info][gc,cpu         ] GC(9) User=0.03s Sys=0.00s Real=0.01s
[2026-05-12T21:55:29.545+0100][0.649s][info][gc,heap,exit   ] Heap
[2026-05-12T21:55:29.545+0100][0.649s][info][gc,heap,exit   ]  garbage-first heap   total 192512K, used 72443K [0x0000000480000000, 0x0000000600000000)
[2026-05-12T21:55:29.545+0100][0.649s][info][gc,heap,exit   ]   region size 4096K, 8 young (32768K), 0 survivors (0K)
[2026-05-12T21:55:29.545+0100][0.649s][info][gc,heap,exit   ]  Metaspace       used 2209K, committed 2432K, reserved 1114112K
[2026-05-12T21:55:29.545+0100][0.649s][info][gc,heap,exit   ]   class space    used 225K, committed 320K, reserved 1048576K
