[2026-05-12T21:55:33.507+0100][0.004s][info][gc] Using G1
[2026-05-12T21:55:33.508+0100][0.005s][info][gc,init] Version: 17.0.16+8-LTS (release)
[2026-05-12T21:55:33.508+0100][0.005s][info][gc,init] CPUs: 12 total, 12 available
[2026-05-12T21:55:33.508+0100][0.005s][info][gc,init] Memory: 24576M
[2026-05-12T21:55:33.508+0100][0.005s][info][gc,init] Large Page Support: Disabled
[2026-05-12T21:55:33.508+0100][0.005s][info][gc,init] NUMA Support: Disabled
[2026-05-12T21:55:33.508+0100][0.005s][info][gc,init] Compressed Oops: Enabled (Zero based)
[2026-05-12T21:55:33.508+0100][0.005s][info][gc,init] Heap Region Size: 4M
[2026-05-12T21:55:33.508+0100][0.005s][info][gc,init] Heap Min Capacity: 8M
[2026-05-12T21:55:33.508+0100][0.005s][info][gc,init] Heap Initial Capacity: 384M
[2026-05-12T21:55:33.508+0100][0.005s][info][gc,init] Heap Max Capacity: 6G
[2026-05-12T21:55:33.508+0100][0.005s][info][gc,init] Pre-touch: Disabled
[2026-05-12T21:55:33.508+0100][0.005s][info][gc,init] Parallel Workers: 10
[2026-05-12T21:55:33.508+0100][0.005s][info][gc,init] Concurrent Workers: 3
[2026-05-12T21:55:33.508+0100][0.005s][info][gc,init] Concurrent Refinement Workers: 10
[2026-05-12T21:55:33.508+0100][0.005s][info][gc,init] Periodic GC: Disabled
[2026-05-12T21:55:33.511+0100][0.008s][info][gc,metaspace] CDS archive(s) mapped at: [0x0000007000000000-0x0000007000bc0000-0x0000007000bc0000), size 12320768, SharedBaseAddress: 0x0000007000000000, ArchiveRelocationMode: 1.
[2026-05-12T21:55:33.511+0100][0.008s][info][gc,metaspace] Compressed class space mapped at: 0x0000007001000000-0x0000007041000000, reserved size: 1073741824
[2026-05-12T21:55:33.511+0100][0.008s][info][gc,metaspace] Narrow klass base: 0x0000007000000000, Narrow klass shift: 0, Narrow klass range: 0x100000000
[2026-05-12T21:55:33.560+0100][0.057s][info][gc,start    ] GC(0) Pause Young (Normal) (G1 Evacuation Pause)
[2026-05-12T21:55:33.560+0100][0.057s][info][gc,task     ] GC(0) Using 9 workers of 10 for evacuation
[2026-05-12T21:55:33.563+0100][0.060s][info][gc,phases   ] GC(0)   Pre Evacuate Collection Set: 0.1ms
[2026-05-12T21:55:33.563+0100][0.060s][info][gc,phases   ] GC(0)   Merge Heap Roots: 0.0ms
[2026-05-12T21:55:33.563+0100][0.060s][info][gc,phases   ] GC(0)   Evacuate Collection Set: 2.4ms
[2026-05-12T21:55:33.563+0100][0.060s][info][gc,phases   ] GC(0)   Post Evacuate Collection Set: 0.1ms
[2026-05-12T21:55:33.563+0100][0.060s][info][gc,phases   ] GC(0)   Other: 0.3ms
[2026-05-12T21:55:33.563+0100][0.060s][info][gc,heap     ] GC(0) Eden regions: 5->0(3)
[2026-05-12T21:55:33.563+0100][0.060s][info][gc,heap     ] GC(0) Survivor regions: 0->1(1)
[2026-05-12T21:55:33.563+0100][0.060s][info][gc,heap     ] GC(0) Old regions: 0->3
[2026-05-12T21:55:33.563+0100][0.060s][info][gc,heap     ] GC(0) Archive regions: 2->2
[2026-05-12T21:55:33.563+0100][0.060s][info][gc,heap     ] GC(0) Humongous regions: 0->0
[2026-05-12T21:55:33.563+0100][0.060s][info][gc,metaspace] GC(0) Metaspace: 1779K(1984K)->1779K(1984K) NonClass: 1611K(1728K)->1611K(1728K) Class: 167K(256K)->167K(256K)
[2026-05-12T21:55:33.563+0100][0.060s][info][gc          ] GC(0) Pause Young (Normal) (G1 Evacuation Pause) 23M->16M(392M) 3.010ms
[2026-05-12T21:55:33.563+0100][0.060s][info][gc,cpu      ] GC(0) User=0.02s Sys=0.01s Real=0.00s
[2026-05-12T21:55:33.564+0100][0.062s][info][gc,start    ] GC(1) Pause Young (Normal) (G1 Evacuation Pause)
[2026-05-12T21:55:33.564+0100][0.062s][info][gc,task     ] GC(1) Using 9 workers of 10 for evacuation
[2026-05-12T21:55:33.566+0100][0.063s][info][gc,phases   ] GC(1)   Pre Evacuate Collection Set: 0.0ms
[2026-05-12T21:55:33.566+0100][0.063s][info][gc,phases   ] GC(1)   Merge Heap Roots: 0.0ms
[2026-05-12T21:55:33.566+0100][0.063s][info][gc,phases   ] GC(1)   Evacuate Collection Set: 1.0ms
[2026-05-12T21:55:33.566+0100][0.063s][info][gc,phases   ] GC(1)   Post Evacuate Collection Set: 0.1ms
[2026-05-12T21:55:33.566+0100][0.063s][info][gc,phases   ] GC(1)   Other: 0.1ms
[2026-05-12T21:55:33.566+0100][0.063s][info][gc,heap     ] GC(1) Eden regions: 3->0(5)
[2026-05-12T21:55:33.566+0100][0.063s][info][gc,heap     ] GC(1) Survivor regions: 1->1(1)
[2026-05-12T21:55:33.566+0100][0.063s][info][gc,heap     ] GC(1) Old regions: 3->5
[2026-05-12T21:55:33.566+0100][0.063s][info][gc,heap     ] GC(1) Archive regions: 2->2
[2026-05-12T21:55:33.566+0100][0.063s][info][gc,heap     ] GC(1) Humongous regions: 0->0
[2026-05-12T21:55:33.566+0100][0.063s][info][gc,metaspace] GC(1) Metaspace: 1779K(1984K)->1779K(1984K) NonClass: 1612K(1728K)->1612K(1728K) Class: 167K(256K)->167K(256K)
[2026-05-12T21:55:33.566+0100][0.063s][info][gc          ] GC(1) Pause Young (Normal) (G1 Evacuation Pause) 28M->24M(392M) 1.292ms
[2026-05-12T21:55:33.566+0100][0.063s][info][gc,cpu      ] GC(1) User=0.00s Sys=0.00s Real=0.00s
[2026-05-12T21:55:33.568+0100][0.066s][info][gc,start    ] GC(2) Pause Young (Normal) (G1 Evacuation Pause)
[2026-05-12T21:55:33.568+0100][0.066s][info][gc,task     ] GC(2) Using 9 workers of 10 for evacuation
[2026-05-12T21:55:33.571+0100][0.068s][info][gc,phases   ] GC(2)   Pre Evacuate Collection Set: 0.0ms
[2026-05-12T21:55:33.571+0100][0.068s][info][gc,phases   ] GC(2)   Merge Heap Roots: 0.1ms
[2026-05-12T21:55:33.571+0100][0.068s][info][gc,phases   ] GC(2)   Evacuate Collection Set: 2.0ms
[2026-05-12T21:55:33.571+0100][0.068s][info][gc,phases   ] GC(2)   Post Evacuate Collection Set: 0.1ms
[2026-05-12T21:55:33.571+0100][0.068s][info][gc,phases   ] GC(2)   Other: 0.0ms
[2026-05-12T21:55:33.571+0100][0.068s][info][gc,heap     ] GC(2) Eden regions: 5->0(8)
[2026-05-12T21:55:33.571+0100][0.068s][info][gc,heap     ] GC(2) Survivor regions: 1->1(1)
[2026-05-12T21:55:33.571+0100][0.068s][info][gc,heap     ] GC(2) Old regions: 5->8
[2026-05-12T21:55:33.571+0100][0.068s][info][gc,heap     ] GC(2) Archive regions: 2->2
[2026-05-12T21:55:33.571+0100][0.068s][info][gc,heap     ] GC(2) Humongous regions: 0->0
[2026-05-12T21:55:33.571+0100][0.068s][info][gc,metaspace] GC(2) Metaspace: 1779K(1984K)->1779K(1984K) NonClass: 1612K(1728K)->1612K(1728K) Class: 167K(256K)->167K(256K)
[2026-05-12T21:55:33.571+0100][0.068s][info][gc          ] GC(2) Pause Young (Normal) (G1 Evacuation Pause) 44M->36M(392M) 2.291ms
[2026-05-12T21:55:33.571+0100][0.068s][info][gc,cpu      ] GC(2) User=0.01s Sys=0.00s Real=0.01s
[2026-05-12T21:55:33.579+0100][0.076s][info][gc,start    ] GC(3) Pause Full (System.gc())
[2026-05-12T21:55:33.579+0100][0.076s][info][gc,task     ] GC(3) Using 8 workers of 10 for full compaction
[2026-05-12T21:55:33.579+0100][0.076s][info][gc,phases,start] GC(3) Phase 1: Mark live objects
[2026-05-12T21:55:33.581+0100][0.078s][info][gc,phases      ] GC(3) Phase 1: Mark live objects 2.142ms
[2026-05-12T21:55:33.581+0100][0.078s][info][gc,phases,start] GC(3) Phase 2: Prepare for compaction
[2026-05-12T21:55:33.582+0100][0.079s][info][gc,phases      ] GC(3) Phase 2: Prepare for compaction 1.125ms
[2026-05-12T21:55:33.582+0100][0.079s][info][gc,phases,start] GC(3) Phase 3: Adjust pointers
[2026-05-12T21:55:33.583+0100][0.080s][info][gc,phases      ] GC(3) Phase 3: Adjust pointers 0.971ms
[2026-05-12T21:55:33.583+0100][0.080s][info][gc,phases,start] GC(3) Phase 4: Compact heap
[2026-05-12T21:55:33.584+0100][0.081s][info][gc,phases      ] GC(3) Phase 4: Compact heap 0.893ms
[2026-05-12T21:55:33.585+0100][0.082s][info][gc,heap        ] GC(3) Eden regions: 4->0(9)
[2026-05-12T21:55:33.585+0100][0.082s][info][gc,heap        ] GC(3) Survivor regions: 1->0(1)
[2026-05-12T21:55:33.585+0100][0.082s][info][gc,heap        ] GC(3) Old regions: 8->12
[2026-05-12T21:55:33.585+0100][0.082s][info][gc,heap        ] GC(3) Archive regions: 2->2
[2026-05-12T21:55:33.585+0100][0.082s][info][gc,heap        ] GC(3) Humongous regions: 0->0
[2026-05-12T21:55:33.585+0100][0.082s][info][gc,metaspace   ] GC(3) Metaspace: 2062K(2176K)->2062K(2176K) NonClass: 1854K(1920K)->1854K(1920K) Class: 208K(256K)->208K(256K)
[2026-05-12T21:55:33.585+0100][0.082s][info][gc             ] GC(3) Pause Full (System.gc()) 50M->42M(188M) 6.069ms
[2026-05-12T21:55:33.585+0100][0.082s][info][gc,cpu         ] GC(3) User=0.03s Sys=0.00s Real=0.01s
[2026-05-12T21:55:33.754+0100][0.251s][info][gc,start       ] GC(4) Pause Full (System.gc())
[2026-05-12T21:55:33.754+0100][0.251s][info][gc,task        ] GC(4) Using 4 workers of 10 for full compaction
[2026-05-12T21:55:33.754+0100][0.251s][info][gc,phases,start] GC(4) Phase 1: Mark live objects
[2026-05-12T21:55:33.758+0100][0.255s][info][gc,phases      ] GC(4) Phase 1: Mark live objects 3.372ms
[2026-05-12T21:55:33.758+0100][0.255s][info][gc,phases,start] GC(4) Phase 2: Prepare for compaction
[2026-05-12T21:55:33.758+0100][0.255s][info][gc,phases      ] GC(4) Phase 2: Prepare for compaction 0.686ms
[2026-05-12T21:55:33.758+0100][0.255s][info][gc,phases,start] GC(4) Phase 3: Adjust pointers
[2026-05-12T21:55:33.760+0100][0.257s][info][gc,phases      ] GC(4) Phase 3: Adjust pointers 1.452ms
[2026-05-12T21:55:33.760+0100][0.257s][info][gc,phases,start] GC(4) Phase 4: Compact heap
[2026-05-12T21:55:33.761+0100][0.258s][info][gc,phases      ] GC(4) Phase 4: Compact heap 0.726ms
[2026-05-12T21:55:33.761+0100][0.258s][info][gc,heap        ] GC(4) Eden regions: 5->0(9)
[2026-05-12T21:55:33.761+0100][0.258s][info][gc,heap        ] GC(4) Survivor regions: 0->0(1)
[2026-05-12T21:55:33.761+0100][0.258s][info][gc,heap        ] GC(4) Old regions: 12->12
[2026-05-12T21:55:33.761+0100][0.258s][info][gc,heap        ] GC(4) Archive regions: 2->2
[2026-05-12T21:55:33.761+0100][0.258s][info][gc,heap        ] GC(4) Humongous regions: 0->0
[2026-05-12T21:55:33.761+0100][0.258s][info][gc,metaspace   ] GC(4) Metaspace: 2195K(2432K)->2195K(2432K) NonClass: 1968K(2112K)->1968K(2112K) Class: 227K(320K)->227K(320K)
[2026-05-12T21:55:33.761+0100][0.258s][info][gc             ] GC(4) Pause Full (System.gc()) 58M->42M(188M) 6.650ms
[2026-05-12T21:55:33.761+0100][0.258s][info][gc,cpu         ] GC(4) User=0.03s Sys=0.00s Real=0.01s
[2026-05-12T21:55:33.824+0100][0.321s][info][gc,start       ] GC(5) Pause Full (System.gc())
[2026-05-12T21:55:33.824+0100][0.321s][info][gc,task        ] GC(5) Using 4 workers of 10 for full compaction
[2026-05-12T21:55:33.824+0100][0.321s][info][gc,phases,start] GC(5) Phase 1: Mark live objects
[2026-05-12T21:55:33.827+0100][0.324s][info][gc,phases      ] GC(5) Phase 1: Mark live objects 3.537ms
[2026-05-12T21:55:33.827+0100][0.324s][info][gc,phases,start] GC(5) Phase 2: Prepare for compaction
[2026-05-12T21:55:33.827+0100][0.324s][info][gc,phases      ] GC(5) Phase 2: Prepare for compaction 0.186ms
[2026-05-12T21:55:33.827+0100][0.324s][info][gc,phases,start] GC(5) Phase 3: Adjust pointers
[2026-05-12T21:55:33.829+0100][0.326s][info][gc,phases      ] GC(5) Phase 3: Adjust pointers 1.515ms
[2026-05-12T21:55:33.829+0100][0.326s][info][gc,phases,start] GC(5) Phase 4: Compact heap
[2026-05-12T21:55:33.829+0100][0.326s][info][gc,phases      ] GC(5) Phase 4: Compact heap 0.147ms
[2026-05-12T21:55:33.829+0100][0.326s][info][gc,heap        ] GC(5) Eden regions: 5->0(8)
[2026-05-12T21:55:33.829+0100][0.326s][info][gc,heap        ] GC(5) Survivor regions: 0->0(1)
[2026-05-12T21:55:33.829+0100][0.326s][info][gc,heap        ] GC(5) Old regions: 12->13
[2026-05-12T21:55:33.829+0100][0.326s][info][gc,heap        ] GC(5) Archive regions: 2->2
[2026-05-12T21:55:33.829+0100][0.326s][info][gc,heap        ] GC(5) Humongous regions: 0->0
[2026-05-12T21:55:33.829+0100][0.326s][info][gc,metaspace   ] GC(5) Metaspace: 2198K(2432K)->2198K(2432K) NonClass: 1971K(2112K)->1971K(2112K) Class: 227K(320K)->227K(320K)
[2026-05-12T21:55:33.829+0100][0.326s][info][gc             ] GC(5) Pause Full (System.gc()) 58M->42M(188M) 5.678ms
[2026-05-12T21:55:33.829+0100][0.326s][info][gc,cpu         ] GC(5) User=0.02s Sys=0.00s Real=0.00s
[2026-05-12T21:55:33.890+0100][0.387s][info][gc,start       ] GC(6) Pause Full (System.gc())
[2026-05-12T21:55:33.890+0100][0.387s][info][gc,task        ] GC(6) Using 4 workers of 10 for full compaction
[2026-05-12T21:55:33.890+0100][0.387s][info][gc,phases,start] GC(6) Phase 1: Mark live objects
[2026-05-12T21:55:33.894+0100][0.391s][info][gc,phases      ] GC(6) Phase 1: Mark live objects 4.007ms
[2026-05-12T21:55:33.894+0100][0.391s][info][gc,phases,start] GC(6) Phase 2: Prepare for compaction
[2026-05-12T21:55:33.894+0100][0.391s][info][gc,phases      ] GC(6) Phase 2: Prepare for compaction 0.233ms
[2026-05-12T21:55:33.894+0100][0.391s][info][gc,phases,start] GC(6) Phase 3: Adjust pointers
[2026-05-12T21:55:33.896+0100][0.393s][info][gc,phases      ] GC(6) Phase 3: Adjust pointers 1.689ms
[2026-05-12T21:55:33.896+0100][0.393s][info][gc,phases,start] GC(6) Phase 4: Compact heap
[2026-05-12T21:55:33.896+0100][0.393s][info][gc,phases      ] GC(6) Phase 4: Compact heap 0.155ms
[2026-05-12T21:55:33.896+0100][0.393s][info][gc,heap        ] GC(6) Eden regions: 3->0(8)
[2026-05-12T21:55:33.896+0100][0.393s][info][gc,heap        ] GC(6) Survivor regions: 0->0(1)
[2026-05-12T21:55:33.896+0100][0.393s][info][gc,heap        ] GC(6) Old regions: 13->13
[2026-05-12T21:55:33.896+0100][0.393s][info][gc,heap        ] GC(6) Archive regions: 2->2
[2026-05-12T21:55:33.896+0100][0.393s][info][gc,heap        ] GC(6) Humongous regions: 0->0
[2026-05-12T21:55:33.896+0100][0.393s][info][gc,metaspace   ] GC(6) Metaspace: 2207K(2432K)->2207K(2432K) NonClass: 1979K(2112K)->1979K(2112K) Class: 227K(320K)->227K(320K)
[2026-05-12T21:55:33.896+0100][0.393s][info][gc             ] GC(6) Pause Full (System.gc()) 53M->42M(188M) 6.344ms
[2026-05-12T21:55:33.896+0100][0.393s][info][gc,cpu         ] GC(6) User=0.02s Sys=0.00s Real=0.00s
[2026-05-12T21:55:33.955+0100][0.452s][info][gc,start       ] GC(7) Pause Full (System.gc())
[2026-05-12T21:55:33.955+0100][0.452s][info][gc,task        ] GC(7) Using 4 workers of 10 for full compaction
[2026-05-12T21:55:33.955+0100][0.452s][info][gc,phases,start] GC(7) Phase 1: Mark live objects
[2026-05-12T21:55:33.960+0100][0.457s][info][gc,phases      ] GC(7) Phase 1: Mark live objects 4.659ms
[2026-05-12T21:55:33.960+0100][0.457s][info][gc,phases,start] GC(7) Phase 2: Prepare for compaction
[2026-05-12T21:55:33.960+0100][0.457s][info][gc,phases      ] GC(7) Phase 2: Prepare for compaction 0.239ms
[2026-05-12T21:55:33.960+0100][0.457s][info][gc,phases,start] GC(7) Phase 3: Adjust pointers
[2026-05-12T21:55:33.962+0100][0.459s][info][gc,phases      ] GC(7) Phase 3: Adjust pointers 1.840ms
[2026-05-12T21:55:33.962+0100][0.459s][info][gc,phases,start] GC(7) Phase 4: Compact heap
[2026-05-12T21:55:33.962+0100][0.459s][info][gc,phases      ] GC(7) Phase 4: Compact heap 0.169ms
[2026-05-12T21:55:33.962+0100][0.460s][info][gc,heap        ] GC(7) Eden regions: 3->0(9)
[2026-05-12T21:55:33.962+0100][0.460s][info][gc,heap        ] GC(7) Survivor regions: 0->0(1)
[2026-05-12T21:55:33.962+0100][0.460s][info][gc,heap        ] GC(7) Old regions: 13->12
[2026-05-12T21:55:33.962+0100][0.460s][info][gc,heap        ] GC(7) Archive regions: 2->2
[2026-05-12T21:55:33.962+0100][0.460s][info][gc,heap        ] GC(7) Humongous regions: 0->0
[2026-05-12T21:55:33.962+0100][0.460s][info][gc,metaspace   ] GC(7) Metaspace: 2211K(2432K)->2211K(2432K) NonClass: 1984K(2112K)->1984K(2112K) Class: 227K(320K)->227K(320K)
[2026-05-12T21:55:33.962+0100][0.460s][info][gc             ] GC(7) Pause Full (System.gc()) 53M->42M(188M) 7.205ms
[2026-05-12T21:55:33.962+0100][0.460s][info][gc,cpu         ] GC(7) User=0.03s Sys=0.00s Real=0.01s
[2026-05-12T21:55:34.017+0100][0.514s][info][gc,start       ] GC(8) Pause Full (System.gc())
[2026-05-12T21:55:34.017+0100][0.514s][info][gc,task        ] GC(8) Using 4 workers of 10 for full compaction
[2026-05-12T21:55:34.017+0100][0.514s][info][gc,phases,start] GC(8) Phase 1: Mark live objects
[2026-05-12T21:55:34.022+0100][0.519s][info][gc,phases      ] GC(8) Phase 1: Mark live objects 4.374ms
[2026-05-12T21:55:34.022+0100][0.519s][info][gc,phases,start] GC(8) Phase 2: Prepare for compaction
[2026-05-12T21:55:34.022+0100][0.519s][info][gc,phases      ] GC(8) Phase 2: Prepare for compaction 0.236ms
[2026-05-12T21:55:34.022+0100][0.519s][info][gc,phases,start] GC(8) Phase 3: Adjust pointers
[2026-05-12T21:55:34.024+0100][0.521s][info][gc,phases      ] GC(8) Phase 3: Adjust pointers 2.005ms
[2026-05-12T21:55:34.024+0100][0.521s][info][gc,phases,start] GC(8) Phase 4: Compact heap
[2026-05-12T21:55:34.024+0100][0.521s][info][gc,phases      ] GC(8) Phase 4: Compact heap 0.196ms
[2026-05-12T21:55:34.024+0100][0.521s][info][gc,heap        ] GC(8) Eden regions: 4->0(8)
[2026-05-12T21:55:34.024+0100][0.521s][info][gc,heap        ] GC(8) Survivor regions: 0->0(1)
[2026-05-12T21:55:34.024+0100][0.521s][info][gc,heap        ] GC(8) Old regions: 12->13
[2026-05-12T21:55:34.024+0100][0.521s][info][gc,heap        ] GC(8) Archive regions: 2->2
[2026-05-12T21:55:34.024+0100][0.521s][info][gc,heap        ] GC(8) Humongous regions: 0->0
[2026-05-12T21:55:34.024+0100][0.521s][info][gc,metaspace   ] GC(8) Metaspace: 2214K(2432K)->2214K(2432K) NonClass: 1987K(2112K)->1987K(2112K) Class: 227K(320K)->227K(320K)
[2026-05-12T21:55:34.024+0100][0.521s][info][gc             ] GC(8) Pause Full (System.gc()) 55M->42M(188M) 7.083ms
[2026-05-12T21:55:34.024+0100][0.521s][info][gc,cpu         ] GC(8) User=0.02s Sys=0.00s Real=0.01s
[2026-05-12T21:55:34.084+0100][0.581s][info][gc,start       ] GC(9) Pause Full (System.gc())
[2026-05-12T21:55:34.084+0100][0.581s][info][gc,task        ] GC(9) Using 4 workers of 10 for full compaction
[2026-05-12T21:55:34.084+0100][0.581s][info][gc,phases,start] GC(9) Phase 1: Mark live objects
[2026-05-12T21:55:34.090+0100][0.587s][info][gc,phases      ] GC(9) Phase 1: Mark live objects 5.257ms
[2026-05-12T21:55:34.090+0100][0.587s][info][gc,phases,start] GC(9) Phase 2: Prepare for compaction
[2026-05-12T21:55:34.090+0100][0.587s][info][gc,phases      ] GC(9) Phase 2: Prepare for compaction 0.264ms
[2026-05-12T21:55:34.090+0100][0.587s][info][gc,phases,start] GC(9) Phase 3: Adjust pointers
[2026-05-12T21:55:34.092+0100][0.589s][info][gc,phases      ] GC(9) Phase 3: Adjust pointers 2.155ms
[2026-05-12T21:55:34.092+0100][0.589s][info][gc,phases,start] GC(9) Phase 4: Compact heap
[2026-05-12T21:55:34.092+0100][0.589s][info][gc,phases      ] GC(9) Phase 4: Compact heap 0.236ms
[2026-05-12T21:55:34.092+0100][0.589s][info][gc,heap        ] GC(9) Eden regions: 3->0(8)
[2026-05-12T21:55:34.092+0100][0.589s][info][gc,heap        ] GC(9) Survivor regions: 0->0(1)
[2026-05-12T21:55:34.092+0100][0.590s][info][gc,heap        ] GC(9) Old regions: 13->13
[2026-05-12T21:55:34.092+0100][0.590s][info][gc,heap        ] GC(9) Archive regions: 2->2
[2026-05-12T21:55:34.092+0100][0.590s][info][gc,heap        ] GC(9) Humongous regions: 0->0
[2026-05-12T21:55:34.092+0100][0.590s][info][gc,metaspace   ] GC(9) Metaspace: 2218K(2432K)->2218K(2432K) NonClass: 1991K(2112K)->1991K(2112K) Class: 227K(320K)->227K(320K)
[2026-05-12T21:55:34.092+0100][0.590s][info][gc             ] GC(9) Pause Full (System.gc()) 52M->42M(188M) 8.234ms
[2026-05-12T21:55:34.092+0100][0.590s][info][gc,cpu         ] GC(9) User=0.03s Sys=0.00s Real=0.01s
[2026-05-12T21:55:34.150+0100][0.647s][info][gc,heap,exit   ] Heap
[2026-05-12T21:55:34.150+0100][0.647s][info][gc,heap,exit   ]  garbage-first heap   total 192512K, used 54957K [0x0000000300800000, 0x0000000480800000)
[2026-05-12T21:55:34.150+0100][0.647s][info][gc,heap,exit   ]   region size 4096K, 3 young (12288K), 0 survivors (0K)
[2026-05-12T21:55:34.150+0100][0.647s][info][gc,heap,exit   ]  Metaspace       used 2297K, committed 2496K, reserved 1114112K
[2026-05-12T21:55:34.150+0100][0.647s][info][gc,heap,exit   ]   class space    used 233K, committed 320K, reserved 1048576K
