[2026-05-12T22:04:14.090+0100][0.004s][info][gc] Using G1
[2026-05-12T22:04:14.091+0100][0.005s][info][gc,init] Version: 17.0.16+8-LTS (release)
[2026-05-12T22:04:14.091+0100][0.005s][info][gc,init] CPUs: 12 total, 12 available
[2026-05-12T22:04:14.091+0100][0.005s][info][gc,init] Memory: 24576M
[2026-05-12T22:04:14.091+0100][0.005s][info][gc,init] Large Page Support: Disabled
[2026-05-12T22:04:14.091+0100][0.005s][info][gc,init] NUMA Support: Disabled
[2026-05-12T22:04:14.091+0100][0.005s][info][gc,init] Compressed Oops: Enabled (Zero based)
[2026-05-12T22:04:14.091+0100][0.005s][info][gc,init] Heap Region Size: 4M
[2026-05-12T22:04:14.091+0100][0.005s][info][gc,init] Heap Min Capacity: 8M
[2026-05-12T22:04:14.091+0100][0.005s][info][gc,init] Heap Initial Capacity: 384M
[2026-05-12T22:04:14.091+0100][0.005s][info][gc,init] Heap Max Capacity: 6G
[2026-05-12T22:04:14.091+0100][0.005s][info][gc,init] Pre-touch: Disabled
[2026-05-12T22:04:14.091+0100][0.005s][info][gc,init] Parallel Workers: 10
[2026-05-12T22:04:14.091+0100][0.005s][info][gc,init] Concurrent Workers: 3
[2026-05-12T22:04:14.091+0100][0.005s][info][gc,init] Concurrent Refinement Workers: 10
[2026-05-12T22:04:14.091+0100][0.005s][info][gc,init] Periodic GC: Disabled
[2026-05-12T22:04:14.106+0100][0.020s][info][gc,metaspace] CDS archive(s) mapped at: [0x000000f000000000-0x000000f000bc0000-0x000000f000bc0000), size 12320768, SharedBaseAddress: 0x000000f000000000, ArchiveRelocationMode: 1.
[2026-05-12T22:04:14.106+0100][0.020s][info][gc,metaspace] Compressed class space mapped at: 0x000000f001000000-0x000000f041000000, reserved size: 1073741824
[2026-05-12T22:04:14.106+0100][0.020s][info][gc,metaspace] Narrow klass base: 0x000000f000000000, Narrow klass shift: 0, Narrow klass range: 0x100000000
[2026-05-12T22:04:14.166+0100][0.081s][info][gc,start    ] GC(0) Pause Young (Normal) (G1 Evacuation Pause)
[2026-05-12T22:04:14.167+0100][0.081s][info][gc,task     ] GC(0) Using 9 workers of 10 for evacuation
[2026-05-12T22:04:14.169+0100][0.084s][info][gc,phases   ] GC(0)   Pre Evacuate Collection Set: 0.0ms
[2026-05-12T22:04:14.169+0100][0.084s][info][gc,phases   ] GC(0)   Merge Heap Roots: 0.0ms
[2026-05-12T22:04:14.169+0100][0.084s][info][gc,phases   ] GC(0)   Evacuate Collection Set: 2.6ms
[2026-05-12T22:04:14.169+0100][0.084s][info][gc,phases   ] GC(0)   Post Evacuate Collection Set: 0.1ms
[2026-05-12T22:04:14.169+0100][0.084s][info][gc,phases   ] GC(0)   Other: 0.2ms
[2026-05-12T22:04:14.169+0100][0.084s][info][gc,heap     ] GC(0) Eden regions: 5->0(3)
[2026-05-12T22:04:14.169+0100][0.084s][info][gc,heap     ] GC(0) Survivor regions: 0->1(1)
[2026-05-12T22:04:14.169+0100][0.084s][info][gc,heap     ] GC(0) Old regions: 0->3
[2026-05-12T22:04:14.170+0100][0.084s][info][gc,heap     ] GC(0) Archive regions: 2->2
[2026-05-12T22:04:14.170+0100][0.084s][info][gc,heap     ] GC(0) Humongous regions: 0->0
[2026-05-12T22:04:14.170+0100][0.084s][info][gc,metaspace] GC(0) Metaspace: 1774K(1984K)->1774K(1984K) NonClass: 1607K(1728K)->1607K(1728K) Class: 167K(256K)->167K(256K)
[2026-05-12T22:04:14.170+0100][0.084s][info][gc          ] GC(0) Pause Young (Normal) (G1 Evacuation Pause) 23M->16M(392M) 3.053ms
[2026-05-12T22:04:14.170+0100][0.084s][info][gc,cpu      ] GC(0) User=0.01s Sys=0.01s Real=0.01s
[2026-05-12T22:04:14.172+0100][0.086s][info][gc,start    ] GC(1) Pause Young (Normal) (G1 Evacuation Pause)
[2026-05-12T22:04:14.172+0100][0.086s][info][gc,task     ] GC(1) Using 9 workers of 10 for evacuation
[2026-05-12T22:04:14.173+0100][0.087s][info][gc,phases   ] GC(1)   Pre Evacuate Collection Set: 0.0ms
[2026-05-12T22:04:14.173+0100][0.087s][info][gc,phases   ] GC(1)   Merge Heap Roots: 0.1ms
[2026-05-12T22:04:14.173+0100][0.087s][info][gc,phases   ] GC(1)   Evacuate Collection Set: 1.0ms
[2026-05-12T22:04:14.173+0100][0.087s][info][gc,phases   ] GC(1)   Post Evacuate Collection Set: 0.1ms
[2026-05-12T22:04:14.173+0100][0.087s][info][gc,phases   ] GC(1)   Other: 0.1ms
[2026-05-12T22:04:14.173+0100][0.087s][info][gc,heap     ] GC(1) Eden regions: 3->0(5)
[2026-05-12T22:04:14.173+0100][0.087s][info][gc,heap     ] GC(1) Survivor regions: 1->1(1)
[2026-05-12T22:04:14.173+0100][0.087s][info][gc,heap     ] GC(1) Old regions: 3->5
[2026-05-12T22:04:14.173+0100][0.087s][info][gc,heap     ] GC(1) Archive regions: 2->2
[2026-05-12T22:04:14.173+0100][0.087s][info][gc,heap     ] GC(1) Humongous regions: 0->0
[2026-05-12T22:04:14.173+0100][0.087s][info][gc,metaspace] GC(1) Metaspace: 1775K(1984K)->1775K(1984K) NonClass: 1607K(1728K)->1607K(1728K) Class: 167K(256K)->167K(256K)
[2026-05-12T22:04:14.173+0100][0.087s][info][gc          ] GC(1) Pause Young (Normal) (G1 Evacuation Pause) 28M->24M(392M) 1.284ms
[2026-05-12T22:04:14.173+0100][0.087s][info][gc,cpu      ] GC(1) User=0.01s Sys=0.00s Real=0.00s
[2026-05-12T22:04:14.176+0100][0.091s][info][gc,start    ] GC(2) Pause Young (Normal) (G1 Evacuation Pause)
[2026-05-12T22:04:14.176+0100][0.091s][info][gc,task     ] GC(2) Using 9 workers of 10 for evacuation
[2026-05-12T22:04:14.179+0100][0.093s][info][gc,phases   ] GC(2)   Pre Evacuate Collection Set: 0.1ms
[2026-05-12T22:04:14.179+0100][0.093s][info][gc,phases   ] GC(2)   Merge Heap Roots: 0.0ms
[2026-05-12T22:04:14.179+0100][0.093s][info][gc,phases   ] GC(2)   Evacuate Collection Set: 2.1ms
[2026-05-12T22:04:14.179+0100][0.093s][info][gc,phases   ] GC(2)   Post Evacuate Collection Set: 0.1ms
[2026-05-12T22:04:14.179+0100][0.093s][info][gc,phases   ] GC(2)   Other: 0.1ms
[2026-05-12T22:04:14.179+0100][0.093s][info][gc,heap     ] GC(2) Eden regions: 5->0(8)
[2026-05-12T22:04:14.179+0100][0.093s][info][gc,heap     ] GC(2) Survivor regions: 1->1(1)
[2026-05-12T22:04:14.179+0100][0.093s][info][gc,heap     ] GC(2) Old regions: 5->7
[2026-05-12T22:04:14.179+0100][0.093s][info][gc,heap     ] GC(2) Archive regions: 2->2
[2026-05-12T22:04:14.179+0100][0.093s][info][gc,heap     ] GC(2) Humongous regions: 0->0
[2026-05-12T22:04:14.179+0100][0.093s][info][gc,metaspace] GC(2) Metaspace: 1775K(1984K)->1775K(1984K) NonClass: 1607K(1728K)->1607K(1728K) Class: 167K(256K)->167K(256K)
[2026-05-12T22:04:14.179+0100][0.093s][info][gc          ] GC(2) Pause Young (Normal) (G1 Evacuation Pause) 44M->35M(392M) 2.385ms
[2026-05-12T22:04:14.179+0100][0.093s][info][gc,cpu      ] GC(2) User=0.02s Sys=0.01s Real=0.00s
[2026-05-12T22:04:14.189+0100][0.103s][info][gc,start    ] GC(3) Pause Full (System.gc())
[2026-05-12T22:04:14.189+0100][0.103s][info][gc,task     ] GC(3) Using 8 workers of 10 for full compaction
[2026-05-12T22:04:14.189+0100][0.103s][info][gc,phases,start] GC(3) Phase 1: Mark live objects
[2026-05-12T22:04:14.191+0100][0.105s][info][gc,phases      ] GC(3) Phase 1: Mark live objects 1.972ms
[2026-05-12T22:04:14.191+0100][0.105s][info][gc,phases,start] GC(3) Phase 2: Prepare for compaction
[2026-05-12T22:04:14.192+0100][0.106s][info][gc,phases      ] GC(3) Phase 2: Prepare for compaction 0.983ms
[2026-05-12T22:04:14.192+0100][0.106s][info][gc,phases,start] GC(3) Phase 3: Adjust pointers
[2026-05-12T22:04:14.193+0100][0.107s][info][gc,phases      ] GC(3) Phase 3: Adjust pointers 0.958ms
[2026-05-12T22:04:14.193+0100][0.107s][info][gc,phases,start] GC(3) Phase 4: Compact heap
[2026-05-12T22:04:14.194+0100][0.108s][info][gc,phases      ] GC(3) Phase 4: Compact heap 0.852ms
[2026-05-12T22:04:14.194+0100][0.108s][info][gc,heap        ] GC(3) Eden regions: 4->0(9)
[2026-05-12T22:04:14.194+0100][0.108s][info][gc,heap        ] GC(3) Survivor regions: 1->0(1)
[2026-05-12T22:04:14.194+0100][0.108s][info][gc,heap        ] GC(3) Old regions: 7->12
[2026-05-12T22:04:14.194+0100][0.108s][info][gc,heap        ] GC(3) Archive regions: 2->2
[2026-05-12T22:04:14.194+0100][0.108s][info][gc,heap        ] GC(3) Humongous regions: 0->0
[2026-05-12T22:04:14.194+0100][0.108s][info][gc,metaspace   ] GC(3) Metaspace: 2056K(2176K)->2056K(2176K) NonClass: 1848K(1920K)->1848K(1920K) Class: 207K(256K)->207K(256K)
[2026-05-12T22:04:14.194+0100][0.108s][info][gc             ] GC(3) Pause Full (System.gc()) 50M->42M(188M) 5.685ms
[2026-05-12T22:04:14.194+0100][0.108s][info][gc,cpu         ] GC(3) User=0.02s Sys=0.00s Real=0.01s
[2026-05-12T22:04:14.267+0100][0.182s][info][gc,start       ] GC(4) Pause Full (System.gc())
[2026-05-12T22:04:14.268+0100][0.182s][info][gc,task        ] GC(4) Using 4 workers of 10 for full compaction
[2026-05-12T22:04:14.268+0100][0.182s][info][gc,phases,start] GC(4) Phase 1: Mark live objects
[2026-05-12T22:04:14.271+0100][0.185s][info][gc,phases      ] GC(4) Phase 1: Mark live objects 3.605ms
[2026-05-12T22:04:14.271+0100][0.185s][info][gc,phases,start] GC(4) Phase 2: Prepare for compaction
[2026-05-12T22:04:14.272+0100][0.186s][info][gc,phases      ] GC(4) Phase 2: Prepare for compaction 0.511ms
[2026-05-12T22:04:14.272+0100][0.186s][info][gc,phases,start] GC(4) Phase 3: Adjust pointers
[2026-05-12T22:04:14.273+0100][0.187s][info][gc,phases      ] GC(4) Phase 3: Adjust pointers 1.453ms
[2026-05-12T22:04:14.273+0100][0.187s][info][gc,phases,start] GC(4) Phase 4: Compact heap
[2026-05-12T22:04:14.274+0100][0.188s][info][gc,phases      ] GC(4) Phase 4: Compact heap 0.714ms
[2026-05-12T22:04:14.274+0100][0.188s][info][gc,heap        ] GC(4) Eden regions: 2->0(8)
[2026-05-12T22:04:14.274+0100][0.188s][info][gc,heap        ] GC(4) Survivor regions: 0->0(1)
[2026-05-12T22:04:14.274+0100][0.188s][info][gc,heap        ] GC(4) Old regions: 12->11
[2026-05-12T22:04:14.274+0100][0.188s][info][gc,heap        ] GC(4) Archive regions: 2->2
[2026-05-12T22:04:14.274+0100][0.188s][info][gc,heap        ] GC(4) Humongous regions: 0->0
[2026-05-12T22:04:14.274+0100][0.188s][info][gc,metaspace   ] GC(4) Metaspace: 2058K(2176K)->2058K(2176K) NonClass: 1851K(1920K)->1851K(1920K) Class: 207K(256K)->207K(256K)
[2026-05-12T22:04:14.274+0100][0.188s][info][gc             ] GC(4) Pause Full (System.gc()) 46M->42M(176M) 6.848ms
[2026-05-12T22:04:14.274+0100][0.188s][info][gc,cpu         ] GC(4) User=0.02s Sys=0.01s Real=0.01s
[2026-05-12T22:04:14.338+0100][0.252s][info][gc,start       ] GC(5) Pause Full (System.gc())
[2026-05-12T22:04:14.338+0100][0.252s][info][gc,task        ] GC(5) Using 4 workers of 10 for full compaction
[2026-05-12T22:04:14.338+0100][0.252s][info][gc,phases,start] GC(5) Phase 1: Mark live objects
[2026-05-12T22:04:14.342+0100][0.256s][info][gc,phases      ] GC(5) Phase 1: Mark live objects 3.828ms
[2026-05-12T22:04:14.342+0100][0.256s][info][gc,phases,start] GC(5) Phase 2: Prepare for compaction
[2026-05-12T22:04:14.343+0100][0.257s][info][gc,phases      ] GC(5) Phase 2: Prepare for compaction 0.469ms
[2026-05-12T22:04:14.343+0100][0.257s][info][gc,phases,start] GC(5) Phase 3: Adjust pointers
[2026-05-12T22:04:14.344+0100][0.258s][info][gc,phases      ] GC(5) Phase 3: Adjust pointers 1.665ms
[2026-05-12T22:04:14.344+0100][0.258s][info][gc,phases,start] GC(5) Phase 4: Compact heap
[2026-05-12T22:04:14.345+0100][0.259s][info][gc,phases      ] GC(5) Phase 4: Compact heap 0.355ms
[2026-05-12T22:04:14.345+0100][0.259s][info][gc,heap        ] GC(5) Eden regions: 2->0(8)
[2026-05-12T22:04:14.345+0100][0.259s][info][gc,heap        ] GC(5) Survivor regions: 0->0(1)
[2026-05-12T22:04:14.345+0100][0.259s][info][gc,heap        ] GC(5) Old regions: 11->11
[2026-05-12T22:04:14.345+0100][0.259s][info][gc,heap        ] GC(5) Archive regions: 2->2
[2026-05-12T22:04:14.345+0100][0.259s][info][gc,heap        ] GC(5) Humongous regions: 0->0
[2026-05-12T22:04:14.345+0100][0.259s][info][gc,metaspace   ] GC(5) Metaspace: 2058K(2176K)->2058K(2176K) NonClass: 1851K(1920K)->1851K(1920K) Class: 207K(256K)->207K(256K)
[2026-05-12T22:04:14.345+0100][0.259s][info][gc             ] GC(5) Pause Full (System.gc()) 46M->42M(176M) 6.650ms
[2026-05-12T22:04:14.345+0100][0.259s][info][gc,cpu         ] GC(5) User=0.02s Sys=0.00s Real=0.01s
[2026-05-12T22:04:14.410+0100][0.324s][info][gc,start       ] GC(6) Pause Full (System.gc())
[2026-05-12T22:04:14.410+0100][0.324s][info][gc,task        ] GC(6) Using 4 workers of 10 for full compaction
[2026-05-12T22:04:14.410+0100][0.324s][info][gc,phases,start] GC(6) Phase 1: Mark live objects
[2026-05-12T22:04:14.414+0100][0.328s][info][gc,phases      ] GC(6) Phase 1: Mark live objects 4.376ms
[2026-05-12T22:04:14.414+0100][0.328s][info][gc,phases,start] GC(6) Phase 2: Prepare for compaction
[2026-05-12T22:04:14.415+0100][0.329s][info][gc,phases      ] GC(6) Phase 2: Prepare for compaction 0.652ms
[2026-05-12T22:04:14.415+0100][0.329s][info][gc,phases,start] GC(6) Phase 3: Adjust pointers
[2026-05-12T22:04:14.417+0100][0.331s][info][gc,phases      ] GC(6) Phase 3: Adjust pointers 1.774ms
[2026-05-12T22:04:14.417+0100][0.331s][info][gc,phases,start] GC(6) Phase 4: Compact heap
[2026-05-12T22:04:14.417+0100][0.331s][info][gc,phases      ] GC(6) Phase 4: Compact heap 0.312ms
[2026-05-12T22:04:14.417+0100][0.331s][info][gc,heap        ] GC(6) Eden regions: 2->0(8)
[2026-05-12T22:04:14.417+0100][0.331s][info][gc,heap        ] GC(6) Survivor regions: 0->0(1)
[2026-05-12T22:04:14.417+0100][0.331s][info][gc,heap        ] GC(6) Old regions: 11->11
[2026-05-12T22:04:14.417+0100][0.331s][info][gc,heap        ] GC(6) Archive regions: 2->2
[2026-05-12T22:04:14.417+0100][0.331s][info][gc,heap        ] GC(6) Humongous regions: 0->0
[2026-05-12T22:04:14.417+0100][0.331s][info][gc,metaspace   ] GC(6) Metaspace: 2058K(2176K)->2058K(2176K) NonClass: 1851K(1920K)->1851K(1920K) Class: 207K(256K)->207K(256K)
[2026-05-12T22:04:14.417+0100][0.331s][info][gc             ] GC(6) Pause Full (System.gc()) 46M->42M(176M) 7.425ms
[2026-05-12T22:04:14.417+0100][0.331s][info][gc,cpu         ] GC(6) User=0.03s Sys=0.00s Real=0.00s
[2026-05-12T22:04:14.481+0100][0.395s][info][gc,start       ] GC(7) Pause Full (System.gc())
[2026-05-12T22:04:14.481+0100][0.396s][info][gc,task        ] GC(7) Using 4 workers of 10 for full compaction
[2026-05-12T22:04:14.481+0100][0.396s][info][gc,phases,start] GC(7) Phase 1: Mark live objects
[2026-05-12T22:04:14.486+0100][0.400s][info][gc,phases      ] GC(7) Phase 1: Mark live objects 4.551ms
[2026-05-12T22:04:14.486+0100][0.400s][info][gc,phases,start] GC(7) Phase 2: Prepare for compaction
[2026-05-12T22:04:14.487+0100][0.401s][info][gc,phases      ] GC(7) Phase 2: Prepare for compaction 0.693ms
[2026-05-12T22:04:14.487+0100][0.401s][info][gc,phases,start] GC(7) Phase 3: Adjust pointers
[2026-05-12T22:04:14.489+0100][0.403s][info][gc,phases      ] GC(7) Phase 3: Adjust pointers 1.950ms
[2026-05-12T22:04:14.489+0100][0.403s][info][gc,phases,start] GC(7) Phase 4: Compact heap
[2026-05-12T22:04:14.489+0100][0.403s][info][gc,phases      ] GC(7) Phase 4: Compact heap 0.283ms
[2026-05-12T22:04:14.489+0100][0.403s][info][gc,heap        ] GC(7) Eden regions: 2->0(8)
[2026-05-12T22:04:14.489+0100][0.403s][info][gc,heap        ] GC(7) Survivor regions: 0->0(1)
[2026-05-12T22:04:14.489+0100][0.403s][info][gc,heap        ] GC(7) Old regions: 11->11
[2026-05-12T22:04:14.489+0100][0.403s][info][gc,heap        ] GC(7) Archive regions: 2->2
[2026-05-12T22:04:14.489+0100][0.403s][info][gc,heap        ] GC(7) Humongous regions: 0->0
[2026-05-12T22:04:14.489+0100][0.403s][info][gc,metaspace   ] GC(7) Metaspace: 2058K(2176K)->2058K(2176K) NonClass: 1851K(1920K)->1851K(1920K) Class: 207K(256K)->207K(256K)
[2026-05-12T22:04:14.489+0100][0.403s][info][gc             ] GC(7) Pause Full (System.gc()) 46M->42M(176M) 7.809ms
[2026-05-12T22:04:14.489+0100][0.403s][info][gc,cpu         ] GC(7) User=0.03s Sys=0.00s Real=0.00s
[2026-05-12T22:04:14.561+0100][0.475s][info][gc,start       ] GC(8) Pause Full (System.gc())
[2026-05-12T22:04:14.561+0100][0.475s][info][gc,task        ] GC(8) Using 4 workers of 10 for full compaction
[2026-05-12T22:04:14.561+0100][0.475s][info][gc,phases,start] GC(8) Phase 1: Mark live objects
[2026-05-12T22:04:14.565+0100][0.479s][info][gc,phases      ] GC(8) Phase 1: Mark live objects 4.627ms
[2026-05-12T22:04:14.565+0100][0.479s][info][gc,phases,start] GC(8) Phase 2: Prepare for compaction
[2026-05-12T22:04:14.566+0100][0.480s][info][gc,phases      ] GC(8) Phase 2: Prepare for compaction 0.802ms
[2026-05-12T22:04:14.566+0100][0.480s][info][gc,phases,start] GC(8) Phase 3: Adjust pointers
[2026-05-12T22:04:14.568+0100][0.483s][info][gc,phases      ] GC(8) Phase 3: Adjust pointers 2.334ms
[2026-05-12T22:04:14.568+0100][0.483s][info][gc,phases,start] GC(8) Phase 4: Compact heap
[2026-05-12T22:04:14.569+0100][0.483s][info][gc,phases      ] GC(8) Phase 4: Compact heap 0.366ms
[2026-05-12T22:04:14.569+0100][0.483s][info][gc,heap        ] GC(8) Eden regions: 2->0(8)
[2026-05-12T22:04:14.569+0100][0.483s][info][gc,heap        ] GC(8) Survivor regions: 0->0(1)
[2026-05-12T22:04:14.569+0100][0.483s][info][gc,heap        ] GC(8) Old regions: 11->11
[2026-05-12T22:04:14.569+0100][0.483s][info][gc,heap        ] GC(8) Archive regions: 2->2
[2026-05-12T22:04:14.569+0100][0.483s][info][gc,heap        ] GC(8) Humongous regions: 0->0
[2026-05-12T22:04:14.569+0100][0.483s][info][gc,metaspace   ] GC(8) Metaspace: 2058K(2176K)->2058K(2176K) NonClass: 1851K(1920K)->1851K(1920K) Class: 207K(256K)->207K(256K)
[2026-05-12T22:04:14.569+0100][0.483s][info][gc             ] GC(8) Pause Full (System.gc()) 46M->42M(176M) 8.523ms
[2026-05-12T22:04:14.569+0100][0.483s][info][gc,cpu         ] GC(8) User=0.03s Sys=0.00s Real=0.00s
[2026-05-12T22:04:14.628+0100][0.543s][info][gc,start       ] GC(9) Pause Full (System.gc())
[2026-05-12T22:04:14.629+0100][0.543s][info][gc,task        ] GC(9) Using 4 workers of 10 for full compaction
[2026-05-12T22:04:14.629+0100][0.543s][info][gc,phases,start] GC(9) Phase 1: Mark live objects
[2026-05-12T22:04:14.633+0100][0.547s][info][gc,phases      ] GC(9) Phase 1: Mark live objects 4.477ms
[2026-05-12T22:04:14.633+0100][0.547s][info][gc,phases,start] GC(9) Phase 2: Prepare for compaction
[2026-05-12T22:04:14.634+0100][0.548s][info][gc,phases      ] GC(9) Phase 2: Prepare for compaction 0.472ms
[2026-05-12T22:04:14.634+0100][0.548s][info][gc,phases,start] GC(9) Phase 3: Adjust pointers
[2026-05-12T22:04:14.635+0100][0.550s][info][gc,phases      ] GC(9) Phase 3: Adjust pointers 1.810ms
[2026-05-12T22:04:14.635+0100][0.550s][info][gc,phases,start] GC(9) Phase 4: Compact heap
[2026-05-12T22:04:14.636+0100][0.550s][info][gc,phases      ] GC(9) Phase 4: Compact heap 0.288ms
[2026-05-12T22:04:14.636+0100][0.550s][info][gc,heap        ] GC(9) Eden regions: 2->0(8)
[2026-05-12T22:04:14.636+0100][0.550s][info][gc,heap        ] GC(9) Survivor regions: 0->0(1)
[2026-05-12T22:04:14.636+0100][0.550s][info][gc,heap        ] GC(9) Old regions: 11->11
[2026-05-12T22:04:14.636+0100][0.550s][info][gc,heap        ] GC(9) Archive regions: 2->2
[2026-05-12T22:04:14.636+0100][0.550s][info][gc,heap        ] GC(9) Humongous regions: 0->0
[2026-05-12T22:04:14.636+0100][0.550s][info][gc,metaspace   ] GC(9) Metaspace: 2058K(2176K)->2058K(2176K) NonClass: 1851K(1920K)->1851K(1920K) Class: 207K(256K)->207K(256K)
[2026-05-12T22:04:14.636+0100][0.550s][info][gc             ] GC(9) Pause Full (System.gc()) 46M->42M(176M) 7.396ms
[2026-05-12T22:04:14.636+0100][0.550s][info][gc,cpu         ] GC(9) User=0.03s Sys=0.00s Real=0.01s
[2026-05-12T22:04:14.702+0100][0.617s][info][gc,heap,exit   ] Heap
[2026-05-12T22:04:14.702+0100][0.617s][info][gc,heap,exit   ]  garbage-first heap   total 180224K, used 48546K [0x0000000680000000, 0x0000000800000000)
[2026-05-12T22:04:14.702+0100][0.617s][info][gc,heap,exit   ]   region size 4096K, 2 young (8192K), 0 survivors (0K)
[2026-05-12T22:04:14.702+0100][0.617s][info][gc,heap,exit   ]  Metaspace       used 2120K, committed 2304K, reserved 1114112K
[2026-05-12T22:04:14.702+0100][0.617s][info][gc,heap,exit   ]   class space    used 213K, committed 320K, reserved 1048576K
