[2026-05-12T21:55:09.142+0100][0.005s][info][gc] Using G1
[2026-05-12T21:55:09.143+0100][0.005s][info][gc,init] Version: 17.0.16+8-LTS (release)
[2026-05-12T21:55:09.143+0100][0.005s][info][gc,init] CPUs: 12 total, 12 available
[2026-05-12T21:55:09.143+0100][0.005s][info][gc,init] Memory: 24576M
[2026-05-12T21:55:09.143+0100][0.005s][info][gc,init] Large Page Support: Disabled
[2026-05-12T21:55:09.143+0100][0.005s][info][gc,init] NUMA Support: Disabled
[2026-05-12T21:55:09.143+0100][0.005s][info][gc,init] Compressed Oops: Enabled (Zero based)
[2026-05-12T21:55:09.143+0100][0.005s][info][gc,init] Heap Region Size: 4M
[2026-05-12T21:55:09.143+0100][0.005s][info][gc,init] Heap Min Capacity: 8M
[2026-05-12T21:55:09.143+0100][0.005s][info][gc,init] Heap Initial Capacity: 384M
[2026-05-12T21:55:09.143+0100][0.005s][info][gc,init] Heap Max Capacity: 6G
[2026-05-12T21:55:09.143+0100][0.005s][info][gc,init] Pre-touch: Disabled
[2026-05-12T21:55:09.143+0100][0.005s][info][gc,init] Parallel Workers: 10
[2026-05-12T21:55:09.143+0100][0.005s][info][gc,init] Concurrent Workers: 3
[2026-05-12T21:55:09.143+0100][0.005s][info][gc,init] Concurrent Refinement Workers: 10
[2026-05-12T21:55:09.143+0100][0.005s][info][gc,init] Periodic GC: Disabled
[2026-05-12T21:55:09.146+0100][0.008s][info][gc,metaspace] CDS archive(s) mapped at: [0x0000007000000000-0x0000007000bc0000-0x0000007000bc0000), size 12320768, SharedBaseAddress: 0x0000007000000000, ArchiveRelocationMode: 1.
[2026-05-12T21:55:09.146+0100][0.008s][info][gc,metaspace] Compressed class space mapped at: 0x0000007001000000-0x0000007041000000, reserved size: 1073741824
[2026-05-12T21:55:09.146+0100][0.008s][info][gc,metaspace] Narrow klass base: 0x0000007000000000, Narrow klass shift: 0, Narrow klass range: 0x100000000
[2026-05-12T21:55:09.197+0100][0.059s][info][gc,start    ] GC(0) Pause Young (Normal) (G1 Evacuation Pause)
[2026-05-12T21:55:09.197+0100][0.059s][info][gc,task     ] GC(0) Using 9 workers of 10 for evacuation
[2026-05-12T21:55:09.199+0100][0.062s][info][gc,phases   ] GC(0)   Pre Evacuate Collection Set: 0.0ms
[2026-05-12T21:55:09.199+0100][0.062s][info][gc,phases   ] GC(0)   Merge Heap Roots: 0.0ms
[2026-05-12T21:55:09.199+0100][0.062s][info][gc,phases   ] GC(0)   Evacuate Collection Set: 2.3ms
[2026-05-12T21:55:09.199+0100][0.062s][info][gc,phases   ] GC(0)   Post Evacuate Collection Set: 0.1ms
[2026-05-12T21:55:09.199+0100][0.062s][info][gc,phases   ] GC(0)   Other: 0.3ms
[2026-05-12T21:55:09.199+0100][0.062s][info][gc,heap     ] GC(0) Eden regions: 5->0(3)
[2026-05-12T21:55:09.199+0100][0.062s][info][gc,heap     ] GC(0) Survivor regions: 0->1(1)
[2026-05-12T21:55:09.199+0100][0.062s][info][gc,heap     ] GC(0) Old regions: 0->3
[2026-05-12T21:55:09.199+0100][0.062s][info][gc,heap     ] GC(0) Archive regions: 2->2
[2026-05-12T21:55:09.199+0100][0.062s][info][gc,heap     ] GC(0) Humongous regions: 0->0
[2026-05-12T21:55:09.199+0100][0.062s][info][gc,metaspace] GC(0) Metaspace: 1774K(1984K)->1774K(1984K) NonClass: 1607K(1728K)->1607K(1728K) Class: 167K(256K)->167K(256K)
[2026-05-12T21:55:09.199+0100][0.062s][info][gc          ] GC(0) Pause Young (Normal) (G1 Evacuation Pause) 23M->16M(392M) 2.802ms
[2026-05-12T21:55:09.199+0100][0.062s][info][gc,cpu      ] GC(0) User=0.01s Sys=0.01s Real=0.00s
[2026-05-12T21:55:09.201+0100][0.063s][info][gc,start    ] GC(1) Pause Young (Normal) (G1 Evacuation Pause)
[2026-05-12T21:55:09.201+0100][0.063s][info][gc,task     ] GC(1) Using 9 workers of 10 for evacuation
[2026-05-12T21:55:09.202+0100][0.065s][info][gc,phases   ] GC(1)   Pre Evacuate Collection Set: 0.0ms
[2026-05-12T21:55:09.202+0100][0.065s][info][gc,phases   ] GC(1)   Merge Heap Roots: 0.0ms
[2026-05-12T21:55:09.202+0100][0.065s][info][gc,phases   ] GC(1)   Evacuate Collection Set: 1.0ms
[2026-05-12T21:55:09.202+0100][0.065s][info][gc,phases   ] GC(1)   Post Evacuate Collection Set: 0.1ms
[2026-05-12T21:55:09.202+0100][0.065s][info][gc,phases   ] GC(1)   Other: 0.1ms
[2026-05-12T21:55:09.202+0100][0.065s][info][gc,heap     ] GC(1) Eden regions: 3->0(5)
[2026-05-12T21:55:09.202+0100][0.065s][info][gc,heap     ] GC(1) Survivor regions: 1->1(1)
[2026-05-12T21:55:09.202+0100][0.065s][info][gc,heap     ] GC(1) Old regions: 3->4
[2026-05-12T21:55:09.202+0100][0.065s][info][gc,heap     ] GC(1) Archive regions: 2->2
[2026-05-12T21:55:09.202+0100][0.065s][info][gc,heap     ] GC(1) Humongous regions: 0->0
[2026-05-12T21:55:09.202+0100][0.065s][info][gc,metaspace] GC(1) Metaspace: 1775K(1984K)->1775K(1984K) NonClass: 1607K(1728K)->1607K(1728K) Class: 167K(256K)->167K(256K)
[2026-05-12T21:55:09.202+0100][0.065s][info][gc          ] GC(1) Pause Young (Normal) (G1 Evacuation Pause) 28M->23M(392M) 1.290ms
[2026-05-12T21:55:09.202+0100][0.065s][info][gc,cpu      ] GC(1) User=0.01s Sys=0.00s Real=0.00s
[2026-05-12T21:55:09.205+0100][0.067s][info][gc,start    ] GC(2) Pause Young (Normal) (G1 Evacuation Pause)
[2026-05-12T21:55:09.205+0100][0.068s][info][gc,task     ] GC(2) Using 9 workers of 10 for evacuation
[2026-05-12T21:55:09.207+0100][0.070s][info][gc,phases   ] GC(2)   Pre Evacuate Collection Set: 0.0ms
[2026-05-12T21:55:09.207+0100][0.070s][info][gc,phases   ] GC(2)   Merge Heap Roots: 0.0ms
[2026-05-12T21:55:09.207+0100][0.070s][info][gc,phases   ] GC(2)   Evacuate Collection Set: 2.0ms
[2026-05-12T21:55:09.207+0100][0.070s][info][gc,phases   ] GC(2)   Post Evacuate Collection Set: 0.1ms
[2026-05-12T21:55:09.207+0100][0.070s][info][gc,phases   ] GC(2)   Other: 0.0ms
[2026-05-12T21:55:09.207+0100][0.070s][info][gc,heap     ] GC(2) Eden regions: 5->0(8)
[2026-05-12T21:55:09.207+0100][0.070s][info][gc,heap     ] GC(2) Survivor regions: 1->1(1)
[2026-05-12T21:55:09.207+0100][0.070s][info][gc,heap     ] GC(2) Old regions: 4->7
[2026-05-12T21:55:09.207+0100][0.070s][info][gc,heap     ] GC(2) Archive regions: 2->2
[2026-05-12T21:55:09.207+0100][0.070s][info][gc,heap     ] GC(2) Humongous regions: 0->0
[2026-05-12T21:55:09.207+0100][0.070s][info][gc,metaspace] GC(2) Metaspace: 1775K(1984K)->1775K(1984K) NonClass: 1607K(1728K)->1607K(1728K) Class: 167K(256K)->167K(256K)
[2026-05-12T21:55:09.207+0100][0.070s][info][gc          ] GC(2) Pause Young (Normal) (G1 Evacuation Pause) 43M->35M(392M) 2.216ms
[2026-05-12T21:55:09.207+0100][0.070s][info][gc,cpu      ] GC(2) User=0.01s Sys=0.00s Real=0.00s
[2026-05-12T21:55:09.216+0100][0.078s][info][gc,start    ] GC(3) Pause Full (System.gc())
[2026-05-12T21:55:09.216+0100][0.078s][info][gc,task     ] GC(3) Using 8 workers of 10 for full compaction
[2026-05-12T21:55:09.216+0100][0.078s][info][gc,phases,start] GC(3) Phase 1: Mark live objects
[2026-05-12T21:55:09.218+0100][0.080s][info][gc,phases      ] GC(3) Phase 1: Mark live objects 1.893ms
[2026-05-12T21:55:09.218+0100][0.080s][info][gc,phases,start] GC(3) Phase 2: Prepare for compaction
[2026-05-12T21:55:09.219+0100][0.081s][info][gc,phases      ] GC(3) Phase 2: Prepare for compaction 1.105ms
[2026-05-12T21:55:09.219+0100][0.081s][info][gc,phases,start] GC(3) Phase 3: Adjust pointers
[2026-05-12T21:55:09.220+0100][0.082s][info][gc,phases      ] GC(3) Phase 3: Adjust pointers 1.060ms
[2026-05-12T21:55:09.220+0100][0.082s][info][gc,phases,start] GC(3) Phase 4: Compact heap
[2026-05-12T21:55:09.221+0100][0.083s][info][gc,phases      ] GC(3) Phase 4: Compact heap 0.831ms
[2026-05-12T21:55:09.222+0100][0.084s][info][gc,heap        ] GC(3) Eden regions: 4->0(9)
[2026-05-12T21:55:09.222+0100][0.084s][info][gc,heap        ] GC(3) Survivor regions: 1->0(1)
[2026-05-12T21:55:09.222+0100][0.084s][info][gc,heap        ] GC(3) Old regions: 7->12
[2026-05-12T21:55:09.222+0100][0.084s][info][gc,heap        ] GC(3) Archive regions: 2->2
[2026-05-12T21:55:09.222+0100][0.084s][info][gc,heap        ] GC(3) Humongous regions: 0->0
[2026-05-12T21:55:09.222+0100][0.084s][info][gc,metaspace   ] GC(3) Metaspace: 2053K(2176K)->2053K(2176K) NonClass: 1845K(1920K)->1845K(1920K) Class: 207K(256K)->207K(256K)
[2026-05-12T21:55:09.222+0100][0.084s][info][gc             ] GC(3) Pause Full (System.gc()) 50M->41M(188M) 5.752ms
[2026-05-12T21:55:09.222+0100][0.084s][info][gc,cpu         ] GC(3) User=0.03s Sys=0.00s Real=0.01s
[2026-05-12T21:55:09.295+0100][0.158s][info][gc,start       ] GC(4) Pause Full (System.gc())
[2026-05-12T21:55:09.295+0100][0.158s][info][gc,task        ] GC(4) Using 4 workers of 10 for full compaction
[2026-05-12T21:55:09.296+0100][0.158s][info][gc,phases,start] GC(4) Phase 1: Mark live objects
[2026-05-12T21:55:09.299+0100][0.161s][info][gc,phases      ] GC(4) Phase 1: Mark live objects 3.371ms
[2026-05-12T21:55:09.299+0100][0.161s][info][gc,phases,start] GC(4) Phase 2: Prepare for compaction
[2026-05-12T21:55:09.300+0100][0.162s][info][gc,phases      ] GC(4) Phase 2: Prepare for compaction 0.638ms
[2026-05-12T21:55:09.300+0100][0.162s][info][gc,phases,start] GC(4) Phase 3: Adjust pointers
[2026-05-12T21:55:09.301+0100][0.163s][info][gc,phases      ] GC(4) Phase 3: Adjust pointers 1.482ms
[2026-05-12T21:55:09.301+0100][0.163s][info][gc,phases,start] GC(4) Phase 4: Compact heap
[2026-05-12T21:55:09.302+0100][0.164s][info][gc,phases      ] GC(4) Phase 4: Compact heap 0.545ms
[2026-05-12T21:55:09.302+0100][0.164s][info][gc,heap        ] GC(4) Eden regions: 2->0(9)
[2026-05-12T21:55:09.302+0100][0.164s][info][gc,heap        ] GC(4) Survivor regions: 0->0(1)
[2026-05-12T21:55:09.302+0100][0.164s][info][gc,heap        ] GC(4) Old regions: 12->12
[2026-05-12T21:55:09.302+0100][0.164s][info][gc,heap        ] GC(4) Archive regions: 2->2
[2026-05-12T21:55:09.302+0100][0.164s][info][gc,heap        ] GC(4) Humongous regions: 0->0
[2026-05-12T21:55:09.302+0100][0.164s][info][gc,metaspace   ] GC(4) Metaspace: 2055K(2176K)->2055K(2176K) NonClass: 1848K(1920K)->1848K(1920K) Class: 207K(256K)->207K(256K)
[2026-05-12T21:55:09.302+0100][0.164s][info][gc             ] GC(4) Pause Full (System.gc()) 46M->41M(188M) 6.502ms
[2026-05-12T21:55:09.302+0100][0.164s][info][gc,cpu         ] GC(4) User=0.02s Sys=0.00s Real=0.01s
[2026-05-12T21:55:09.372+0100][0.234s][info][gc,start       ] GC(5) Pause Full (System.gc())
[2026-05-12T21:55:09.372+0100][0.234s][info][gc,task        ] GC(5) Using 4 workers of 10 for full compaction
[2026-05-12T21:55:09.372+0100][0.234s][info][gc,phases,start] GC(5) Phase 1: Mark live objects
[2026-05-12T21:55:09.376+0100][0.238s][info][gc,phases      ] GC(5) Phase 1: Mark live objects 4.130ms
[2026-05-12T21:55:09.376+0100][0.238s][info][gc,phases,start] GC(5) Phase 2: Prepare for compaction
[2026-05-12T21:55:09.376+0100][0.239s][info][gc,phases      ] GC(5) Phase 2: Prepare for compaction 0.280ms
[2026-05-12T21:55:09.376+0100][0.239s][info][gc,phases,start] GC(5) Phase 3: Adjust pointers
[2026-05-12T21:55:09.378+0100][0.240s][info][gc,phases      ] GC(5) Phase 3: Adjust pointers 1.540ms
[2026-05-12T21:55:09.378+0100][0.240s][info][gc,phases,start] GC(5) Phase 4: Compact heap
[2026-05-12T21:55:09.378+0100][0.240s][info][gc,phases      ] GC(5) Phase 4: Compact heap 0.167ms
[2026-05-12T21:55:09.378+0100][0.241s][info][gc,heap        ] GC(5) Eden regions: 2->0(9)
[2026-05-12T21:55:09.378+0100][0.241s][info][gc,heap        ] GC(5) Survivor regions: 0->0(1)
[2026-05-12T21:55:09.378+0100][0.241s][info][gc,heap        ] GC(5) Old regions: 12->12
[2026-05-12T21:55:09.378+0100][0.241s][info][gc,heap        ] GC(5) Archive regions: 2->2
[2026-05-12T21:55:09.378+0100][0.241s][info][gc,heap        ] GC(5) Humongous regions: 0->0
[2026-05-12T21:55:09.378+0100][0.241s][info][gc,metaspace   ] GC(5) Metaspace: 2055K(2176K)->2055K(2176K) NonClass: 1848K(1920K)->1848K(1920K) Class: 207K(256K)->207K(256K)
[2026-05-12T21:55:09.378+0100][0.241s][info][gc             ] GC(5) Pause Full (System.gc()) 46M->41M(188M) 6.495ms
[2026-05-12T21:55:09.378+0100][0.241s][info][gc,cpu         ] GC(5) User=0.02s Sys=0.00s Real=0.00s
[2026-05-12T21:55:09.441+0100][0.304s][info][gc,start       ] GC(6) Pause Full (System.gc())
[2026-05-12T21:55:09.442+0100][0.304s][info][gc,task        ] GC(6) Using 4 workers of 10 for full compaction
[2026-05-12T21:55:09.442+0100][0.304s][info][gc,phases,start] GC(6) Phase 1: Mark live objects
[2026-05-12T21:55:09.446+0100][0.308s][info][gc,phases      ] GC(6) Phase 1: Mark live objects 4.335ms
[2026-05-12T21:55:09.446+0100][0.308s][info][gc,phases,start] GC(6) Phase 2: Prepare for compaction
[2026-05-12T21:55:09.446+0100][0.309s][info][gc,phases      ] GC(6) Phase 2: Prepare for compaction 0.431ms
[2026-05-12T21:55:09.446+0100][0.309s][info][gc,phases,start] GC(6) Phase 3: Adjust pointers
[2026-05-12T21:55:09.448+0100][0.310s][info][gc,phases      ] GC(6) Phase 3: Adjust pointers 1.749ms
[2026-05-12T21:55:09.448+0100][0.310s][info][gc,phases,start] GC(6) Phase 4: Compact heap
[2026-05-12T21:55:09.448+0100][0.311s][info][gc,phases      ] GC(6) Phase 4: Compact heap 0.183ms
[2026-05-12T21:55:09.448+0100][0.311s][info][gc,heap        ] GC(6) Eden regions: 2->0(9)
[2026-05-12T21:55:09.448+0100][0.311s][info][gc,heap        ] GC(6) Survivor regions: 0->0(1)
[2026-05-12T21:55:09.448+0100][0.311s][info][gc,heap        ] GC(6) Old regions: 12->12
[2026-05-12T21:55:09.448+0100][0.311s][info][gc,heap        ] GC(6) Archive regions: 2->2
[2026-05-12T21:55:09.448+0100][0.311s][info][gc,heap        ] GC(6) Humongous regions: 0->0
[2026-05-12T21:55:09.448+0100][0.311s][info][gc,metaspace   ] GC(6) Metaspace: 2055K(2176K)->2055K(2176K) NonClass: 1848K(1920K)->1848K(1920K) Class: 207K(256K)->207K(256K)
[2026-05-12T21:55:09.448+0100][0.311s][info][gc             ] GC(6) Pause Full (System.gc()) 46M->41M(188M) 7.011ms
[2026-05-12T21:55:09.449+0100][0.311s][info][gc,cpu         ] GC(6) User=0.03s Sys=0.00s Real=0.00s
[2026-05-12T21:55:09.512+0100][0.374s][info][gc,start       ] GC(7) Pause Full (System.gc())
[2026-05-12T21:55:09.512+0100][0.374s][info][gc,task        ] GC(7) Using 4 workers of 10 for full compaction
[2026-05-12T21:55:09.512+0100][0.374s][info][gc,phases,start] GC(7) Phase 1: Mark live objects
[2026-05-12T21:55:09.516+0100][0.379s][info][gc,phases      ] GC(7) Phase 1: Mark live objects 4.548ms
[2026-05-12T21:55:09.516+0100][0.379s][info][gc,phases,start] GC(7) Phase 2: Prepare for compaction
[2026-05-12T21:55:09.517+0100][0.379s][info][gc,phases      ] GC(7) Phase 2: Prepare for compaction 0.354ms
[2026-05-12T21:55:09.517+0100][0.379s][info][gc,phases,start] GC(7) Phase 3: Adjust pointers
[2026-05-12T21:55:09.518+0100][0.381s][info][gc,phases      ] GC(7) Phase 3: Adjust pointers 1.831ms
[2026-05-12T21:55:09.518+0100][0.381s][info][gc,phases,start] GC(7) Phase 4: Compact heap
[2026-05-12T21:55:09.519+0100][0.381s][info][gc,phases      ] GC(7) Phase 4: Compact heap 0.191ms
[2026-05-12T21:55:09.519+0100][0.381s][info][gc,heap        ] GC(7) Eden regions: 2->0(9)
[2026-05-12T21:55:09.519+0100][0.381s][info][gc,heap        ] GC(7) Survivor regions: 0->0(1)
[2026-05-12T21:55:09.519+0100][0.381s][info][gc,heap        ] GC(7) Old regions: 12->12
[2026-05-12T21:55:09.519+0100][0.381s][info][gc,heap        ] GC(7) Archive regions: 2->2
[2026-05-12T21:55:09.519+0100][0.381s][info][gc,heap        ] GC(7) Humongous regions: 0->0
[2026-05-12T21:55:09.519+0100][0.381s][info][gc,metaspace   ] GC(7) Metaspace: 2055K(2176K)->2055K(2176K) NonClass: 1848K(1920K)->1848K(1920K) Class: 207K(256K)->207K(256K)
[2026-05-12T21:55:09.519+0100][0.381s][info][gc             ] GC(7) Pause Full (System.gc()) 46M->41M(188M) 7.215ms
[2026-05-12T21:55:09.519+0100][0.381s][info][gc,cpu         ] GC(7) User=0.02s Sys=0.00s Real=0.00s
[2026-05-12T21:55:09.576+0100][0.438s][info][gc,start       ] GC(8) Pause Full (System.gc())
[2026-05-12T21:55:09.576+0100][0.438s][info][gc,task        ] GC(8) Using 4 workers of 10 for full compaction
[2026-05-12T21:55:09.576+0100][0.438s][info][gc,phases,start] GC(8) Phase 1: Mark live objects
[2026-05-12T21:55:09.579+0100][0.441s][info][gc,phases      ] GC(8) Phase 1: Mark live objects 3.382ms
[2026-05-12T21:55:09.579+0100][0.441s][info][gc,phases,start] GC(8) Phase 2: Prepare for compaction
[2026-05-12T21:55:09.579+0100][0.442s][info][gc,phases      ] GC(8) Phase 2: Prepare for compaction 0.225ms
[2026-05-12T21:55:09.579+0100][0.442s][info][gc,phases,start] GC(8) Phase 3: Adjust pointers
[2026-05-12T21:55:09.581+0100][0.443s][info][gc,phases      ] GC(8) Phase 3: Adjust pointers 1.389ms
[2026-05-12T21:55:09.581+0100][0.443s][info][gc,phases,start] GC(8) Phase 4: Compact heap
[2026-05-12T21:55:09.581+0100][0.443s][info][gc,phases      ] GC(8) Phase 4: Compact heap 0.173ms
[2026-05-12T21:55:09.581+0100][0.443s][info][gc,heap        ] GC(8) Eden regions: 2->0(9)
[2026-05-12T21:55:09.581+0100][0.443s][info][gc,heap        ] GC(8) Survivor regions: 0->0(1)
[2026-05-12T21:55:09.581+0100][0.443s][info][gc,heap        ] GC(8) Old regions: 12->12
[2026-05-12T21:55:09.581+0100][0.443s][info][gc,heap        ] GC(8) Archive regions: 2->2
[2026-05-12T21:55:09.581+0100][0.443s][info][gc,heap        ] GC(8) Humongous regions: 0->0
[2026-05-12T21:55:09.581+0100][0.443s][info][gc,metaspace   ] GC(8) Metaspace: 2055K(2176K)->2055K(2176K) NonClass: 1848K(1920K)->1848K(1920K) Class: 207K(256K)->207K(256K)
[2026-05-12T21:55:09.581+0100][0.443s][info][gc             ] GC(8) Pause Full (System.gc()) 46M->41M(188M) 5.432ms
[2026-05-12T21:55:09.581+0100][0.443s][info][gc,cpu         ] GC(8) User=0.02s Sys=0.01s Real=0.01s
[2026-05-12T21:55:09.643+0100][0.506s][info][gc,start       ] GC(9) Pause Full (System.gc())
[2026-05-12T21:55:09.643+0100][0.506s][info][gc,task        ] GC(9) Using 4 workers of 10 for full compaction
[2026-05-12T21:55:09.643+0100][0.506s][info][gc,phases,start] GC(9) Phase 1: Mark live objects
[2026-05-12T21:55:09.647+0100][0.509s][info][gc,phases      ] GC(9) Phase 1: Mark live objects 3.677ms
[2026-05-12T21:55:09.647+0100][0.509s][info][gc,phases,start] GC(9) Phase 2: Prepare for compaction
[2026-05-12T21:55:09.647+0100][0.510s][info][gc,phases      ] GC(9) Phase 2: Prepare for compaction 0.242ms
[2026-05-12T21:55:09.647+0100][0.510s][info][gc,phases,start] GC(9) Phase 3: Adjust pointers
[2026-05-12T21:55:09.649+0100][0.511s][info][gc,phases      ] GC(9) Phase 3: Adjust pointers 1.577ms
[2026-05-12T21:55:09.649+0100][0.511s][info][gc,phases,start] GC(9) Phase 4: Compact heap
[2026-05-12T21:55:09.649+0100][0.512s][info][gc,phases      ] GC(9) Phase 4: Compact heap 0.215ms
[2026-05-12T21:55:09.649+0100][0.512s][info][gc,heap        ] GC(9) Eden regions: 2->0(9)
[2026-05-12T21:55:09.649+0100][0.512s][info][gc,heap        ] GC(9) Survivor regions: 0->0(1)
[2026-05-12T21:55:09.649+0100][0.512s][info][gc,heap        ] GC(9) Old regions: 12->12
[2026-05-12T21:55:09.649+0100][0.512s][info][gc,heap        ] GC(9) Archive regions: 2->2
[2026-05-12T21:55:09.649+0100][0.512s][info][gc,heap        ] GC(9) Humongous regions: 0->0
[2026-05-12T21:55:09.649+0100][0.512s][info][gc,metaspace   ] GC(9) Metaspace: 2055K(2176K)->2055K(2176K) NonClass: 1848K(1920K)->1848K(1920K) Class: 207K(256K)->207K(256K)
[2026-05-12T21:55:09.649+0100][0.512s][info][gc             ] GC(9) Pause Full (System.gc()) 46M->41M(188M) 5.983ms
[2026-05-12T21:55:09.649+0100][0.512s][info][gc,cpu         ] GC(9) User=0.02s Sys=0.00s Real=0.00s
[2026-05-12T21:55:09.715+0100][0.578s][info][gc,heap,exit   ] Heap
[2026-05-12T21:55:09.715+0100][0.578s][info][gc,heap,exit   ]  garbage-first heap   total 192512K, used 48570K [0x0000000300800000, 0x0000000480800000)
[2026-05-12T21:55:09.715+0100][0.578s][info][gc,heap,exit   ]   region size 4096K, 2 young (8192K), 0 survivors (0K)
[2026-05-12T21:55:09.715+0100][0.578s][info][gc,heap,exit   ]  Metaspace       used 2118K, committed 2304K, reserved 1114112K
[2026-05-12T21:55:09.715+0100][0.578s][info][gc,heap,exit   ]   class space    used 213K, committed 320K, reserved 1048576K
